                ###### ##                                              
                #.##.##.#                                              
                #.......#                                              
  ###############.##..#.####                                           
  #.........................                                           
  #.################.##.###                  .#                        
  #....#........####..#                 #.   ..                        
  #....#.......o......#              .. #.   .#   ..                   
###....#........########             ... .###.####..                   
#......#........>.......             ....#..........                   
#......###.........####   ##         #.#.#..........                   
#.............)......#   ...       #.#......l.......                   
#......###...........#  ....       ..###...........#                   
#......# #.......#...###....        ................                   
##.....###.#.....##.........      .. #..............                   
 #.........#.....##......###  #   ...#..............                   
 ##.#..........#.##......#.. ..   ...#..............                   
  #............#...............   ..................                   
  #.........o............#.....   .....###.#######.#                   
  #...#####  ##o.....#####.....#.............#    .#                   
  #...##     ..............................#.#                         
  #....#     ................................#                         
  #....#     ..............####...#####...#..#                         
 ##....#     ?................#...#######.#..#                         
 #.....#     ..#<...................<####....#                         
 #...###     ..##........................#.#.#                         
 #...#         ..........##................#.#                         
 #...#         ##......#.##...####.......###.####                      
 #...#          #....###.#.....# #...............                      
 #...#                 #.#.....# #...#...........                      
 #...#                 #.#.....###...#...........                      
 #...#  .......        #.........)...#..............                   
##...###.......     #.###......###)..##.######..##.###                 
#.....##.......#... #..........)............... .....#                 
#.....##.......#...#######........#....#.#......##.#.###.###           
#..............#.......# ##....)..#..#.#.................g..           
#..........)...........#  #.......#..#.###......##.#g#                 
###.(.....##.....##....####......##......#.##.#....#.#    ###          
  #..............##....#...).........#.#.#...........#    ..# #.#      
###......8.8.8...##....#.#####......##.#.##....#.....######.# #.#      
#.........⌠.⌠....##.......####......#....##....#......)...#.# #.#      
#........8.>.8...##.................#.)..##....#.......g#.#.###.#####  
#.........⌠.⌠....##.............##.................####...#.........#  
###_.....8.8.8...####...................................#g#...#.#.#.#  
  #.........o)o..####...........................##>####.#.g...#.#.#.###
  #...........oo.........................#####......  #.#....<#.#.#...#
  #........####............%..)..........#####....g.###.......%...#.###
  #........#  #...........#####.........................._......###.#  
  #####....#  #.).....#####   #.........######......##......##### #.#  
      #....#  #.......#       ####......#       ##.# #....###     #.#  
      #....#  #.......#          #......#          # #..#.# #######.#  
      #....#  #.......#          #......#          ###.##.# #.......#  
      ######  #.......#          ########          #......# #.#######  
              #########                            #.#.######.#        
                                                  .#.#........#        
                                                 #.........####        
                                                 ###.#####.#           
                                                   #.......#           
                                                   #########           
