                        ##########      
                        #.........      
                        #........       
                        #.....>..       
                        #_..#####       
                        #...#           
                  #######...###         
                  ............#         
                  ###.####..#.#         
                   ##.####..#.#####     
                   .......<..#..(.#     
                   ##.####.##.###.####.#
                         #.##.##.(.....#
                         #.##.##..######
                         #.##.##.)#     
                         #.##.##..#     
                         #.##.##..#     
                         ....)##..#     
                            .......     
                              ##..#     
                               ..).     
                               ...#     
                                        
                                        
                                        
                                        
                                        
                                        
         #.#  ...                       
         #.####..                       
         #.#..hh.                       
         #.#.##.#                       
         #.#.##h#                       
         #.#.##.#    .#                 
 #.#######.#.##h#####.#                 
 #..................#.#                 
##.####.........###.#.#                 
..............#####.#.#                 
##.######.##........#.#                 
        #.##.######.#.#                 
        #.##........).#                 
        #.#########.###########.#       
        #.#       #...5.........#       
                  #.#############       
                 ...#                   
                #####                   
