Xombaby

Level 1 of the Dungeon
(0, 0, D:1)
  a +0 robe
(-6, 2, D:1)
  19 arrows
(-4, 4, D:1)
  a +0 club
  a goblin corpse (skeletalised by now)
(-31, 9, D:1)
  a rat corpse (skeletalised by now)
(9, 9, D:1)
  9 arrows
(-13, 10, D:1)
  a +0 hunting sling
(-14, 12, D:1)
  a goblin corpse (skeletalised by now)
(10, 12, D:1)
  a +0 hand axe
(17, 12, D:1)
  a +0 hunting sling
(-11, 13, D:1)
  a +0 scale mail
(12, 14, D:1)
  a +0 robe
(18, 16, D:1)
  a +0 leather armour
(-22, 20, D:1)
  a rat corpse (skeletalised by now)
(-21, 20, D:1)
  a bat corpse (skeletalised by now)
(11, 22, D:1)
  a +0 club
(7, 23, D:1)
  a +0 club
(-24, 25, D:1)
  a +0 robe
(6, 29, D:1)
  21 sling bullets
(0, 31, D:1)
  a +0 club
(0, 32, D:1)
  a +0 short sword
(10, 33, D:1)
  a +0 dagger
(24, 36, D:1)
  a +0 short sword
(15, 37, D:1)
  a +0 club
(-2, 46, D:1)
  a +0 club

Level 2 of the Dungeon
(0, 0, D:2)
  2 potions of might
(-1, 2, D:2)
  a potion of might
(3, 6, D:2)
  a +0 club
(-16, 14, D:2)
  a rat corpse
(-10, 14, D:2)
  a rat corpse
(-7, 14, D:2)
  a +0 leather armour
(-18, 15, D:2)
  a +0 dagger (still there?)
  a +0 club (still there?)
(-17, 15, D:2)
  a stone
(-16, 15, D:2)
  a jackal corpse
(-6, 16, D:2)
  a +0 club
(-24, 18, D:2)
  23 stones
(-13, 24, D:2)
  2 gold pieces

