 ####        ####                                                    
##..##########.<##                                                   
#....#......'....#                                                   
#....#......#....#                                                   
##..##########..##                                                   
 #'##8...8...##'#                                          ########  
 #..#.P.P.P..#..#                                         ##......## 
 #..#....P.P.#..#                                        ##........##
 #..#...P.P..#..#                                    #####..........#
 #..#..P.P.P.#..#                                    #..##..........#
 #..#.P.P....#..#♣                ########         ###..##..(......†#
 #..#....P.......♣#####           #......#     #####.............†..#
 ##'#............♣#...#           #......#    ##....................#
##.Z#######......♣#...#           #......#    #..#####..###........##
#....#..........♣♣#...#           #......#    #.##   #..##.........##
#....'..........♣ #...#           #......##  ##.#    #.##...........#
##..#######....♣♣ #...#           #.......#  #..######..............#
 ####..........♣  #...#         ###.......####.##..).(..............#
    ♣..........♣  #...####    ###.....((..........####..##[.........#
    ♣♣.........♣  #......###  #..............#######.....#..........#
     ♣♣.....().####...##...####..##.....#..###    #..###.##.......[##
      ♣.......Z#......##.........##.....##...##  ##.## #.###...>..## 
      ♣♣.......#.######..#..............####..####..#  #.##########  
       ♣♣......#.........>.########.....#  ##.#.÷÷.##  #..#          
        ♣♣♣.#..#...........#      #.....#   #.(.####   ##.##         
          ###..#..Z.......##      ##.#..#####.###       #..#         
            #..#..........#   ######.#........#######   ##.#         
            #..Z.##.####)######.....Z...#####......>#    #.#         
            ###.###.#  #.##.^...####.##.#   #.....gg#    #)#         
             ##.....#  #.##.##### #..##.##  #.......#    #.#         
             #..#####  #.##.#     #.###..#  ####.####    #.#         
             #..#    ###....#     #.# ##.#   ##..#    ####.#         
             #..#   ##...####     #.#  #.#   #..##    #..Z.#         
             #..#  ##....#        #.#  #.#   #.##     #....##        
             #..#  #...###        #.#  #.#   #.#      #.....#        
             #..#  #..##         ##.#  #.#####.#   ####...#.#        
            ##..#  #..#          #..#  #.....Z.#  ##.Z....#.#        
            #...#  #..#          #.##  #.####### ##..##...#.#        
            #...####..#        ###.#   #.#  ######...##...#.#        
            #...#.....#####    #...#  ##.####.......###...#.#        
            ##.#..........######.######.>..)...###### #...#.#        
             ####.......Z......................####   #######        
        ##########....##########.#...#.##.####....####               
        #......#...#.##............#...##.#  ####....###             
        #............#..########.###.####.##### ####...###           
        #........####..##     ##.##...........#    ###...#########   
        #......####...##     ##..#..#.........#      ###.........#   
        #......###.)##########................#        ##........#   
        #########..................##.........#         #........#   
                ##############....#############         #........#   
                             #....#                     #........#   
                             #....#                     ##########   
                             #....#                                  
                             #....#                                  
                             ##..##                                  
                              ####                                   
