Iskenderun

Level 1 of the Dungeon
(44, 2, D:1)
  a +0 club
(29, 7, D:1)
  a +1 vampiric hand axe
(3, 8, D:1)
  a +0 club
(40, 11, D:1)
  a +0 whip
(18, 13, D:1)
  a +2 dagger of protection
(43, 13, D:1)
  a +3 dagger
(30, 14, D:1)
  a +0 dagger
(5, 15, D:1)
  a +0 dagger
(25, 19, D:1)
  a +0 whip
(13, 21, D:1)
  a +0 ring mail
(7, 23, D:1)
  a +0 chain mail
(5, 31, D:1)
  3 needles of frenzy
(42, 36, D:1)
  a stone
(22, 38, D:1)
  a +0 large shield
(-5, 47, D:1)
  14 arrows

Level 2 of the Dungeon
(-32, 6, D:2)
  a +0 dagger
(-28, 6, D:2)
  a +0 hammer
(-42, 8, D:2)
  15 stones
(0, 8, D:2)
  a +0 robe
(-2, 9, D:2)
  a +0 club
(-31, 11, D:2)
  a stone
(-33, 12, D:2)
  a +0 leather armour
(-10, 15, D:2)
  a +0 dagger
(7, 15, D:2)
  a +0 robe
(-18, 17, D:2)
  a +0 dagger
(-32, 22, D:2)
  a +0 club
(-16, 22, D:2)
  a +0 dagger
(-40, 32, D:2)
  a +0 club
(-11, 40, D:2)
  a +0 club
  2 stones
(-10, 40, D:2)
  a +0 club
(22, 46, D:2)
  a stone
(18, 48, D:2)
  a +0 whip
  4 stones
(-12, 53, D:2)
  a +0 club

Level 3 of the Dungeon
(0, 0, D:3)
  a +0 mace
(17, 9, D:3)
  a +0 club
(21, 9, D:3)
  20 stones
(24, 9, D:3)
  a +0 club
(-7, 10, D:3)
  a cursed +0 scale mail
(28, 10, D:3)
  a +0 spear
(-7, 14, D:3)
  a +0 blowgun
  a +0 short sword
  11 poisoned needles
(-8, 19, D:3)
  a poisoned needle
(38, 24, D:3)
  a -3 ring of dexterity
  a +0 cloak
(27, 35, D:3)
  a +0 club
  a cursed +0 scale mail
(12, 37, D:3)
  24 stones
(4, 39, D:3)
  a cursed -2 dagger

Level 4 of the Dungeon
(-24, 1, D:4)
  a +0 war axe
  a +0 ring mail
(-25, 3, D:4)
  a +0 dagger
  a +0 robe
(-5, 4, D:4)
  a +0 trident
(-6, 5, D:4)
  a +0 flail
  a +0 leather armour
(-31, 6, D:4)
  a +0 club
(-15, 9, D:4)
  a +0 leather armour
  a +0 club
(-28, 13, D:4)
  11 stones
(-17, 14, D:4)
  a +0 giant spiked club
(-8, 20, D:4)
  a +0 leather armour
(-3, 26, D:4)
  15 arrows
(-3, 32, D:4)
  a +0 chain mail
(-10, 36, D:4)
  a +0 short sword
(-27, 38, D:4)
  a +0 leather armour
  a +0 mace
(-38, 40, D:4)
  a +0 leather armour
(-8, 41, D:4)
  a cursed -2 whip
(-22, 42, D:4)
  a +0 whip
(-38, 43, D:4)
  23 stones
(-48, 45, D:4)
  a +0 leather armour
(-33, 45, D:4)
  a +1 cloak

Level 5 of the Dungeon
[Shop] Cuvoh's Jewellery Emporium
  an uncursed amulet of faith (560 gold)
  an uncursed ring of see invisible (210 gold)
  the ring "Thriadweg" {rF- Str+3 Int+3} (308 gold)
    [ring of intelligence]
    
    It affects your strength (+3).
    It affects your intelligence (+3).
    It makes you vulnerable to fire.
  an uncursed amulet of warding (210 gold)
  an uncursed ring of magical power (280 gold)
  an uncursed ring of protection from magic (350 gold)
  a cursed -2 ring of intelligence (28 gold)
  an uncursed amulet of the gourmand (420 gold)
  a +2 ring of strength (105 gold)
  a +1 ring of dexterity (30 gold)
  a +2 ring of dexterity (105 gold)
(26, 2, D:5)
  a +0 robe
(31, 2, D:5)
  18 stones
(19, 4, D:5)
  a +0 club
(9, 15, D:5)
  a +0 giant club
(1, 21, D:5)
  2 arrows
(37, 21, D:5)
  a +0 leather armour
(-7, 22, D:5)
  16 arrows of dispersal
(2, 22, D:5)
  an arrow
(2, 28, D:5)
  19 arrows
  a +0 shortbow
(-4, 30, D:5)
  a +0 robe
  a +0 scythe
(0, 32, D:5)
  a +0 ring mail
(27, 40, D:5)
  a +0 robe
  a +0 short sword

Level 6 of the Dungeon
[Shop] Thothru's Distillery
  a potion of poison (11 gold)
  a potion of flight (33 gold)
  a potion of agility (27 gold)
  a potion of might (27 gold)
  a potion of curing (22 gold)
  2 potions of might (55 gold)
  a potion of magic (60 gold)
  a potion of haste (77 gold)
  a potion of cure mutation (385 gold)
  a potion of flight (33 gold)
  2 potions of curing (44 gold)
(0, 0, D:6)
  a +0 robe
(4, 4, D:6)
  24 stones
  3 scrolls of noise
(-3, 22, D:6)
  a +0 shortbow
  3 arrows
(20, 24, D:6)
  a +0 giant spiked club
(-5, 26, D:6)
  3 arrows
(46, 27, D:6)
  a +0 ring mail
(-9, 33, D:6)
  a +3 hunting sling
  19 stones
(-14, 38, D:6)
  a +0 club
(-13, 39, D:6)
  a stone
(20, 47, D:6)
  a +0 robe
(19, 50, D:6)
  a +0 blowgun

Level 7 of the Dungeon
(0, 0, D:7)
  a +0 hand axe
(25, 1, D:7)
  a +0 morningstar
  a +0 leather armour
(3, 6, D:7)
  30 stones
(4, 12, D:7)
  a +0 dagger
  a +0 robe
(5, 12, D:7)
  a +0 club
  a +0 ring mail
(4, 13, D:7)
  a +0 club
  a +0 leather armour
(0, 17, D:7)
  22 stones
(28, 26, D:7)
  a +0 cutlass
(32, 26, D:7)
  2 poisoned needles
(2, 27, D:7)
  a +3 long sword
  a +0 robe
(3, 27, D:7)
  a cursed +0 great sword
  a cursed +0 robe
(28, 28, D:7)
  a +0 club
(3, 29, D:7)
  a cursed +0 mace
  a cursed +0 robe
(-1, 30, D:7)
  23 stones
(21, 30, D:7)
  17 stones
(23, 30, D:7)
  a +0 club
(36, 30, D:7)
  a +0 blowgun
  a +0 dagger
  16 poisoned needles
(3, 31, D:7)
  a +1 mace
  a +0 robe
(35, 34, D:7)
  17 bolts
(38, 39, D:7)
  a +0 quarterstaff
(5, 48, D:7)
  a +0 trident
(45, 52, D:7)
  a cursed -1 whip
(50, 52, D:7)
  a +0 giant club

Level 8 of the Dungeon
(0, 0, D:8)
  a +1 vampiric hand axe
  a +0 leather armour
(0, 4, D:8)
  a +0 ring mail
(-2, 5, D:8)
  a +0 falchion
(-1, 5, D:8)
  a +1 antimagic war axe
  a +0 scale mail
(-2, 6, D:8)
  a +0 flail
(-57, 13, D:8)
  13 stones
(-60, 15, D:8)
  a +0 dagger
(-46, 15, D:8)
  a +0 club
  a stone
(-14, 16, D:8)
  a +0 trident
  2 tomahawks
(-13, 16, D:8)
  a +0 morningstar
(-12, 16, D:8)
  a +0 dagger
  a +0 robe
(-11, 16, D:8)
  a tomahawk
  a +0 flail
  a +0 ring mail
(-14, 17, D:8)
  a +0 trident
  a +3 ring mail
  a +0 flail
  a +0 plate armour
(-15, 18, D:8)
  a +0 dagger
  a +0 robe
(-9, 18, D:8)
  a tomahawk
(-22, 19, D:8)
  a +0 short sword
(-16, 19, D:8)
  a +0 hand axe
  3 tomahawks
  a +0 ring mail
(-14, 19, D:8)
  17 bolts
(-42, 22, D:8)
  a stone
(-8, 25, D:8)
  a +0 chain mail
(8, 28, D:8)
  a +0 trident
  a +0 plate armour
(9, 29, D:8)
  a +0 club
  a +0 leather armour
(10, 29, D:8)
  a +0 hand axe
  4 tomahawks
(9, 30, D:8)
  a +0 short sword
  a +0 ring mail
(-62, 36, D:8)
  19 bolts

Level 9 of the Dungeon
[Shop] Etiulam's Weapon Emporium
  a +0 club (13 gold)
  a +0 cutlass (52 gold)
  a +1 mace of protection (137 gold)
  7 steel javelins (218 gold)
  a +0 short sword (39 gold)
  a +0 blowgun (32 gold)
  a cursed -1 flail (1 gold)
  a +0 dagger (26 gold)
  a +3 quarterstaff of draining (314 gold)
  the +2 scimitar "Elf's Foe" {pain, rC+} (442 gold)
    In the hands of one skilled in necromantic magic, it inflicts extra damage
    on living creatures.
    
    It protects you from cold.
  a +0 spear (39 gold)
[Shop] Photh's Assorted Antiques
  a wand of slowing (19) (132 gold)
  a scroll of immolation (33 gold)
  a potion of agility (82 gold)
  a potion of restore abilities (99 gold)
  a scroll of blinking (33 gold)
  a wand of paralysis (6) (132 gold)
  a scroll of enchant weapon (247 gold)
  3 scrolls of blinking (99 gold)
(0, 0, D:9)
  a +0 short sword
  5 stones
  a kobold corpse (skeletalised by now)
(15, 17, D:9)
  a +0 club
(-27, 30, D:9)
  a +0 leather armour
(-12, 31, D:9)
  a jackal corpse (skeletalised by now)
(6, 32, D:9)
  a hound corpse (skeletalised by now)
(2, 43, D:9)
  23 stones

Level 12 of the Dungeon
(0, 0, D:12)
  the cursed -3 leather armour of a Thousand Beggars {Int-3}
    It affects your intelligence (-3).
    It has a curse placed upon it.
(11, 2, D:12)
  an orc corpse (skeletalised by now)
(1, 4, D:12)
  5 javelins
(4, 4, D:12)
  14 stones
(3, 14, D:12)
  a scroll of random uselessness
(12, 14, D:12)
  a cursed +0 ring mail
(5, 18, D:12)
  a +0 chain mail
(-9, 25, D:12)
  a large rock
(-10, 26, D:12)
  a large rock
(-8, 26, D:12)
  2 large rocks
(-2, 26, D:12)
  a cyclops skeleton
(3, 33, D:12)
  a yak corpse
(-1, 40, D:12)
  a scroll of random uselessness
(-11, 41, D:12)
  a yak corpse (rotten by now)
(-3, 46, D:12)
  the +3 ring mail of a Thousand Cities {rElec Int+1}
    It affects your intelligence (+1).
    It insulates you from electricity.
(0, 47, D:12)
  24 stones

the Ecumenical Temple

