                                        ..#                    
                                        #.#                    
                   ...             ######.###          .#      
                   ...  #.#        .........###### ####.#      
                   #.#  #.#     #............. ..###....#      
              ######g#  #.#     #..###....#..# #.##.....       
               ...##.#  #.#     #.........#..###.##..#         
#################.##.####.#######>.###....#......g...#         
#......................g.....................P.......#         
#P...≈h≈≈≈≈≈≈≈≈≈≈≈≈≈≈≈≈≈....≈≈≈≈≈≈≈≈≈≈≈≈≈≈≈≈≈≈≈#)###.#######   
#....≈≈≈≈≈≈h≈≈≈≈≈≈≈≈≈≈≈≈....≈≈≈≈≈≈≈≈≈G≈≈≈≈≈≈≈≈≈#)###.......####
#....≈≈#####≈≈≈≈≈≈≈≈≈≈≈≈$...≈≈≈≈≈≈≈≈≈≈≈≈#####≈≈#.<.#.##.......#
#....≈≈#g.g#......h.w?......g...g.......#.g.#≈≈###.#.##.#####.#
#...P≈≈#.g.#############''g'#############...#≈≈# #.#.##.#      
#....h≈###+#           #....#           #g###≈G# #.#....#      
#....≈≈≈.#             +..g.'..         #.  ≈≈≈# #.#..#.#      
#....≈≈≈.#             #....####        #. .≈≈≈# #.#..#.#      
#....≈≈≈.#             ##gg##            .#.≈≈≈# #.#..#..      
#.P..≈≈≈.#              ..g.              #.≈≈≈# #.#. ###      
#....≈≈≈.#             gggg.             .#.≈≈≈# #.#           
#....≈≈≈.#             ..gg.g           #.#.≈≈≈# #.#           
#....≈≈≈.#              ggg.            #g#.≈≈≈# #.#           
#....≈≈≈.#                              #g#.≈≈≈###.#           
#....≈≈###+#                            #'###≈≈....#           
#....≈≈#g..##############################...#≈≈#####           
#....≈≈#.g.#.........................%..#.gg#≈≈#               
#....≈≈#####≈≈≈≈≈≈h≈≈≈≈≈≈≈≈≈≈≈≈≈≈≈≈≈≈≈≈≈#####≈≈#               
#....≈≈≈≈≈≈≈≈≈≈≈≈≈≈≈≈≈≈≈≈≈≈≈≈≈≈≈≈≈≈≈≈≈≈h≈≈≈≈≈≈≈#               
#....≈≈≈≈≈≈≈≈≈≈≈≈≈≈≈≈≈≈≈≈≈≈≈≈h≈≈≈≈≈hh≈≈≈≈≈≈≈≈≈≈#               
#..............P................P.............P#               
#......P..........................P............#               
################################################               
