Dracula

Level 1 of the Dungeon
(0, 0, D:1)
  18 arrows
(-46, 2, D:1)
  19 arrows of dispersal
(8, 6, D:1)
  a +1 ring mail
(-15, 7, D:1)
  a +0 robe
(3, 9, D:1)
  a +0,+0 club
(5, 9, D:1)
  a +0,+0 dagger
(0, 30, D:1)
  a +0 ring mail
(-51, 36, D:1)
  a +0 ring mail
(-36, 36, D:1)
  a +0,+0 club
(-35, 36, D:1)
  10 darts
(-22, 44, D:1)
  a +0,+0 club
  a dart
(-21, 44, D:1)
  a +0,+2 short sword
(-18, 44, D:1)
  a dart
(-15, 47, D:1)
  a +0,+0 club
(-11, 49, D:1)
  a +0 ring mail

Level 2 of the Dungeon
(0, 0, D:2)
  a giant newt corpse (skeletalised by now)
(-3, 5, D:2)
  a +0,+0 club
  a goblin corpse (skeletalised by now)
(-6, 13, D:2)
  a giant newt corpse (rotten by now)
(-54, 15, D:2)
  a +2 scale mail
(-64, 19, D:2)
  13 bolts
(-18, 20, D:2)
  a choko
(-62, 38, D:2)
  13 bolts
(-14, 38, D:2)
  a rat corpse (rotten by now)
(-14, 41, D:2)
  an orange
(-14, 46, D:2)
  6 darts
(-44, 52, D:2)
  4 darts
(-2, 53, D:2)
  an adder skeleton
(-31, 57, D:2)
  a +0,+0 club
(-6, 57, D:2)
  a +0 leather armour

Level 3 of the Dungeon
(0, 0, D:3)
  a scroll of blinking
(-14, 1, D:3)
  an adder corpse
(1, 1, D:3)
  a +0 plate armour
(4, 1, D:3)
  a giant newt corpse
(7, 1, D:3)
  an orc corpse
(1, 4, D:3)
  a meat ration
(20, 5, D:3)
  an adder corpse
(20, 7, D:3)
  a giant gecko corpse
(3, 10, D:3)
  a +0,+0 short sword
  4 darts
  a kobold corpse
(20, 11, D:3)
  a rat corpse
(22, 12, D:3)
  an apple
(24, 12, D:3)
  a pear

