Asterion

Level 1 of the Dungeon
(0, 0, D:1)
  a +0 animal skin
(33, 2, D:1)
  a +0 club
(38, 15, D:1)
  24 arrows
(28, 17, D:1)
  a +0 pair of boots
(20, 19, D:1)
  a +0 club
(55, 20, D:1)
  a +0 club
(20, 21, D:1)
  a +0 club
(35, 22, D:1)
  a +0 club
(28, 28, D:1)
  31 stones
(7, 31, D:1)
  a +0 club
(25, 32, D:1)
  a stone
(41, 32, D:1)
  a +0 whip
  a stone
(18, 33, D:1)
  a +0 dagger
(22, 33, D:1)
  a stone
(24, 33, D:1)
  a stone
(25, 33, D:1)
  2 stones
(35, 34, D:1)
  2 stones
(44, 34, D:1)
  a +0 hand axe
(1, 35, D:1)
  14 stones

Level 2 of the Dungeon
(0, 0, D:2)
  18 stones
(-17, 13, D:2)
  a +0 ring mail
(-2, 14, D:2)
  a +0 robe
(-13, 23, D:2)
  13 arrows
(4, 24, D:2)
  a +0 large shield
(4, 25, D:2)
  a +0 dagger
(-27, 29, D:2)
  a cursed +0 ring mail
(-10, 32, D:2)
  an uncursed amulet of stasis
(-20, 36, D:2)
  2 javelins
(-13, 37, D:2)
  a +0 ring mail
(6, 38, D:2)
  11 poisoned needles
(-15, 42, D:2)
  a +0 club
(-14, 42, D:2)
  9 stones
(0, 44, D:2)
  a +0 short sword

Level 3 of the Dungeon
(0, 0, D:3)
  a +0 scale mail
(13, 5, D:3)
  a +0 ring mail
(15, 14, D:3)
  a stone
(15, 17, D:3)
  a +2 robe of magic resistance
(-6, 18, D:3)
  13 stones
(33, 19, D:3)
  a +0 dagger
(-4, 22, D:3)
  23 stones
(25, 22, D:3)
  12 poisoned needles
(15, 27, D:3)
  a +0 dagger
(16, 27, D:3)
  a +0 club
  a +0 club
  a cursed -3 club
(-14, 28, D:3)
  a +0 whip
(3, 35, D:3)
  5 needles of sleeping
(51, 35, D:3)
  a +0 ring mail
(2, 38, D:3)
  a +0 dagger
  a +0 ring mail
(-6, 43, D:3)
  19 silver bolts
(16, 46, D:3)
  a poisoned needle
(-7, 47, D:3)
  a +0 hand axe
(13, 47, D:3)
  a +0 blowgun
  a +0 whip
  8 poisoned needles
(-6, 54, D:3)
  a cursed -1 club
(35, 58, D:3)
  25 sling bullets

Level 4 of the Dungeon
(0, 0, D:4)
  a +0 giant spiked club
(-6, 1, D:4)
  18 sling bullets
(-4, 4, D:4)
  a +0 dagger
(-4, 6, D:4)
  a +0 flail
  a +0 scale mail
  a +0 club
  a +0 leather armour
(-12, 9, D:4)
  a +2 helmet
(-5, 9, D:4)
  13 stones
(-46, 10, D:4)
  a +0 leather armour
(-10, 11, D:4)
  a +0 club
(-45, 18, D:4)
  a +0 club
(-17, 19, D:4)
  a +0 dagger
(-4, 21, D:4)
  11 stones
(-6, 23, D:4)
  a +0 club
(-2, 23, D:4)
  10 sling bullets
(-2, 24, D:4)
  a +0 club
(-7, 29, D:4)
  a +0 cutlass
(-15, 31, D:4)
  16 stones
(-15, 32, D:4)
  22 stones
(-43, 34, D:4)
  16 poisoned needles
(-39, 38, D:4)
  a +0 hand axe
(-37, 39, D:4)
  a +0 dagger
  a +0 robe
(-39, 40, D:4)
  a +0 whip
  a +0 leather armour
(-38, 40, D:4)
  a +0 dagger
  a +0 robe

Level 5 of the Dungeon
(0, 0, D:5)
  a +0 club
(-17, 1, D:5)
  a +0 ring mail
(-30, 2, D:5)
  a +0 club
  a +0 short sword
(-31, 4, D:5)
  a +0 short sword
(-10, 7, D:5)
  2 tomahawks
(-9, 7, D:5)
  a +0 short sword
(-8, 7, D:5)
  a +0 mace
  a +0 chain mail
  a +0 club
(-13, 9, D:5)
  a +0 dagger
(-12, 9, D:5)
  a stone
(-9, 10, D:5)
  a +0 leather armour
(-11, 21, D:5)
  a +0 flail of protection
  a cursed +0 scale mail
(-10, 21, D:5)
  a +0 hand axe
  a +0 chain mail
(-2, 26, D:5)
  26 stones
(-37, 28, D:5)
  a +0 robe
(-23, 28, D:5)
  a +0 dagger
  a +0 leather armour
  a +0 hand axe of chopping
  a +0 leather armour
(-1, 28, D:5)
  15 bolts of flame
(4, 29, D:5)
  a +0 giant spiked club

Level 6 of the Dungeon
(0, 0, D:6)
  a +0 chain mail
(2, 0, D:6)
  a stone
(3, 0, D:6)
  a stone
(29, 2, D:6)
  a +0 scale mail
(0, 15, D:6)
  11 sling bullets of flame
(42, 16, D:6)
  a +0 spear
(-1, 23, D:6)
  a cursed -3 dagger
(11, 25, D:6)
  a +0 cutlass
  a +0 leather armour
(45, 25, D:6)
  a +2 shield
(10, 26, D:6)
  a +0 shortbow
  18 arrows
(1, 29, D:6)
  a +0 cutlass
(7, 31, D:6)
  an uncursed staff of earth
(45, 49, D:6)
  a +0 dagger

Level 7 of the Dungeon
(0, 0, D:7)
  15 sling bullets
(36, 4, D:7)
  20 bolts
(40, 11, D:7)
  a +0 hand axe
(16, 14, D:7)
  a +0 spear
(17, 15, D:7)
  a +0 spear
  a +0 spear
(18, 15, D:7)
  a +0 spear
(45, 16, D:7)
  a +0 flail
  a +0 robe
(13, 18, D:7)
  3 arrows
(9, 19, D:7)
  a +0 ring mail
(11, 19, D:7)
  a +2 shortbow of flaming
  25 arrows
(-3, 23, D:7)
  a +0 dagger
(44, 24, D:7)
  a +0 hammer
(47, 25, D:7)
  a +1 cloak
  a +3 quarterstaff of chaos
(15, 26, D:7)
  a cursed +0 dagger
(5, 28, D:7)
  a +0 ring mail
(-1, 29, D:7)
  a +0 robe
(38, 34, D:7)
  a +0 club
  18 stones
(51, 34, D:7)
  a +2 arbalest of freezing
(37, 36, D:7)
  a stone
(36, 39, D:7)
  a stone
(41, 39, D:7)
  16 poisoned needles
(36, 40, D:7)
  a stone
(36, 41, D:7)
  a stone
(43, 42, D:7)
  a scroll of noise
  an uncursed ring of see invisible
(28, 43, D:7)
  a +0 dagger
(1, 44, D:7)
  the cursed +2 quarterstaff of Dominance {speed, rN+ Str+3 Int+2}
    Attacks with this weapon are significantly faster.
    
    It affects your strength (+3).
    It affects your intelligence (+2).
    It protects you from negative energy.
    It has a curse placed upon it.
(39, 45, D:7)
  a +0 giant spiked club
(47, 46, D:7)
  23 sling bullets

Level 8 of the Dungeon
[Shop] Mainaon's General Store
  a scroll of teleportation (39 gold)
  a slice of pizza (19 gold)
  a potion of might (32 gold)
  a +2 buckler (214 gold)
  21 arrows (54 gold)
  a beef jerky (19 gold)
  20 stones (26 gold)
  a potion of brilliance (32 gold)
(0, 0, D:8)
  a +0 dagger
  a +0 robe
(44, 0, D:8)
  a cursed -3 battleaxe
  a +0 robe
(45, 0, D:8)
  a +0 spear
  a +0 robe
(46, 0, D:8)
  a cursed +0 great sword
  a +0 robe
(5, 4, D:8)
  a +0 ring mail
(5, 7, D:8)
  a +0 dagger
  5 stones
  a cursed +0 dagger
  a +0 robe
(6, 7, D:8)
  a +0 trident
(43, 7, D:8)
  a +2 quarterstaff of crushing
(48, 13, D:8)
  a +0 whip
(51, 13, D:8)
  a +0 chain mail
(39, 36, D:8)
  4 arrows
(42, 37, D:8)
  an arrow
(41, 38, D:8)
  an arrow
(40, 39, D:8)
  a +0 great mace
(42, 39, D:8)
  a +0 shortbow
  7 arrows
(38, 41, D:8)
  a cursed +0 leather armour
(50, 45, D:8)
  a +0 flail
(49, 46, D:8)
  a +0 dagger
  a +0 robe
(50, 46, D:8)
  a +0 flail
  a +0 leather armour

Level 9 of the Dungeon
(7, 1, D:9)
  a +0 ring mail
(24, 4, D:9)
  a +0 shortbow
  10 arrows
(23, 5, D:9)
  5 arrows
(24, 5, D:9)
  a +3 dagger of chaos
  a +2 robe of cold resistance
  an arrow
(24, 6, D:9)
  a +0 club
(21, 7, D:9)
  15 stones
(-21, 8, D:9)
  an arrow
(-2, 8, D:9)
  26 stones
(-19, 9, D:9)
  a +0 shortbow
  14 arrows
(9, 9, D:9)
  14 stones
(-1, 13, D:9)
  a +0 arbalest
(-1, 15, D:9)
  a +2 flail of protection
(-20, 19, D:9)
  a +0 scale mail
(0, 21, D:9)
  14 stones
(22, 23, D:9)
  a +0 leather armour
(-13, 33, D:9)
  a stone
(-11, 33, D:9)
  a +0 short sword
  5 stones
(-10, 33, D:9)
  a +0 whip
  4 stones
(6, 34, D:9)
  a stone
  a +0 blowgun
(7, 34, D:9)
  a +0 dagger
  3 stones
  a +0 dagger
(2, 35, D:9)
  a stone
  a poisoned needle
(3, 35, D:9)
  a poisoned needle
  a stone
(6, 35, D:9)
  2 stones
(7, 35, D:9)
  a +0 dagger
(23, 35, D:9)
  a +0 mace
(-2, 42, D:9)
  a +0 club
(-11, 49, D:9)
  a +0 shortbow
  7 arrows
(-9, 49, D:9)
  an arrow
(-8, 49, D:9)
  an arrow
(-7, 49, D:9)
  an arrow
(-6, 49, D:9)
  an arrow
(-4, 49, D:9)
  an arrow

Level 10 of the Dungeon
(0, 0, D:10)
  a +3 ring mail
(50, 10, D:10)
  a +0 shortbow
  19 arrows
(50, 13, D:10)
  an arrow
(50, 14, D:10)
  an arrow
(50, 15, D:10)
  an arrow
(50, 16, D:10)
  an arrow
(15, 19, D:10)
  a +0 mace
(1, 20, D:10)
  a +0 flail
  a +0 mace
(2, 20, D:10)
  a cursed -2 hand axe
  a +0 chain mail
(30, 31, D:10)
  a cursed amulet of resist mutation
  a +2 large shield of resistance
  a wand of lightning (0)
  a wand of fireball (0)
  an uncursed ring of loudness
(37, 32, D:10)
  a +0 giant club
(26, 36, D:10)
  a +0 hunting sling
(1, 39, D:10)
  21 stones
(12, 45, D:10)
  a +0 giant spiked club
(27, 46, D:10)
  a +0 chain mail

Level 11 of the Dungeon
(0, 0, D:11)
  a book of the Tempests
(7, 9, D:11)
  a +1 dagger of holy wrath

Level 1 of the Orcish Mines
(0, 0, Orc:1)
  a +0 club
(-4, 6, Orc:1)
  a +0 dagger
  a +0 robe
(31, 6, Orc:1)
  a +0 club
(32, 6, Orc:1)
  a +0 mace
  a +0 chain mail
(-4, 7, Orc:1)
  a +0 dagger
  a +0 robe
(-2, 8, Orc:1)
  a +0 mace
  a +0 chain mail
(6, 8, Orc:1)
  a +0 mace
(-1, 9, Orc:1)
  a +0 dagger
  a +0 robe
(4, 9, Orc:1)
  a +0 club
  a +0 war axe
(5, 9, Orc:1)
  a +0 scale mail
  a +0 scimitar
  a +0 plate armour
  a +0 club
(30, 9, Orc:1)
  a +0 hand axe
(37, 10, Orc:1)
  a +0 hand axe
(40, 10, Orc:1)
  a +0 dagger
  a +0 robe
(37, 11, Orc:1)
  a +0 hand axe
(43, 13, Orc:1)
  a +0 flail
(42, 14, Orc:1)
  a +0 hand axe
  a +0 ring mail
(3, 42, Orc:1)
  a +0 giant club

Level 2 of the Orcish Mines
(0, 0, Orc:2)
  a +0 leather armour
  a +0 falchion of freezing
(-8, 1, Orc:2)
  a +1 dagger of freezing
  a +0 dagger
  a +0 robe
(1, 1, Orc:2)
  a +0 whip
(2, 1, Orc:2)
  7 tomahawks
  a cursed -3 mace
  a +0 chain mail
  a cursed -2 mace
(-8, 2, Orc:2)
  a +5 triple crossbow of freezing
  a +0 dagger
  a +0 robe
(-7, 2, Orc:2)
  a +0 robe
  a +0 dagger
  a +0 battleaxe
  a +0 plate armour
(1, 2, Orc:2)
  a +0 ring mail
(2, 2, Orc:2)
  4 tomahawks
(-14, 17, Orc:2)
  a +0 club
(-17, 24, Orc:2)
  a +0 short sword
(-15, 25, Orc:2)
  a cursed -1 giant spiked club
(-66, 30, Orc:2)
  a +0 short sword
(-20, 32, Orc:2)
  a +0 hand axe
(-19, 32, Orc:2)
  a +0 robe
  a +0 dagger
(-21, 33, Orc:2)
  a +0 flail
(-62, 37, Orc:2)
  a +0 flail
  a +0 chain mail
  a +0 dagger
  a +0 leather armour
(-63, 38, Orc:2)
  a +0 flail
  a +2 scale mail of cold resistance
  a +0 dagger
  a +0 robe
(-62, 38, Orc:2)
  a +0 dagger of electrocution
  5 tomahawks
  a +0 chain mail

Level 3 of the Orcish Mines
(0, 0, Orc:3)
  a tomahawk
(0, 1, Orc:3)
  a tomahawk
(1, 1, Orc:3)
  a tomahawk
(6, 1, Orc:3)
  a +0 club
  a tomahawk
(1, 8, Orc:3)
  a +0 giant club
(-36, 10, Orc:3)
  a +0 club
(-16, 10, Orc:3)
  a +0 mace
(-4, 12, Orc:3)
  a +0 hand axe
  a +0 whip
  a +0 ring mail
(-39, 15, Orc:3)
  a +0 hand axe
(-38, 16, Orc:3)
  a +0 leather armour
  a +0 dagger
(-37, 16, Orc:3)
  a +0 robe
  a +0 dagger
(-38, 17, Orc:3)
  a cursed -2 scale mail
  a +6 short sword
  a +0 scale mail
(-37, 17, Orc:3)
  4 steel javelins
(-32, 18, Orc:3)
  a +0 scale mail
  a cursed -2 falchion
(-30, 18, Orc:3)
  a tomahawk
(-3, 18, Orc:3)
  a +0 giant club
(-32, 19, Orc:3)
  a +0 flail
  a +0 club
  a +0 club
  a +0 flail
  a +0 leather armour
(-31, 19, Orc:3)
  3 tomahawks
(-32, 20, Orc:3)
  a cursed +0 chain mail
  a +0 mace
  a +0 ring mail
  a +0 club
  a +2 trident of flaming
(-24, 20, Orc:3)
  a +0 dagger
(-33, 21, Orc:3)
  4 tomahawks
  a +0 hand axe
  a +0 leather armour
  a +0 trident
  a +3 dagger
(-32, 21, Orc:3)
  a +0 leather armour
  a +0 dagger
  a +0 leather armour
(-14, 21, Orc:3)
  a +0 leather armour
  a +0 hand axe

Level 4 of the Orcish Mines
(0, 0, Orc:4)
  a +0 club
  a +0 leather armour
  a +0 dagger
  a +0 robe
(-1, 1, Orc:4)
  a cursed -1 falchion
(0, 1, Orc:4)
  a cursed +0 dagger
  a +0 ring mail
(23, 2, Orc:4)
  the +5 great mace of Minotaur's Regret {flame, rPois SInv}
    It emits flame when wielded, causing extra injury to most foes and up to
    double damage against particularly susceptible opponents.
    
    It protects you from poison.
    It enhances your eyesight.
(24, 2, Orc:4)
  a +0 dagger
  a +0 mace
(23, 3, Orc:4)
  a +0 hand axe
  a +0 scale mail
  a +0 falchion
  a +0 ring mail
  a +0 whip
(24, 3, Orc:4)
  a +0 flail
  a cursed +0 chain mail
(27, 7, Orc:4)
  a +0 mace
  a +0 ring mail
(24, 9, Orc:4)
  a +0 short sword
(25, 9, Orc:4)
  a +0 morningstar
(25, 11, Orc:4)
  a +0 club
  a +0 leather armour
(29, 13, Orc:4)
  a +0 dagger
(28, 14, Orc:4)
  a cursed -2 dagger
(7, 17, Orc:4)
  25 gold pieces
(34, 17, Orc:4)
  16 gold pieces
(6, 18, Orc:4)
  a poisoned tomahawk
  a +0 whip
(7, 18, Orc:4)
  a +0 great sword
  (unseen)
(6, 19, Orc:4)
  a +0 dagger
  (unseen)
(7, 19, Orc:4)
  a +0 short sword (still there?)
  a warg corpse (still there?)

