Dracula

Level 1 of the Dungeon
(14, 5, D:1)
  a dart
(-11, 17, D:1)
  a +0,+0 short sword
(30, 20, D:1)
  a +0,+0 hand axe
(2, 22, D:1)
  a +0,+0 whip
(44, 22, D:1)
  a +0,+0 club
(10, 31, D:1)
  a +0,+0 short sword
  a dart
(10, 34, D:1)
  a dart
  a +0,+0 short sword
(45, 39, D:1)
  a +0,+0 whip
(45, 41, D:1)
  a +0,+0 dagger
(32, 45, D:1)
  a +0,+0 club
(31, 48, D:1)
  a +0,+0 dagger

Level 2 of the Dungeon
(0, 0, D:2)
  a bread ration
(-3, 8, D:2)
  16 sling bullets
(3, 9, D:2)
  16 stones
(14, 10, D:2)
  a rotting bat corpse
(7, 11, D:2)
  a bread ration
(20, 11, D:2)
  a +0,+0 dagger (still there?)
  a +0,+0 club (still there?)
  a hobgoblin skeleton (still there?)
(35, 12, D:2)
  a worm corpse (rotten by now)
(-3, 13, D:2)
  a +0,+0 quarterstaff
(23, 14, D:2)
  a +0 leather armour
(-18, 15, D:2)
  a +0 leather armour
(-5, 15, D:2)
  4 large rocks
(14, 19, D:2)
  a bat skeleton
(-3, 21, D:2)
  a +0,+0 sling
(5, 21, D:2)
  a rotting kobold corpse
(1, 23, D:2)
  a cursed +0,-2 short sword
  2 darts
  a kobold corpse
(-15, 25, D:2)
  a goblin corpse
(-23, 26, D:2)
  a +0,+0 club
  a hobgoblin corpse
(12, 27, D:2)
  a +0,+0 spear
(20, 28, D:2)
  a rat skeleton
(-11, 29, D:2)
  a +0,+0 dagger
(-15, 30, D:2)
  16 arrows
(0, 39, D:2)
  an adder corpse (skeletalised by now)
(7, 49, D:2)
  a rat corpse (skeletalised by now)
(5, 56, D:2)
  13 silver sling bullets
(3, 57, D:2)
  23 stones

