Asterion

Level 1 of the Dungeon
(0, 0, D:1)
  a +0 animal skin
(14, 7, D:1)
  a +0 club
(37, 8, D:1)
  a +0 hunting sling
(-10, 9, D:1)
  18 stones
(6, 10, D:1)
  a +0 club
(-7, 13, D:1)
  a +0 hand axe
(-7, 17, D:1)
  a +0 leather armour
(29, 18, D:1)
  a +0 robe
(39, 23, D:1)
  a +0 club
(40, 26, D:1)
  a stone
(-6, 29, D:1)
  a +0 dagger
(26, 33, D:1)
  a +0 club
(4, 34, D:1)
  a +0 hunting sling
(7, 34, D:1)
  a +0 club
(38, 34, D:1)
  17 bolts
(19, 37, D:1)
  a +0 hunting sling of freezing
(3, 41, D:1)
  a +0 club
(32, 41, D:1)
  a cursed -1 dagger
(53, 41, D:1)
  17 stones
(-4, 43, D:1)
  a +0 club
(7, 47, D:1)
  a +0 short sword
  2 stones

Level 2 of the Dungeon
(0, 0, D:2)
  a +0 short sword
(1, 8, D:2)
  a +0 whip
(3, 8, D:2)
  23 stones
(21, 8, D:2)
  17 stones
(44, 15, D:2)
  a +0 club
(28, 17, D:2)
  a +0 short sword
(22, 18, D:2)
  17 stones
(37, 20, D:2)
  a +1 hunting sling of evasion
  11 stones
(26, 22, D:2)
  a stone
(11, 23, D:2)
  a +0 club
(30, 23, D:2)
  a +0 dagger
(7, 25, D:2)
  a +0 scale mail
(26, 26, D:2)
  9 bolts
(9, 33, D:2)
  a goblin corpse (skeletalised by now)
(4, 36, D:2)
  a +0 leather armour
(26, 38, D:2)
  a +0 club
(33, 39, D:2)
  a quokka skeleton
(35, 44, D:2)
  a +0 chain mail

