Asterion

Level 1 of the Dungeon
(0, 0, D:1)
  3 stones
(0, 1, D:1)
  a +0 dagger
(2, 1, D:1)
  a stone
(-2, 3, D:1)
  a +0 animal skin
(11, 6, D:1)
  11 poisoned needles
(-3, 10, D:1)
  a +1 short sword of venom
(-1, 10, D:1)
  a +0 mace
(-3, 11, D:1)
  a +0 club
(-17, 12, D:1)
  3 stones
  a +0 club
(-9, 12, D:1)
  2 stones
(-3, 12, D:1)
  24 bolts
(-36, 14, D:1)
  3 stones
  a +0 dagger
(-33, 14, D:1)
  a +0 dagger
(-28, 14, D:1)
  2 stones
(-24, 15, D:1)
  a +0 leather armour
(9, 15, D:1)
  a +0 club
(14, 17, D:1)
  a +0 ring mail
(-33, 23, D:1)
  a +0 buckler
(-18, 27, D:1)
  9 exploding sling bullets
(-4, 31, D:1)
  a +0 dagger
  a stone
(-3, 33, D:1)
  a stone
(-2, 34, D:1)
  a +0 club
(-25, 35, D:1)
  23 sling bullets
(-3, 39, D:1)
  a +0 whip

Level 2 of the Dungeon
(0, 0, D:2)
  a +0 short sword
(-2, 2, D:2)
  2 stones
(-19, 7, D:2)
  a +2 dagger of venom
(-18, 9, D:2)
  a +0 short sword
(-35, 10, D:2)
  a +0 club
(-32, 10, D:2)
  13 stones
(-24, 13, D:2)
  20 stones
(-41, 16, D:2)
  a +0 dagger
(-34, 20, D:2)
  a +0 dagger
(-32, 20, D:2)
  13 bolts of penetration
(-21, 21, D:2)
  a +0 club
(-35, 28, D:2)
  a +0 club
(-20, 34, D:2)
  a +0 dagger

Level 3 of the Dungeon
(0, 0, D:3)
  a +0 hand axe
(6, 0, D:3)
  25 arrows
(3, 5, D:3)
  a scroll of remove curse
(-14, 6, D:3)
  13 poisoned needles
(-11, 9, D:3)
  a cursed -1 club
(13, 12, D:3)
  a +0 club
  a cursed +0 club
(1, 15, D:3)
  a +0 mace
(19, 20, D:3)
  a +0 leather armour
(1, 24, D:3)
  a +0 dagger
(12, 25, D:3)
  a +0 dagger
  a +0 robe
  a +0 dagger
  a +0 robe
(2, 26, D:3)
  a +0 falchion
(12, 26, D:3)
  a +0 falchion
  a +0 dagger
(2, 27, D:3)
  a +0 hand axe
(29, 27, D:3)
  19 arrows
(-9, 28, D:3)
  28 bolts
(0, 29, D:3)
  a +0 dagger
(16, 30, D:3)
  a +0 spear
(16, 31, D:3)
  a +0 halberd
(-10, 38, D:3)
  a cursed +0 robe
(13, 42, D:3)
  a +0 club

Level 4 of the Dungeon
(0, 0, D:4)
  a +0 flail
(-30, 4, D:4)
  a +0 club
(3, 9, D:4)
  a hound corpse
(-6, 10, D:4)
  a +0 hand crossbow
  11 bolts
(2, 10, D:4)
  a +0 flail
(-5, 12, D:4)
  a bolt
(-4, 12, D:4)
  a +0 short sword
(-5, 13, D:4)
  2 bolts
(-7, 15, D:4)
  a bolt
(-19, 18, D:4)
  2 rotting chunks of orc flesh
  a +0 spear of piercing
(-24, 20, D:4)
  a +0 ring mail

