     #############                                                 
    ##...........#                                                 
    #........###.#                    ###########                  
    #..#####.###.##      ##############.........####               
    #..##.........########....(.......)............#               
    #..##.#####............############..#.#.#.#.#.#               
    #..##.#   ##..##########          #..#.#.#.#.#.#               
    #..##.#    #.[#                   #..#.#.#.#.#.# #####         
    #..##.#    #..#                   ##.#.#.#.#.#.###...#         
    #..##.## ###..###########          #.#.#.#.#.#.....#.#         
    #..#...###..............#          #...........###...#         
    #...#.#.#.....#########.#          ######.##.### ##.##         
#####.........#......#    #.#               #....#    #.#          
#.....#.#.#.#...####.#    #.#               #.####   ##.#          
#.######...###.##  #.#    #.##########      #.#     ##..###        
#.#    ##.## #.#   #.#    #..........#      #.#  ####...#.##       
#.#     #.#  #.#   #.#    ##########.#      #.####...>.).#.###     
#.#    ##.####.### #.#             #.#      #................#     
#.#    #.........# #.#             #.#      #.8.8.8.......##.#     
#.#    #..####.#.# #.#             #.########..⌠.⌠..#...#.##.#     
#.#    #..##...#.# #.#             #..[.......8.>.8.##.##.##.#     
#.######..##.###.###.#             ##########..⌠.⌠..##.##.##.#     
#...............>....#                      #.8.8.8.##.##.##.#     
########..##.###.#####                      #.......##.##.##.#     
       #..##.# #.#                  #########.###..###.# . #.#     
       #..##.###.#                  ..........###.####     #.###   
       #.........#####              #########........<     #...#   
       ##.##.........#                   ###..[#####.#     ###.#   
        #.##########.#                   #..>#..#            #.#   
        #.#                              #.#....#            #.#   
        #.#                             ...#<.#.#            #.#   
        #.#                            #####.##.#            #.#   
        #..                                #.# .#            #.#   
        ###                                #.# .#            #.#   
                                           #.#               #.#   
                                           #.#               #.####
                                           #.#               #....#
                                           #.#               ####.#
                                           ..#                  #.#
                                                                #.#
                                                                #.#
                                                                #.#
                        .     ..                                #.#
                    .....    ..                                 #.#
                   ...a#.####.. .                               #.#
                   ........#. ≈.(≈                              #.#
                  .......#.. ....#          #..      #####      #.#
                  ......a#.##..≈≈#§         #..       ...#      #.#
                  .....##O......≈≈≈         #..###+####.)#      #.#
                  #......./.#...§§≈        ##.#8...#..8#.#      #.#
                  #######...# ....          ..#...#....#.########.#
                        #...#......         ..#....#...#..........#
                        #..........         #.'.#.#(#.##.##########
                        #..########         #.##.#.#.#.'.#         
                  #######..#      #####     #)#...#....#.#         
                  .%.......########...#######.#....#...#.#         
                  #######.....................#8..#...8#.#         
                        ###########...######...####'###..#         
                                  #####    #.............#         
                                           #....##########         
                                           ######                  
