        ###                         ##  ## ##         
        #..                          ..##. .###       
        #.#      .                     ...#...        
        #.#      ..#                    #..S#         
  #######.#      ..#.#                   #.#          
  #().()..#######..#. #                  #.#          
  #.####............ ...                 #.#          
###)#  ##.#######..#..#                  #.#          
#...#   #.#      .....#                  #.#          
#..<#   #.#######.....#           #.######.#######    
#...#   #.w.w........#            #....>.).........   
##.##   #########........         #..####..#######    
 #(#             .?.[..g        ...     #.##          
 #w#             ....##g        #       #.#           
 #.#             ##..#                  #.#           
 #.#               ..#                  #.#    ###.   
 #.#                .#                  #.####.....   
 #.#                .                   #..........#  
 #.###########.###             ############.##..###   
 #.................            .......).........#     
 ####.####.###.###             ##########.###...#     
    #.#  #)#                          #))..>.......   
    #.#  #.#                        ###.#.#.#...###   
    #.#  #.#                        #...##...#..#     
    #.####.#                        #.#.###.## .#     
    #......#                        #.#.....#  .      
    #.######                        #.###....         
    #.#                             #..##.####        
    #.#                .      #######....<#   .       
    #.#               #.#    .............#   ..#     
    #.#      .        #.#   #.#######..#..####..#     
    #.#     #.#       #.#  ..       #..#........#     
    #.#     #.##    ###.###.###     #..##.####.##     
    #.#     #.#..    (..#.....#     #..##.#   .#      
#####.#     #.#.#     #.#.#.#.#######..##)# ##.##     
#.....#     #.#.#    ##............###.##.###...##    
#.#####     #.#.######....#.#.####.# #.##.##[÷...#####
#.#    ######.#.#.....#.......#  #.# #.##.............
#.#    #...............#.######  #.# #.##........#####
#.#    #.####.#.......#.##       #.# #............... 
#.######.####.........###   ######.# #..##.#.######## 
#........#.............######......# #.....#.#        
##########.#####.#..##.#........>### ##.####.#        
         #.#   #.#..##.#.####.##.#####...###.#        
         #.#   #.#..##.#.#  #.##.......<.....#        
         #.#  ##.#..##.#.#  #.########...#####        
         #.#  #..........#  #.#   #####.#####         
         #.#  #.#######..####.#   #.........#         
         #.#  #.#     #.......#   #.###.###.#         
         #.#  #.#     #.####..#   #.# #.# #.#         
         #.#  #.#     #.####..#####.###.# #.#         
         #.   #.#     #.................# #.#         
         #.####.#     #.###########.##### #.#         
         #......#######.#         #.#     #.#         
         ######.........#         #.#######.#         
              ###########         #.........#         
                                  ###########         
