           .###.  ###                              
         .......  .)                               
        #.......  r#                               
       ....#...###.# ###!                          
        ...#.....c.#..$..                          
         #.......y....#                            
        ##......(o###.#                            
        #......(%.....#.                           
        ##...............        .                 
         ##.)(####.......       ...                
          ##.##   ####.##       ...                
           #[#         #        #.#                
           #.#                  #.#                
           #.#                  #.#                
           #.#                  #.#########        
           #.#            ##(####......)..#        
          ##.########     #........######.#        
          #........(.     #######.##    #.#        
          #.#.#######           #.#    ##.##       
.##########.#.#                 #.#   ##...##      
............#.#   #      ...    #.#   #..!..#      
##########....# (.      ##'######.#   #.....#      
    ######..###.#        8.8##....#   #.....#      
    #...........####  ####.#.######   ##.(..##     
    #.####.......... ##.#....###    ######...####. 
         #.####.######.#.....#.#    #.............#
         #.#  #.#  ##..........#    #.####...####.#
         #.####.#  #...........######.#  ##......  
         #....#<.  #..........).#.#...#   #..####  
         ####.#.#  ##...>..#.#))#..########..#     
            #.#.#   ####.###.[.###...........#     
      #######.#.#      #.# ####.#.#########.##     
     ...........########.#    ##.##       #.#      
      #######............#     #.#                 
            ##############     #..                 
                               ####                
