                ..)                          
               #...                          
               #..#                          
               ...#                          
               #..# #                        
               #..#.#                        
          ##   #..#.####                     
         .....##.......#                     
         >........#                        . 
         >#######h#                        .#
                #.#                        .#
                #%# #                      .#
       ##########.#.########               .#
       #).....#.......g.....        #      ?#
       #.####.##r#########.#        #.     .#
       #.#..#.##.#       #.#     #.##.#####h#
       #.'<.+.##.####    #.#     #.........h#
       #.#..#.##...h#    #.#     ###..#.#####
       #+####.#####.######.#####   #.##.#    
       +......#####.##...h.r...#   #.##h#    
       #'######..g.h.#h#######.#   #.##h#    
 #####.#.#### #####..#h#     #.#   #.##r#    
............#     #..#.#     #h#   #.##.#    
 .##.######.#     #....#     #.#####.##.#    
    .######.##    #.##.#     #.r..h.....#    
   ......>...######.##.#     #...h...####    
    .............##.##)#######.#######       
    .######..###.##.##.........#             
          #..###.##.######.##.##             
          #................##.#              
         ...........#########.#              
         ##.####.####       #.#              
          #.#  #.#          #.#              
          #.   #.#          ..#              
               ...          ###              
               ##.                           
                 .                           
