                ###                                
             .....#############                    
            ......##..........#                    
           #......##..........#                    
           #......##..........#                    
           #......##.)........#   ##               
           #......##.......h..##.....              
           #......####..g..h>.....##           ##  
           #......##.................          .#  
       #   #.........###############  #########.#  
    ....####......##.##...    #...#   #.......#.#  
   ..............###.##.# #####.#.#####.#####.#.#  
  ........###....÷......# #<#...#...#...#...#...#  
 ....................##.###.#.#####.#.#.#.###.#####
 ....)....###...g....##...#...# #.....#...#...#... 
 .........# ###..#.#.####.#######.#########.###.#  
..........#   #..#......#.....#.....#.#   #.....#  
.........#### #..###)##.#####.#.###.#.#   ###.###  
..#.((......# ##..##.##.#   #...# #...#     #...#  
  #####.....#  #..##.##.### ###.###.#.###   ###.#  
      #.....#####....##...#   #.....#...# ###...#  
      #.....g..##.#..####.#   #########.###.#.###  
      #..#####.##.#..##...#    ...............#    
     #..##   #.....÷.##.#######################    
    #..#     ###...................                
    #.#       ##..........#........                
     .        #...................                 
             #..).................                 
          #.......................                 
         ...#..#................#                  
        .........................                  
         .......................                   
          ......##.............                    
           ..... ........%.#..                     
              .# ###.....##                        
