Sanguine

Level 1 of the Dungeon
(0, 0, D:1)
  23 sling bullets
(-26, 1, D:1)
  11 stones
(-17, 3, D:1)
  a +0 club
(-2, 4, D:1)
  a +0 club
(-10, 5, D:1)
  a +0 chain mail
(-20, 13, D:1)
  a +0 club
(-9, 21, D:1)
  a +0 club
(-9, 22, D:1)
  a cursed -2 dagger
(6, 24, D:1)
  a +0 short sword
(-1, 31, D:1)
  a +0 dagger
(-9, 36, D:1)
  14 stones

Level 2 of the Dungeon
(0, 0, D:2)
  22 stones
(-5, 2, D:2)
  a +0 club
(-1, 3, D:2)
  a +2 whip of electrocution
(6, 4, D:2)
  a +0 whip
(34, 4, D:2)
  a scroll of enchant weapon
(16, 10, D:2)
  a +0 whip
  a +0 leather armour
(17, 10, D:2)
  21 stones
(23, 12, D:2)
  18 stones
(8, 17, D:2)
  a +0 robe
(17, 20, D:2)
  25 stones
(-10, 23, D:2)
  a rat skeleton
(8, 28, D:2)
  2 stones
(7, 29, D:2)
  a stone
(6, 33, D:2)
  a stone
  17 arrows
(2, 35, D:2)
  a cursed +0 dagger
(5, 35, D:2)
  a +0 club
  15 stones
(-2, 42, D:2)
  a +0 short sword
(9, 42, D:2)
  a +0 spear
(41, 42, D:2)
  a +0 short sword
(40, 46, D:2)
  a stone
(24, 48, D:2)
  a +1 short sword of speed

