                                           
                                           
                                           
                                           
                                           
                                           
                                           
                                           
                                           
                                           
                                           
                                           
                                           
                                           
                                           
                                           
                                           
                                           
                                           
                                           
                                           
                                           
                                           
                                           
                                           
       K..                                 
       .....                               
    ####'''###                             
   ##≈.......≈#                            
 ###≈≈.......≈≈#                           
 '.'≈≈.......≈≈'                           
   #≈≈.......≈≈#                           
   +≈≈.......≈≈'.                          
.###≈≈.......≈≈##                          
.'.'≈≈.......≈≈'.                          
.###≈≈.5.....≈≈##                          
   +≈≈..(......'.                          
   #≈≈.......≈≈##                          
   +≈≈......(≈≈uX                          
   #.≈.........##                          
   ##≈.....5..##                           
    ####x543.##                            
      ###.4#                               
      #5(3####                             
     ##.(∩..x#                             
    ##((5#(.(####                          
    #.h5).(x(2§..                          
    #3#25h....##Z                          
    #§#..#x.R..#                           
    ####.#####..                           
       #..     .                           
       #..#                                
       ...#                                
       #.#.                                
       #####                               
                                           
                                           
                                           
                                           
