                              ###                               
              #################.###                             
              #..............>....#                             
              #.###############.#..#                            
              #.#             #.# .#                            
            ###'########      #.#  .#                           
         ####...........      ..#   #                           
         #.....%........      ###                               
   #######.............                                         
 ###............#####+#                                         
##...#♣♣♣♣♣...#......                                           
#..##♣♣.PP♣♣..#.#....                                           
#.## ♣P....♣.##.#.###                                           
#..# ♣..P..♣.+......                                            
##.♣♣♣..P♣♣♣.##.#.#.###                                         
 #....P♣♣♣♣.....#.....#  .                                      
 #♣♣♣P..♣.............  ....                   .                
    ♣♣P.........#..<..  ...#              #.#.#.# .).           
     ♣♣♣......###....###...#           ##.#.#.... ......        
   #♣♣♣.......+............#.         ##..#.#.... ..+#.#        
   #..........###............        .....#.#...#+#..#.#        
   #..........+♣.♣+♣..........      ........##..+_+..#.#        
   #................)).♣.♣.♣..      ............#'#..#.#        
   #.....<....#♣...♣))......>.      .................#.#        
   #.....)....##.......♣.♣.♣...     ####....##.......#b#        
   #..<.).....#♣.♣.♣.[.......... . .+.......''...+...#.#        
   ##+#......##..........♣.♣...... .#........#...##....#        
      #.####.##.#.................#...........#.########        
      ...  $..................?.....P.P.PP...............       
     ##.## #.####..#....'..........#..♣.♣P....##.#######        
      #..  ...........#..#.#######...♣P♣♣...#..#.##             
      #.. ...............#.#######..PP♣ ♣P.##..#..#             
      ... .......(.............)....PP♣ ♣..##..##.#             
       .  .................#######...♣♣♣♣.####..#.#             
          ...........##..[.#     #..PPP.P...##..#.#             
           ........#......K#     ##...............##  .P♣       
           ..####..#.##....#      #.###.....###....# ...♣♣      
           .   ....#.#.......#   .... #.....# ##.#.# ..P....    
              ###..#.#.......#  ####.#♣♣♣♣♣.#  #...##....P..... 
                .....#.......#      .♣     ♣####...............$
               #..##.#.........     ..       #..................
                 . ...........      .♣       #.##.............. 
                   #.........       .        #. #............#  
                    . ....                   #  #......Y.....#  
                                                #....._§.§...#  
                                                #......§§§Y..#  
                                                #......§§§§..#  
                                                #......)Y§§#.#  
                                                #..........#.#  
                                                #............#  
                                                ##############  
