   ##########                          
  #.........#                          
  #.........#                          
  #.........#  ###                     
  #.........###...                     
  #.........#.....                     
  #...........#                        
  #..........#                         
  #..........##..                      
  #####(###..##.....                   
#######().K...#......                  
#...#.<.#####.#.......                 
#...).#.#    ..........                
#<).###.#    #.........                
#T..###)#######.....####.   .  #       
#......(............>....  ...#..      
#.(.###.......)...###..#  ..  ..       
#...# #.(.###..>..#...###.# ##.# .     
#.((###........#).#.#.....# #..#....   
######......K....).......####.# ....   
    #......T..K...(........bS.##.....  
    ##...)....#......#####.g.........# 
     ##...#......K......%.....?....... 
    #.....#...........(.............$. 
   #..#...####.>#.####$......K.......##
   #.##.### #..#..............K........
   #. #.#  ....#..####.##......########
      #.##.##.......##.....###o.#      
      #. .  ..............o.....#####  
           #........##.#.#.K.......o.. 
           #.##.##.......(o#########.  
             ...####.....o.......>     
              #..............####      
              ..##.........#....       
               ##...[.K.o..#..##       
               #...........#...#       
            ....?#..o......# ..        
             ... ###...#####           
             #   ##.....##             
                 #.......#             
               #.#.......#             
               #.......(.#             
               ##.......##             
                ###.....#              
                 #.......              
                 #.......              
                 #.....[.#             
                  #....!##             
                   #...##              
                      #                
