Asterion

Level 1 of the Dungeon
(0, 0, D:1)
  a +0 short sword
(-13, 7, D:1)
  a stone
(-31, 8, D:1)
  a +0 dagger
(-1, 8, D:1)
  a cursed +0 whip
(-18, 9, D:1)
  29 stones
(-12, 10, D:1)
  a +0 animal skin
(-14, 11, D:1)
  a +0 short sword
(-12, 14, D:1)
  a +0 club
(-25, 15, D:1)
  a +0 ring mail
(-3, 21, D:1)
  a +0 club
(-1, 21, D:1)
  a +0 club
(-21, 26, D:1)
  15 stones
(-20, 28, D:1)
  18 stones
(-32, 30, D:1)
  15 stones
(-20, 38, D:1)
  a +2 helmet
(-43, 39, D:1)
  19 bolts
(-9, 49, D:1)
  a +0 dagger
(-9, 50, D:1)
  a +0 dagger
(-34, 55, D:1)
  a +0 dagger

Level 2 of the Dungeon
(0, 0, D:2)
  21 arrows
(-8, 3, D:2)
  a cursed +0 dagger
  6 tomahawks
(10, 8, D:2)
  a +2 ring of intelligence
(30, 8, D:2)
  2 stones
(33, 9, D:2)
  26 stones
(25, 10, D:2)
  2 stones
  2 poisoned javelins
(30, 10, D:2)
  a stone
(34, 11, D:2)
  a stone
(-1, 14, D:2)
  a +0 robe
(8, 15, D:2)
  a +0 scale mail
(33, 24, D:2)
  a +0 robe
(36, 25, D:2)
  a +0 flail
(27, 27, D:2)
  a +0 robe
(1, 33, D:2)
  a +0 club
(40, 34, D:2)
  a +0 club
(16, 36, D:2)
  15 stones
(13, 38, D:2)
  a +0 spear
(14, 38, D:2)
  a +0 spear
(15, 38, D:2)
  a +0 whip
(39, 46, D:2)
  a +0 shield

Level 3 of the Dungeon
(0, 0, D:3)
  a +0 club
(22, 3, D:3)
  a +0 spear
(27, 5, D:3)
  a +0 hand axe
(28, 5, D:3)
  a +0 mace
  a +0 leather armour
(25, 7, D:3)
  a +0 club
  a +0 scale mail
(53, 10, D:3)
  21 arrows
(8, 15, D:3)
  a +0 mace
(9, 15, D:3)
  a +0 war axe
  a +0 dagger
  a +0 robe
  a +0 falchion
(-14, 21, D:3)
  2 tomahawks
(-12, 21, D:3)
  a +0 club
  a +0 leather armour
(43, 21, D:3)
  a +0 scimitar
(19, 29, D:3)
  a stone
(18, 31, D:3)
  a +0 dagger
(20, 31, D:3)
  a +0 dagger
(15, 34, D:3)
  a stone
(21, 34, D:3)
  a +0 dagger
(15, 36, D:3)
  a stone
(16, 36, D:3)
  a stone
(21, 36, D:3)
  a +0 whip
(17, 37, D:3)
  2 stones
(18, 38, D:3)
  3 stones
(19, 38, D:3)
  a +0 whip
  12 stones
(19, 39, D:3)
  14 stones
(32, 39, D:3)
  a +0 club
  a hobgoblin corpse (skeletalised by now)
(19, 40, D:3)
  12 stones
(21, 41, D:3)
  a stone
(22, 41, D:3)
  a stone
(19, 42, D:3)
  2 stones
(-7, 43, D:3)
  a +0 hand axe
  a +0 leather armour
(17, 43, D:3)
  3 stones
(18, 43, D:3)
  a stone
(-11, 44, D:3)
  a +0 club
(3, 44, D:3)
  a bat skeleton
(16, 44, D:3)
  9 stones
(17, 46, D:3)
  a stone
(17, 47, D:3)
  a +0 club
  a +0 club
(16, 48, D:3)
  a +0 club
(17, 49, D:3)
  a stone
(-9, 51, D:3)
  2 stones
(-6, 51, D:3)
  a stone
(-4, 51, D:3)
  a stone
(17, 51, D:3)
  19 stones
(27, 51, D:3)
  a +0 club
(-12, 52, D:3)
  a +0 club
(-11, 52, D:3)
  a +0 club
(-8, 52, D:3)
  8 stones
(-7, 52, D:3)
  a stone
(-6, 52, D:3)
  2 stones
(-5, 52, D:3)
  2 stones
(-4, 52, D:3)
  4 stones
(7, 52, D:3)
  a +0 club
  a cursed -1 club
(10, 52, D:3)
  a +0 club
(17, 52, D:3)
  a +0 club
(26, 52, D:3)
  a +0 club
(44, 52, D:3)
  a +0 club
  a stone
  a +0 club
(45, 52, D:3)
  a +0 club
(46, 52, D:3)
  a +0 dagger
(-9, 53, D:3)
  a stone
(-8, 53, D:3)
  a stone
(-3, 53, D:3)
  3 stones
(6, 53, D:3)
  a +0 club
(45, 53, D:3)
  a stone
  a +0 whip
  a kobold corpse (skeletalised by now)
(-10, 54, D:3)
  8 stones
(-2, 54, D:3)
  2 stones
(-9, 55, D:3)
  a stone
(9, 55, D:3)
  a +0 club
  a +0 club
(-9, 56, D:3)
  a stone
(9, 56, D:3)
  a +0 club
  15 stones
(-12, 57, D:3)
  a +0 club
(35, 57, D:3)
  a stone
(36, 57, D:3)
  2 stones
  a +0 club
(37, 57, D:3)
  a +0 club
(38, 57, D:3)
  17 stones
(-13, 58, D:3)
  a +0 club
(-12, 58, D:3)
  a +0 club
  a +0 club
(-11, 58, D:3)
  a +0 club
(-9, 58, D:3)
  4 stones
(27, 58, D:3)
  a +0 club
(36, 58, D:3)
  a +0 club
(37, 58, D:3)
  39 stones
(38, 58, D:3)
  21 stones
(45, 58, D:3)
  a +0 club
(46, 58, D:3)
  a +0 club

Level 4 of the Dungeon
(0, 0, D:4)
  a +0 plate armour
(-15, 5, D:4)
  26 stones
(-2, 8, D:4)
  a +0 dagger
  5 stones
  a kobold corpse
(-27, 10, D:4)
  17 poisoned needles
(6, 19, D:4)
  25 stones
(-9, 20, D:4)
  a +0 spear
(-8, 20, D:4)
  a cursed -2 flail
(-2, 26, D:4)
  a +0 club
(24, 26, D:4)
  a stone
(25, 26, D:4)
  a stone
(27, 26, D:4)
  a stone
(-2, 27, D:4)
  a gnoll corpse (rotten by now)
(-1, 27, D:4)
  a +0 whip
  a +0 robe

