       ...                                         
    ..........######                               
   ...og...........#                               
  ..o..............#                ...            
 ..................#                #.#            
 ..................#                #.#        .   
 ..................########         #.#       ..#  
#.........................#       ###.#####  ...#  
#.....................?...#########.......###...#  
........%..............[o.%o.o.>................#  
 .............####........########..............###
 .............#  #........########.........###....#
 ###.....######  #.....%...................#....#.#
   #.....#       #..................######%#....#.#
   #######       #..................##.....#.#..#.#
                 ######.............'..###%.....#.#
                  #####.............#.........#...#
                  #.........................#.#.###
                  #......)####^####.#.#.....+<#...#
                  #.......#  #.# ##.#.....%.#..##.#
                  #.......#  #.# #..........%.%...#
                  #.......#  #.# #..............###
                  #.......#  #.###.####.....#..##  
                  #.......#  #.................#   
                  #.......#  ####.#####.......##   
                  #.......#     #.#.........###    
                  #.......#     #.##.##.#...#      
                  #.......#     #.##.##.....#      
                  #.......#     #.......##.##      
                  #########     ###.###....#       
                                  #.#.#..#.#       
                                  #.#......#       
                                  #...######       
                                  #####            
