                                    ############                            
                                    #..........#                            
                                    #..........##########                   
                                    #..........##........                   
                                 ...####.#.r..............                  
                                [...####r########.........                  
                                .............#  #.........                  
                                .......#.###.####.........                  
                                .........r..........>.....                  
                                .#.##.##.###r###........)                   
                                 #.##.##.# #.# #.........                   
                             .####.......# #.###.########                   
                             ........)...# #...#........#                   
                             ............# ###.#........#                   
                              ########...#   #..........#                   
                                     #.).#   #..........#                   
                                     ##..#   #.....######                   
                                      #..#   #.....#  #####.                
                                      #..#   #.....#  .......               
                                      #..#####.....###.......               
                                      #.......%#.............               
                              +#      #..#######..............              
                        ### ##.       #.......................              
                        #.. ...       ###.######.......#######              
                       ##.###.#  #####  #.#    #.......#                    
                        ....#.# ##...## #.#    #.......#                    
                        #.#.#.###.....# #.#    #.......#                    
                   ######.#..>⌠.'..<..# #.#    #....(..#                    
                  ##..........#.#.....# #.##   #.......#                    
                  #.............##...## #..#  ##......%#                    
                  #...........########  ##.#  #........#                    
             ######............#         #.## #.....####                    
             #........)#######.#         #..# #.....# #############         
             #.........#      +#         ##.###.....###...........#         
             #.........#              #####.#.......#.......#####.#         
             #.........#              #.....#.......#.#.###.#####.#         
######################.#              #.............#.#.# #.....#.#         
#......................#              #.[..#.....####.#.###.....#.#         
##.#####################              #....#..##.#  #.#.....^^^.#.#         
 #.#    ####.........#                #....##.##.#  #.##....^_....#         
 #.#    #......#####.#                #....##..#.#  #.##.#..^^^...######    
 #.#    #.##(#.#   #.#                #....###.#.#  #.##.##.....#......#    
 #.###  #.##.#.#   #.#                #)...# #.#g#  #.##.##.#.###..###.#    
 #...#  #....#.#   #.###########     ##....# #...#  #.##.##.....#..# #.#    
 ###.#########.#   #...........#   ###.....# ##..####.##.########..###.#####
 #.............#   ###########.#   #......##  #.>.....##.##................#
 #.#.###########             #.#   #.#.##.#   ##########.##.######..##.#.###
 #.#.#                       #.#   #.#.##.#            #.##.###.....##.#.#  
##.#.#                       #.#   #.#.##.#            #............##.#.#  
#....#                       #.#####.#.####            ####.###.#.#.##.#.###
######                       #....)..#.#                  #.# #.#.#.##.....#
                             #########.#                  #.# #.#.#.####.###
                                     #.#                  #.# #.#.#.#  ###  
                                      #                   #.# #.#.#.#       
                                                          #.###.#.#.##      
                                                          #.....#....#      
                                                          #########.##      
                                                                  #.#       
                                                                  ###       
