                         #.                 
                        .#.#.      ##       
       ##+###           ......    ..(       
       #....#            .....   ....       
       #....#   #        #.#.####..#        
       #....# #.#.     .##.#.....#          
  ######....#.......   ......s5..+          
  .........h..w..$ .  # ##.#.....#          
   ######.w####?## .###.##.#.##.....#       
  ............#    ...............+..       
  #######.....#    #.##..#.#.##...# .       
        #.<...#.####..#  #.#.# ####         
        #.............# .#.#.#              
        #..#########..#..#.#.#              
        #..########<.....#.#.#              
        #..#............##.#.#              
        #..#..########.###.#.#              
        #.....###...###.##.#.#              
      ####.#.##.......####.#.######         
#     #.....##.........##..........         
#.#####.##..#....≈≈≈....##.#.######         
#.......#####...≈≈≈≈≈...####.......         
#.......##.....≈≈...≈≈.....#.######         
#.......##._...≈≈.>.≈≈.......#              
#........#.....≈≈...≈≈.....#.#              
#...###..####...≈≈≈≈≈...####.#####          
#...  #.....#....≈≈≈..).#..........         
###   #.....##.........###)#.######         
      #......##.......##...#.#              
     ##.......###...####.#(..#              
   #.......##'#######..#.#(..####           
   #.......##.##.# #.#.#.#(.>....           
   #.......##.##.# #.#.#.#.######           
   #.......##.##'#####.#.#.#                
   ####....##.#......#.#.#.#                
    ..........'......#.###.#                
     #####.##.#......#.# #.#                
    .......####......#.###.#####            
    .#######  #......'.........#            
              #......#.###.###.#            
      ####### ########.# #.###.######       
      #.....#        #.# #...........       
      #.###.#        #.###.###.######       
      #.# #.#        #..........#           
      #.# #.##############.###..#####       
      #.# #.##.............#.........       
      #.# #.##.###############..#####       
      #.# #.##.#             #..#           
      #.# #....#             #..#           
      #.# ######             #..#           
      #.#                    #..#######     
      #.######################.........     
      #.........................#######     
      #.#########################           
      #.#                                   
      ###                                   
