               ######    ###### ###                
             ###.##.### ##....###.##               
            ##........###......#...#               
            #....##....#.#....###.##               
            #...##....#......#.##.##               
            ##.......##............#               
            #.........)......#.##..##              
            ##....#.......#.#####...###            
             ##...#..........###......##           
              ##.##.........#.#........#           
               ##.....................##           
               #..........#........#.###           
              ##..............#......#.###         
              #.........................)##        
           #####................##.#......##       
          ##.###....................#......#       
          #...##........#.................##       
          #.[.##..........................#..      
          ##..##......#.......................     
          ##..................................     
        ###.....).............<.............#.     
       ##.#.....))...........)................     
       #...#....).)...........)...#.............   
       ##.......##).#.....................#..#.##  
        #..^.#...#.).............................. 
        ##..###............................#......#
        #.).####..#...#................#...#.._....
        ##....#....#...................#..#........
       ##.#.......................#.#....)).......#
       #......#.#...................#...)#).......#
   ### ##....##..........   .........#.#)##.#.##.##
  ##.## ##..##..........     ........##...### #    
 ##...###...#..........       .........#.##        
##....##.#.....#######.         ...#....##         
#............###              . #.##...## ####     
##.....#....##      ..##      ..#.#....# ##..##    
#..........##      .....     ..........# #....#    
##.........#        ....##   .........####...##    
 ###.#.##..#         .Z..##  ..#.......##.....##   
 ##........#          Z...#    #....#..#.......#   
##......#...           ...##  ............#.......#
#...........#          #Z))#  ...........#...#...##
##.#...........#      ##Z).#  ..........###.###.## 
 ##.....#.......    ###....#   ........).####  ##  
##..............#####.§Z.(##   .........##         
#.......#................##    .....##.(##         
#........<............).##..    .... #.))#         
#.....................###...   .......#.##         
##.[...............ZZ##......   .........          
#....#.#........#Z.Z.........   ..........         
##...............§3o.........   ...........        
#...#........#3.§3Z#........     ......$.#.#       
##............#)o..#........      ......####       
#.............).............       ....##          
##............)4...........           $            
 ###.....#..........##....                         
  ##....#......#.#..#....                          
  #....)................                           
  ##..............#.#...                           
  #..........#.#.###...                            
  ##......#...####  ..                             
   ###.........#                                   
     ##...##..##                                   
      ##.###...                                    
       ### ##.##                                   
             #                                     
