Sanguine

Level 1 of the Dungeon
(0, 0, D:1)
  a +2 mace of protection
(2, 3, D:1)
  a +3 hunting sling
(19, 6, D:1)
  a +0 club
(-23, 7, D:1)
  a +0 club
(-29, 10, D:1)
  a +0 whip
(-34, 21, D:1)
  23 sling bullets
(-23, 22, D:1)
  a +0 dagger
(-21, 23, D:1)
  a +0 leather armour
(-7, 25, D:1)
  a stone
(-7, 26, D:1)
  a cursed -2 dagger
(-7, 27, D:1)
  a +0 dagger
(15, 30, D:1)
  a +0 leather armour
(-35, 31, D:1)
  a +0 club
(-23, 32, D:1)
  19 arrows
(15, 35, D:1)
  a +0 club
(-14, 37, D:1)
  a +0 club
(5, 37, D:1)
  a +0 robe
(2, 41, D:1)
  a +0 club
(8, 41, D:1)
  a +0 mace of protection

Level 2 of the Dungeon
(0, 0, D:2)
  a +0 chain mail
(6, 7, D:2)
  a cursed -1 club
(23, 10, D:2)
  a +0 ring mail
(32, 13, D:2)
  a +0 club
(9, 15, D:2)
  a +0 hunting sling
(17, 15, D:2)
  a +0 dagger
(11, 17, D:2)
  17 stones
(7, 20, D:2)
  a +0 club
(31, 21, D:2)
  25 stones
(5, 30, D:2)
  2 stones
(5, 31, D:2)
  a stone
(33, 37, D:2)
  24 bolts
(35, 48, D:2)
  a +0 club

Level 3 of the Dungeon
(0, 0, D:3)
  a +0 hand axe
(-11, 19, D:3)
  11 stones
(-2, 22, D:3)
  a scroll of amnesia
  a scroll of noise
(4, 27, D:3)
  3 poisoned needles
(0, 29, D:3)
  a +0 robe
(36, 30, D:3)
  8 poisoned needles
(2, 34, D:3)
  a tomahawk of returning
(2, 35, D:3)
  a +0 ring mail
(3, 35, D:3)
  a tomahawk of returning
(11, 37, D:3)
  a +0 leather armour
  a +0 flail

Level 4 of the Dungeon
(0, 0, D:4)
  a +0 leather armour
  a +3 flail of draining
(-7, 5, D:4)
  a tomahawk
(-33, 8, D:4)
  2 stones
(-33, 11, D:4)
  a stone
(12, 11, D:4)
  a +0 dagger
(16, 17, D:4)
  a +0 dagger
  a stone
(-48, 19, D:4)
  30 stones
(-26, 23, D:4)
  a cursed -3 dagger
  a cursed +0 ring mail
(-25, 24, D:4)
  a +0 hand axe
  a +0 club
  a +0 whip
  a +0 club
  a tomahawk
(-37, 32, D:4)
  a +0 dagger
(-20, 48, D:4)
  a +0 whip

Level 5 of the Dungeon
(0, 0, D:5)
  a +0 quarterstaff
(-19, 1, D:5)
  a +0 robe
(-47, 12, D:5)
  13 stones
(-55, 15, D:5)
  11 stones
(-43, 18, D:5)
  11 poisoned needles
(-53, 36, D:5)
  a +0 giant club
(-24, 44, D:5)
  a +0 short sword
  a +0 mace
  a tomahawk
(-25, 45, D:5)
  a +0 hand axe
(-1, 45, D:5)
  a +2 flail of draining
(-26, 46, D:5)
  a tomahawk
(-46, 52, D:5)
  19 stones
(-25, 56, D:5)
  a +0 leather armour

Level 6 of the Dungeon
(0, 0, D:6)
  a +0 spear
(0, 1, D:6)
  a +0 club
  a +0 robe
  a gnoll corpse

