                   *****                                               
                  **,,,**                                              
                 **,,*,,*                                              
                **,,***,*                                     #########
               **,,** *,**                                    #.......#
              **,,**  *,,*                                    #.####.##
             **,,**   **,*                                    #.#  #.# 
             *,,**    **,*                                    #.#  #.# 
             *,**     *,,*                                    #.#  #.# 
             *,,*     *,**                                    #(#  #.# 
             **,**    *,*                                     #.#  #.# 
              *,,*    *,*                                     #.#  #.# 
              **,**   *,*               ##########            #.####.# 
               *,,* ***,**              #........#            #.#....# 
               **,***,,,,*              #.######.#            #.#.#### 
              ***,,**,,,,*****###########.######.########     #.#.#    
              *,,,,,+,,,,+,,,,...(.....................>#     #.#.#    
              *,,*,,*,,,,*****###########'######.######.##### #.#.#    
              *,,**,*,,,,*        #...........##......#.#...# #.#.#    
        *******,,**,,***,*    #####...........#######.#.#.#.# #.#.#    
        *,,,,,,,,***,**,,*    #...............#     #.#.#.#.###.#.#    
     ****,****,,,* *,,*,***   #...............#     #.#.#.......#.#    
     *,,,,,,**,,,****,*,,,*   #.........#+###.#     #.#.##....###.#    
     *,**,*,**,,,,*,,,,,,,*####.........#.# #.#     #.#.#...#.# #.#    
     *,,,,*,**,>,,,,*,,*,,,......(.....##.# #.#     #.#.#####.# #.#    
     ****,,,,,,,*,,*,,*,,,,....#####...##.# #.#     #.#.......###.#    
        *,#.#,,,**,,,*,,,,,,,,,*   #.#.##.# #.#     #.#...........#    
        *,#.#.,,,,,,*,,*,,,,,,,*   #.#.##.# #.#     #.#.###########    
        *,#..,*,**,*,,*,,,,,...#####.#.##.# #.#######.#.#              
        *,#..,,,,,,,,*,,,,,,.........#.##.# #.#.......#.#              
#####   *,...,,,*,..#,,*...*...#####...##'###.#.#######.#              
#...#   **#.#****#.#.,*....#,,,*   ##.........#<#     #.#              
#...##### #.#*,,$....#,....#****    #.).....).####### #.#              
#.).....# #g#*,,....#.,#...#        #...............# #.#              
#.......###§#***##.#..#....#        #........######.# #.#              
#........%hh#*,,,....#.....#        ##.#..#.###...#.# #.#              
##......#####*,***#.#..#..#*         #.#..#.###.#.#.# #.#              
 #.%..(J#    *,*  #..†....#       ####....#.#...#...# #.#              
 #..[...#    #.#  ###.....#     ###.....#.#.#.####### #.#              
 #......#    #.#    #.#..##     #.'.........#<.#      #.###            
 ####.###    #.#    #.#..#      #.#...)........########...#            
    #.#####  #.#   ##.#.##      #.#......>..............#.#            
    #..[..#  #.#   #....#       #.#.....##.##...........#.#            
    #####.#  #.### #.#J.####    #.########.##############.#            
        #.# ##...# #.#.....#    #.#      #.....#        #.#            
        #.# #....###.#.....#    #.#      #####.##       #.#            
        #.# #..h.'....'....#    #.#          #..#########.#            
        #h###....#####..)..#    #.#          #...#........#            
        #.....J............#    #.#        ###...#.########            
        #####....####......#    #.#        #.....#.#                   
            #....#  #.#....#    #.#        #.#.#.#.#                   
            ###.#####.#.####    #.#        #.#.#.#.#                   
              #.......#.#########.#        #.#.#.#.#                   
              #.......#.##........#        #.#.#.#.#                   
              #######....#.########        #.#.#.#.#                   
                #<....#..#.#               #.#.#.#.#                   
                #####.#..#.#               #.#..,#.#                   
                    #.####.########        #.##**#.#                   
                    #.............#        #.#   #.#                   
                    ######......#.#        #.#####.#                   
                         ######.#.#        #.......#                   
                              #.#.#        #########                   
                              #.#.#                                    
                              #.#.#                                    
                              #.#.#                                    
                              #...#                                    
                              #.###                                    
                              ###                                      
