                                ....#             
           #..            ....#.........          
        #.#...... ...  #.......<.........         
        .........................#.......         
      .##.......................#......##.#       
     ........#.............................       
    ....#.................................#       
   ....#.#.................................#      
  ....#.............................#             
 ...........)......................##   #.#.      
 .#.#......))......................###  ...#.     
 #.................................))## ..#...    
#.......#......#..<.......##.......)).##.......   
   #...............................#...#......    
  ##..................................#........   
 ##.#.....#............................#<##...    
 #.....................................)..#.._.   
 ##......................................##.....  
  ##.#..##..........................))...>....... 
   ##...##....................................... 
   ##..##.....##.....................)........... 
   #...#......##...##.............................
   ##.#......#.....#.....................).....#. 
    ##....#.#......#....................).........
     ##.##...#.#..o.........  ................... 
     #......###T34o........    .................. 
     ##..#.## ##.#.$.......     ..............$.# 
      #...##   ###().......      ...............  
      ##P.       #)4.......       .......#.....   
        ..P      o3o......         ...........    
        .       ..........          .........     
               o...#......             ...        
              .........#.                         
             8P.##.#....                          
              .. ##....                           
                   #                              
