Sanguine

Level 1 of the Dungeon
(0, 0, D:1)
  a +0 leather armour
(47, 1, D:1)
  a +0 robe
(47, 5, D:1)
  5 large rocks
(3, 6, D:1)
  a +0 club
(9, 8, D:1)
  a +0 hunting sling
(-2, 12, D:1)
  a +0 leather armour
(28, 12, D:1)
  a stone
(29, 12, D:1)
  a stone
(34, 12, D:1)
  a +0 dagger
(3, 21, D:1)
  a +0 club
  a +0 club
(34, 22, D:1)
  a +0 mace
(26, 25, D:1)
  17 exploding sling bullets
(3, 33, D:1)
  a +0 whip
(36, 38, D:1)
  a +0 hand axe

Level 2 of the Dungeon
(0, 0, D:2)
  a +0 dagger
(16, 7, D:2)
  a +0 club
(23, 9, D:2)
  a +0 falchion
(41, 20, D:2)
  a +0 mace
  a +0 scale mail
(-5, 22, D:2)
  a cursed +0 club
  a +0 spear
(2, 26, D:2)
  a +0 dagger
(44, 27, D:2)
  18 sling bullets
(17, 28, D:2)
  27 bolts
(32, 32, D:2)
  a +0 dagger
(38, 33, D:2)
  a +0 dagger
(37, 40, D:2)
  a +0 hand axe
  a cursed +0 scale mail
(30, 43, D:2)
  a cursed -2 club
(13, 47, D:2)
  a +0 dagger
(24, 53, D:2)
  a +0 club
(49, 54, D:2)
  8 tomahawks
(26, 58, D:2)
  a +0 hunting sling
(-5, 59, D:2)
  20 stones

Level 3 of the Dungeon
(0, 0, D:3)
  a +0 robe
(1, 0, D:3)
  11 gold pieces
(2, 0, D:3)
  a meat ration
(0, 1, D:3)
  a potion of cancellation
(1, 1, D:3)
  22 gold pieces
(2, 1, D:3)
  a scroll of identify
(0, 2, D:3)
  a +0 lajatang
(1, 2, D:3)
  a potion of heal wounds
(2, 2, D:3)
  9 gold pieces
  (unseen)
(-16, 6, D:3)
  a stone
(-40, 7, D:3)
  a +3 hunting sling of flaming
  10 sling bullets
(-15, 7, D:3)
  a stone
(-14, 8, D:3)
  a stone
(-38, 9, D:3)
  a sling bullet
(-14, 9, D:3)
  a +0 scale mail
  a +0 short sword
  2 stones
(-22, 11, D:3)
  21 stones
(-14, 11, D:3)
  a +0 short sword
  a +0 scale mail
(-8, 12, D:3)
  a +0 ring mail
(-37, 17, D:3)
  10 stones
(-42, 21, D:3)
  18 bolts
(-40, 22, D:3)
  15 arrows
(-22, 23, D:3)
  17 arrows
(-18, 26, D:3)
  18 stones
(-11, 51, D:3)
  a cursed +0 whip

Level 4 of the Dungeon
(0, 0, D:4)
  a +0 short sword
(3, 6, D:4)
  22 stones
(37, 9, D:4)
  a +0 club
(37, 11, D:4)
  a +0 robe
(24, 12, D:4)
  a +0 club
(30, 14, D:4)
  14 stones
(13, 21, D:4)
  a +0 club
(3, 30, D:4)
  3 javelins
(-1, 31, D:4)
  a +0 dagger
(15, 56, D:4)
  a cursed -2 club

Level 5 of the Dungeon
(0, 0, D:5)
  14 stones
(18, 10, D:5)
  the +5 hand axe of Abomination {chop, Str+2 Int+5}
    It inflicts extra damage upon your enemies.
    
    It affects your strength (+2).
    It affects your intelligence (+5).
(10, 12, D:5)
  a +0 giant club
(14, 14, D:5)
  a +0 dagger
(18, 17, D:5)
  an arrow
(21, 17, D:5)
  a +0 shortbow
  17 arrows
(16, 19, D:5)
  an arrow
(13, 22, D:5)
  a +0 short sword
(20, 22, D:5)
  a cursed -2 giant spiked club
(9, 30, D:5)
  13 stones
(30, 35, D:5)
  a +0 dagger
(2, 37, D:5)
  9 bolts of flame
(19, 39, D:5)
  a +0 giant spiked club
(1, 42, D:5)
  a +0 falchion
(36, 42, D:5)
  a +0 robe
(34, 47, D:5)
  a +0 club
(10, 49, D:5)
  22 bolts
(2, 54, D:5)
  8 needles of slowing

Level 6 of the Dungeon
(21, 5, D:6)
  a +0 club
(12, 13, D:6)
  a +0 shortbow
  18 arrows
(14, 14, D:6)
  a +0 flail
(10, 15, D:6)
  an arrow
(8, 16, D:6)
  an arrow
(9, 16, D:6)
  2 arrows
(23, 17, D:6)
  a +0 giant club
(11, 21, D:6)
  a cursed +0 leather armour
  a +0 flail
(-19, 22, D:6)
  a stone
(10, 22, D:6)
  a +0 scale mail
  a +0 club
(11, 22, D:6)
  a +2 short sword of venom
(-18, 23, D:6)
  a stone
(11, 23, D:6)
  a +0 leather armour
  a +0 whip
(-18, 24, D:6)
  a stone
(32, 25, D:6)
  a +0 rapier
(-18, 26, D:6)
  a stone
(-18, 28, D:6)
  a +0 dagger
(6, 44, D:6)
  a +0 shortbow
  8 arrows

Level 7 of the Dungeon
(0, 0, D:7)
  a +0 robe
(-19, 2, D:7)
  14 arrows
(-4, 2, D:7)
  a +0 short sword
  a +0 whip
  a +0 dagger
(-6, 4, D:7)
  a cursed +0 dagger
(-20, 8, D:7)
  13 stones
(-35, 11, D:7)
  19 stones
(-31, 13, D:7)
  15 stones
(-10, 18, D:7)
  a +0 falchion
(-33, 19, D:7)
  25 arrows
(-49, 21, D:7)
  a +0 club
(-48, 21, D:7)
  26 arrows
(-51, 23, D:7)
  a +0 rapier
(-23, 24, D:7)
  13 stones
(-26, 28, D:7)
  30 arrows
(-21, 32, D:7)
  a +0 scale mail
(-30, 33, D:7)
  a +0 dagger
(-19, 38, D:7)
  a stone
(-57, 39, D:7)
  an arrow
(-55, 39, D:7)
  an arrow
(-54, 40, D:7)
  2 arrows
(-52, 40, D:7)
  a +0 shortbow
  10 arrows
(-51, 40, D:7)
  an arrow
(-20, 41, D:7)
  a +0 dagger
  3 stones

Level 8 of the Dungeon
(0, 0, D:8)
  a +0 shortbow
  17 arrows
(0, 3, D:8)
  2 arrows
(6, 3, D:8)
  12 arrows
(-1, 5, D:8)
  an arrow
(-25, 7, D:8)
  a +0 scimitar
(-23, 7, D:8)
  23 sling bullets
(-4, 7, D:8)
  a +0 flail
  a +0 scale mail
(-40, 8, D:8)
  a +0 leather armour
(-5, 8, D:8)
  a +0 short sword
  a cursed +0 leather armour
(-4, 8, D:8)
  a +0 war axe of venom
  a cursed +0 chain mail
(-4, 9, D:8)
  a +0 leather armour
(-44, 10, D:8)
  a +3 battleaxe
  a +0 robe
  a +1 short sword of protection
  a +2 robe of the Archmagi
(-43, 10, D:8)
  a cursed +0 falchion
  a +0 robe
(-42, 10, D:8)
  a -2 ring of intelligence
  a scroll of immolation
  a +2 ring of intelligence
  a +3 falchion
  a +0 robe
(-34, 10, D:8)
  a +0 short sword
  a +0 robe of cold resistance
(18, 10, D:8)
  22 arrows
(-35, 11, D:8)
  a +2 scimitar
  a +0 robe
(-35, 12, D:8)
  a +0 ring mail
(-25, 12, D:8)
  8 sling bullets
(-35, 13, D:8)
  a +1 scimitar
  a +2 hand axe
  a +0 robe
  a +0 robe
(-3, 16, D:8)
  22 stones
(-35, 17, D:8)
  31 bolts
(2, 21, D:8)
  19 poisoned needles
(-21, 22, D:8)
  a +0 leather armour
(-28, 26, D:8)
  a +0 dagger
(-26, 26, D:8)
  a +0 dagger
(-18, 26, D:8)
  2 stones
(-21, 32, D:8)
  a +0 short sword
(2, 33, D:8)
  a +0 dagger
(-7, 34, D:8)
  a +0 dagger
(-26, 35, D:8)
  19 sling bullets
(-33, 36, D:8)
  4 tomahawks
(-26, 45, D:8)
  a +0 leather armour
(-24, 46, D:8)
  a scroll of immolation

Level 9 of the Dungeon
(0, 0, D:9)
  a +0 giant spiked club
(-18, 7, D:9)
  a +0 rapier
(-8, 8, D:9)
  15 poisoned needles
(27, 8, D:9)
  2 arrows
(25, 9, D:9)
  an arrow
(31, 9, D:9)
  a +0 shortbow
  21 arrows
(30, 10, D:9)
  a +0 giant spiked club
(25, 16, D:9)
  an arrow
(27, 16, D:9)
  an arrow
(28, 16, D:9)
  an arrow
(24, 17, D:9)
  a +0 hand axe
(18, 22, D:9)
  a +0 mace
(-14, 27, D:9)
  a +0 chain mail
(-14, 28, D:9)
  a +0 robe
(-14, 32, D:9)
  a +0 mace
(31, 36, D:9)
  a cursed +0 leather armour
(7, 41, D:9)
  2 tomahawks
(9, 41, D:9)
  a +0 dagger
  a +0 robe
(12, 41, D:9)
  a +0 short sword
(0, 45, D:9)
  a +0 whip
(30, 55, D:9)
  a +0 giant club

Level 10 of the Dungeon
(0, 0, D:10)
  a +0 flail
  a +0 dagger
  a +0 dire flail
  a +0 plate armour
  a +0 dagger
(6, 7, D:10)
  a +0 giant club
(20, 10, D:10)
  21 stones
(34, 10, D:10)
  a +0 spear
  a cursed +0 animal skin
(31, 13, D:10)
  a +0 flail
(37, 13, D:10)
  a +0 chain mail
(-17, 24, D:10)
  a +0 chain mail
(-23, 27, D:10)
  a potion of brilliance
  a wand of draining (0)
(9, 31, D:10)
  a +0 short sword
(10, 31, D:10)
  a +0 dagger
(-3, 41, D:10)
  a +0 leather armour
(-4, 43, D:10)
  a +0 trident
(14, 43, D:10)
  a poisoned needle
(15, 43, D:10)
  a poisoned needle
(17, 44, D:10)
  a +0 blowgun
  4 poisoned needles

Level 11 of the Dungeon
[Shop] Lareosm's Jewellery Shoppe
  an uncursed ring of protection from magic (275 gold)
  an uncursed ring of positive energy (220 gold)
  a cursed -2 ring of protection (22 gold)
  a cursed -3 ring of slaying (22 gold)
  a +5 ring of strength (453 gold)
  an uncursed ring of wizardry (330 gold)
(0, 0, D:11)
  a +0 trident
(36, 0, D:11)
  5 arrows
(33, 1, D:11)
  a +0 shortbow
  6 arrows
(34, 1, D:11)
  7 arrows
  2 stones
(35, 1, D:11)
  2 arrows
(36, 1, D:11)
  a +0 dagger
(33, 2, D:11)
  a +0 shortbow
  a +0 shortbow
  36 arrows
(36, 2, D:11)
  a stone
(37, 2, D:11)
  2 stones
(37, 4, D:11)
  a stone
(0, 5, D:11)
  a +0 club
(32, 7, D:11)
  a +0 mace
(39, 7, D:11)
  a +0 halberd
  a +0 robe
(42, 9, D:11)
  8 stones
(-21, 11, D:11)
  a +0 robe
(5, 14, D:11)
  a +0 leather armour
(15, 19, D:11)
  a cursed +0 battleaxe
  a +0 robe
(16, 19, D:11)
  a cursed +2 flail
  a cursed +0 robe
  a +0 halberd
  a +0 robe
(44, 19, D:11)
  a +0 robe
(12, 21, D:11)
  a +0 giant club
(24, 27, D:11)
  a cursed +1 falchion
  a +0 robe
(17, 31, D:11)
  a +0 giant spiked club
(19, 33, D:11)
  a +0 trident
  a +0 ring mail
(20, 33, D:11)
  a +0 flail
(20, 34, D:11)
  a +0 long sword
  a +0 chain mail
(-7, 35, D:11)
  23 bolts
(35, 36, D:11)
  the amulet "Ketis" {Inacc MP+9 Str-5 Int+4}
    [amulet of inaccuracy]
    
    It reduces the accuracy of all your attacks.
    It affects your strength (-5).
    It affects your intelligence (+4).
    It affects your magic capacity (+9).
(2, 46, D:11)
  17 stones
(37, 46, D:11)
  27 stones

Level 12 of the Dungeon
(0, 0, D:12)
  21 stones
(-6, 11, D:12)
  a +0 dagger
  a +0 robe
  a +0 dagger
(2, 14, D:12)
  a +0 war axe
(6, 20, D:12)
  a +0 war axe
(6, 21, D:12)
  a +0 plate armour
  a +0 mace
(8, 21, D:12)
  a +0 scale mail
  a +0 dagger
  a +0 robe
(17, 23, D:12)
  a +0 rapier
  the +3 leather armour of Inaction {Int+9 Slay+2}
    It affects your intelligence (+9).
    It affects your accuracy and damage with ranged weapons and melee attacks
    (+2).
(39, 23, D:12)
  a scroll of random uselessness
(14, 25, D:12)
  a +0 trident
(-3, 31, D:12)
  a +0 chain mail
(6, 33, D:12)
  a +0 giant club
(7, 34, D:12)
  a +0 ring mail
  a +0 mace
(7, 35, D:12)
  a +0 scale mail
  a +0 dagger
(7, 36, D:12)
  a +0 robe
  a +0 dagger
  a +4 animal skin
(-18, 37, D:12)
  a +0 pair of gloves
(-10, 37, D:12)
  a potion of degeneration
(-7, 39, D:12)
  2 potions of poison
(-3, 39, D:12)
  a potion of poison
(5, 39, D:12)
  a +0 scale mail
  a +0 short sword
  4 tomahawks
  a +0 hand axe
  a +0 flail
  a +0 chain mail
  a +0 short sword
  a +0 whip
  a +0 whip
  a cursed -3 animal skin
(6, 39, D:12)
  a +0 plate armour
  a +0 chain mail
  a +0 scimitar
  a +0 flail
(-24, 40, D:12)
  2 potions of poison
(-7, 40, D:12)
  a +0 short sword
  a +0 animal skin
(-24, 41, D:12)
  a potion of poison
(-14, 41, D:12)
  a +0 leather armour
  a +0 falchion
(-8, 41, D:12)
  a +0 dagger
(1, 41, D:12)
  a +0 leather armour
  a +0 falchion
(-24, 42, D:12)
  a potion of poison
(-19, 42, D:12)
  a +0 animal skin
(-17, 42, D:12)
  a +0 club

Level 13 of the Dungeon
(0, 0, D:13)
  20 arrows
(-35, 3, D:13)
  a cursed -2 giant spiked club
(2, 4, D:13)
  a large rock
(3, 4, D:13)
  a large rock
(4, 4, D:13)
  a large rock
(5, 5, D:13)
  a large rock
(15, 19, D:13)
  a +0 halberd
  a +0 robe
(13, 20, D:13)
  a +3 falchion
  a +0 robe
(14, 20, D:13)
  a cursed +2 morningstar
  a cursed +0 robe
  a +3 spear
  a +0 robe
(19, 20, D:13)
  a fruit
  (unseen)
(14, 21, D:13)
  a cursed +1 halberd
  a cursed -1 robe
(-20, 24, D:13)
  an arrow
(-19, 24, D:13)
  14 arrows
  a +0 longbow
(-18, 24, D:13)
  an arrow
(-28, 27, D:13)
  2 tomahawks
(-28, 28, D:13)
  a tomahawk
(-28, 29, D:13)
  a tomahawk
(-30, 31, D:13)
  a +0 scale mail
  a +0 short sword
(-28, 31, D:13)
  a +0 scale mail
  a +0 mace
(-29, 33, D:13)
  a +0 lajatang
(-23, 40, D:13)
  a +0 battleaxe
  a cursed +0 plate armour
(-26, 42, D:13)
  a +0 dagger
  a +0 robe
(-21, 46, D:13)
  a +1 scimitar of flaming
(-2, 48, D:13)
  a cursed +0 leather armour
(-19, 57, D:13)
  17 bolts
(-8, 59, D:13)
  a +0 ring mail

Level 14 of the Dungeon
(0, 0, D:14)
  a +0 mace
  a +0 club
  a +0 leather armour
  a +0 dagger
  a +0 robe
(3, 2, D:14)
  a +0 flail
(-6, 12, D:14)
  a +1 scimitar of flaming
(16, 13, D:14)
  a +0 long sword
  (unseen)
(7, 14, D:14)
  a +0 short sword
(9, 18, D:14)
  a +1 hat
(14, 21, D:14)
  a book of Party Tricks
  a book of the Earth
(14, 22, D:14)
  a +0 falchion
(12, 23, D:14)
  a +0 dagger
  a cursed +0 robe
(13, 23, D:14)
  a +0 hand axe
  a +0 plate armour
(12, 24, D:14)
  a +0 flail

Level 15 of the Dungeon
(0, 0, D:15)
  a +0 pair of gloves

Level 1 of the Orcish Mines
(0, 0, Orc:1)
  a +0 dagger
(-14, 6, Orc:1)
  a +0 hand axe
  a +0 short sword
  a +0 leather armour
  a cursed +0 dagger
(-20, 7, Orc:1)
  a +0 leather armour
  a +0 falchion
(-17, 7, Orc:1)
  a +0 giant spiked club
  a +0 war axe
(-1, 7, Orc:1)
  a +0 club
(0, 7, Orc:1)
  a +0 mace
  a +0 leather armour
(-18, 8, Orc:1)
  a +0 leather armour
(-17, 8, Orc:1)
  a +0 robe
  a +0 dagger
  a +0 dagger
(-1, 8, Orc:1)
  a +0 hand axe
(0, 8, Orc:1)
  a +0 trident
(19, 8, Orc:1)
  a +0 dagger
(-17, 9, Orc:1)
  a +0 ring mail
  a +0 whip
(-8, 9, Orc:1)
  a +0 chain mail
(0, 9, Orc:1)
  a +0 mace
  a +0 leather armour
(-14, 10, Orc:1)
  a scroll of vulnerability

Level 2 of the Orcish Mines
[Shop] Idaani Nekh's Assorted Antiques
  a potion of invisibility (208 gold)
  a +0 chain mail (117 gold)
  a +0 leather armour (52 gold)
  a potion of haste (260 gold)
  a +3 ring mail of cold resistance (104 gold)
  a scroll of identify (52 gold)
  a scroll of recharging (247 gold)
  a +5 ring of dexterity (130 gold)
  a scroll of identify (52 gold)
  a potion of curing (78 gold)
  a scroll of random uselessness (26 gold)
  a +4 greatsling of velocity (390 gold)
[Shop] Askannae's Magic Scroll Boutique
  a scroll of recharging (142 gold)
  a scroll of recharging (142 gold)
  a scroll of remove curse (45 gold)
  a scroll of blinking (112 gold)
  a scroll of remove curse (45 gold)
(0, 0, Orc:2)
  a +0 dagger
  a +0 leather armour
(0, 2, Orc:2)
  a +0 dagger
  a +0 leather armour
(2, 2, Orc:2)
  a +0 club
  a +0 leather armour
(-8, 7, Orc:2)
  a tomahawk
(-17, 8, Orc:2)
  a +0 mace
  a +0 leather armour
  a +0 club
  a +0 scale mail
(-6, 8, Orc:2)
  a tomahawk
(-3, 10, Orc:2)
  a +0 hand axe
  a +0 leather armour
(-15, 13, Orc:2)
  a stone
  a +0 halberd
  a +0 plate armour
(12, 13, Orc:2)
  a +0 hand axe
  a +0 leather armour
(7, 16, Orc:2)
  a +0 falchion
  a +0 leather armour
(-12, 17, Orc:2)
  a +2 hunting sling of freezing
  14 stones
(6, 17, Orc:2)
  a +0 flail
  a +0 leather armour
(7, 17, Orc:2)
  a cursed +0 flail
(6, 18, Orc:2)
  a cursed +0 short sword
(6, 19, Orc:2)
  a +0 falchion
  a +0 chain mail
(7, 19, Orc:2)
  a +0 club
(-23, 22, Orc:2)
  an uncursed staff of cold
  a +2 robe of cold resistance
(24, 22, Orc:2)
  a +0 club
(-20, 24, Orc:2)
  a +0 mace
  a cursed +0 scale mail
(5, 34, Orc:2)
  a +0 short sword
  a +0 leather armour

Level 3 of the Orcish Mines
(0, 0, Orc:3)
  a +0 robe
  a +0 flail
(-2, 1, Orc:3)
  a +1 war axe of chopping
  a +0 plate armour
  a +0 flail of crushing
(0, 1, Orc:3)
  a +0 mace
(1, 1, Orc:3)
  3 tomahawks
(2, 1, Orc:3)
  a +0 short sword
(0, 2, Orc:3)
  a +2 dagger of electrocution
(2, 2, Orc:3)
  a tomahawk
  a +0 mace
(2, 3, Orc:3)
  a cursed -1 chain mail
  a +0 trident
(4, 4, Orc:3)
  a +0 chain mail
  2 tomahawks
  a +0 flail
(-8, 11, Orc:3)
  a +0 club
  a +0 chain mail
(-8, 12, Orc:3)
  a +0 short sword
(-7, 12, Orc:3)
  a +0 dagger
  a +0 robe
  a cursed -2 club
(-15, 18, Orc:3)
  a +0 hand axe
(-14, 19, Orc:3)
  a +0 club
  a +0 ring mail
(-14, 20, Orc:3)
  a +0 glaive
  a cursed +0 chain mail
(-53, 34, Orc:3)
  a +0 spear
(-51, 34, Orc:3)
  a +0 spear
(-43, 39, Orc:3)
  a +0 mace
  5 tomahawks
  a +0 chain mail
(-42, 41, Orc:3)
  a +0 hand axe
(-42, 42, Orc:3)
  a tomahawk
  a +0 flail
(-42, 43, Orc:3)
  a tomahawk
(-39, 46, Orc:3)
  a tomahawk
(-34, 46, Orc:3)
  a +0 dagger
  a +0 robe
(-44, 48, Orc:3)
  a +0 robe
  a +0 dagger of distortion
(-28, 48, Orc:3)
  a +0 dagger
  a +0 robe
(-27, 49, Orc:3)
  a +1 hand axe of flaming
(-26, 49, Orc:3)
  a cursed -2 trident
  a +0 chain mail
(-27, 50, Orc:3)
  a +0 whip
  a +0 ring mail
(-46, 56, Orc:3)
  a +0 ring mail
  a +0 trident
  a +0 club
(-45, 56, Orc:3)
  a +0 ring mail
  a +0 mace
  a +0 scale mail
  a +0 club
(-44, 56, Orc:3)
  a +0 morningstar
  a +0 short sword
  a +0 ring mail
  a +0 mace
  a +0 hand axe
(-46, 57, Orc:3)
  a +0 trident
  a +0 hand axe
  a +0 plate armour
  a cursed -1 trident
(-56, 58, Orc:3)
  a +0 short sword
  a +0 cloak
(-46, 58, Orc:3)
  a +0 leather armour
  a +0 falchion
  a +2 falchion of slicing
  a +0 scale mail
  a +0 mace
  a +0 flail
(-45, 58, Orc:3)
  a +0 robe
  a +0 dagger
(-44, 58, Orc:3)
  a +0 leather armour
  a +0 hand axe
  a +0 ring mail
  a cursed +0 dagger
  a +0 plate armour
  a +0 flail

Level 4 of the Orcish Mines
(0, 0, Orc:4)
  a +0 robe
  a cursed -3 dagger
(20, 0, Orc:4)
  a +0 ring mail
  a +0 flail
(21, 1, Orc:4)
  a +0 scale mail
  a +0 morningstar
  a +0 leather armour
  a cursed +0 dagger
(-34, 2, Orc:4)
  3 tomahawks
  a +0 flail of protection
(-29, 2, Orc:4)
  a tomahawk
(2, 2, Orc:4)
  a +2 whip of venom
(4, 2, Orc:4)
  a cursed +0 leather armour
(-35, 3, Orc:4)
  a +0 robe
  a +0 dagger
(-34, 3, Orc:4)
  a +0 leather armour
(2, 3, Orc:4)
  a +0 leather armour
  a +0 morningstar
(3, 3, Orc:4)
  a +0 scale mail
  a +0 whip
(5, 3, Orc:4)
  a cursed -3 trident
(18, 3, Orc:4)
  a +0 leather armour
  a +0 club
(-14, 4, Orc:4)
  a +0 whip
(-13, 4, Orc:4)
  a +0 robe
  a +0 dagger
(18, 4, Orc:4)
  a +0 leather armour
  a +0 club
(-14, 5, Orc:4)
  a +0 leather armour
  a +0 whip
(-14, 6, Orc:4)
  a +0 mace
(-5, 6, Orc:4)
  a +0 robe
  a +0 dagger
(-3, 6, Orc:4)
  a +0 chain mail
  a +0 long sword
(15, 6, Orc:4)
  a +3 leather armour
  a +0 hand axe
(17, 6, Orc:4)
  a +0 robe
  a +0 dagger
(-4, 7, Orc:4)
  a +0 club
(3, 7, Orc:4)
  a +0 robe
  a +0 dagger
  a large rock
(7, 7, Orc:4)
  a +0 robe
  a +0 dagger
(-5, 8, Orc:4)
  a cursed -2 leather armour
  a +0 falchion
(-4, 8, Orc:4)
  a +0 flail
(-2, 8, Orc:4)
  a +0 mace of crushing
(5, 8, Orc:4)
  a +0 robe
  a +0 dagger
(18, 8, Orc:4)
  a +0 hand axe
(0, 9, Orc:4)
  3 large rocks
(8, 9, Orc:4)
  a +0 flail
  a +0 short sword
  a +0 plate armour
  a +2 broad axe of venom
(9, 9, Orc:4)
  a cursed +0 dagger
  a +0 short sword
  a +0 ring mail
  a +3 flail
(-4, 10, Orc:4)
  a +0 whip
(-1, 10, Orc:4)
  a +0 leather armour
  (unseen)
(-20, 11, Orc:4)
  3 tomahawks
(-5, 11, Orc:4)
  a +0 chain mail
  a +0 great sword
(-4, 11, Orc:4)
  a +0 robe
  a +0 dagger
  a +0 ring mail
  a +0 trident
(-2, 11, Orc:4)
  a +0 hand axe
(-1, 11, Orc:4)
  a +0 hand axe
(-20, 12, Orc:4)
  a +0 club
(-15, 12, Orc:4)
  a tomahawk
(-14, 12, Orc:4)
  a tomahawk
(-12, 12, Orc:4)
  a +0 robe
  a +0 dagger
(-20, 14, Orc:4)
  a +1 war axe of chopping
  a +0 plate armour
(-19, 14, Orc:4)
  a +0 trident
(-8, 14, Orc:4)
  a tomahawk
(-7, 14, Orc:4)
  a +0 plate armour
  a +0 flail
(-7, 15, Orc:4)
  a +0 falchion
(-7, 16, Orc:4)
  2 tomahawks
  a +0 war axe
  a +0 short sword
(-12, 17, Orc:4)
  a +0 club
(-7, 17, Orc:4)
  a +0 hand axe (still there?)
  a +0 war axe (still there?)
  a +0 dagger (still there?)
  a +2 falchion of flaming (still there?)
  a +0 battleaxe (still there?)
(-12, 18, Orc:4)
  a +0 morningstar
(-11, 18, Orc:4)
  a +0 dire flail
  a +0 plate armour
(-10, 19, Orc:4)
  a +3 trident
  a +1 robe of positive energy
  an orc corpse
(-8, 21, Orc:4)
  a +0 club
  (unseen)
(-6, 24, Orc:4)
  a +0 flail
(-7, 29, Orc:4)
  a +0 dagger

Level 1 of the Abyss
(0, 0, Abyss:1)
  16 gold pieces
(-6, 5, Abyss:1)
  22 arrows of frost
(-7, 11, Abyss:1)
  24 gold pieces

