                              #################            
                              #...%...........#            
                              #...#######...#.#            
   ≈                          #...####  #...#.########     
                              ###....#  #...#........#     
                                #....########..#####.#     
 ,                              #....##...# #..#####.#     
*                               #.#####...# #........#     
                               ##.#...#...###........####  
     ,                         #........................#  
    *,*#####        #####      #..#...#######..#####.##.#  
    #.##...#     ####...###### #..#......####..#   #.##.#  
    #.##...##    #......##...# #..#......##....#   #.##.## 
    #.##...<######......##...###..#......##....### #.#..(# 
    #.###..%.............................%.......###.....# 
    #.# #.....##...#...#####...#.####.%...###.##.#.......# 
    #.###.#...##...#.%)#   #...#.##.......# #.##.#......## 
    #...#[##############   #####.......<### #.##.#...##.#  
    #...#.#   ##### ,  ,       #......#######....##..##.#  
    #.%.#.#   #..g# , ,  *  ####.................##..##.#  
    ##....#   #...  ,,     .........................(...###
     #....#   #... * *  *   ####....##########(..##...#...#
     #....##   #.###############....#######  ######.......#
     ###...##  #.......................(..#       #.......#
       #....####.##########...##.#......#(#       #......##
       #<...#..gg##...#   #...##.#......#.#       #...#### 
       ##...#..gg.....#   ######.##.#####.#      ##)..#    
        #.###..%......#        #.##.#   #.####   #....#    
     ####.#...##....###        #.##.#   #....#####....#    
     #....#..>,.......,,*      #.##.#   #.............###  
     #....#... .......       * ..##.#   #...............#  
     #....#..........,       * ..##.#   #..##.#####%....#  
     ####.#.#......>           ..# ,    #..##.#   #.....#  
        #.#.#.... ., #####     #.#...####..##.#####...###  
  #######.#.#....#   #...#     *,.....................#    
 ##....##.#......    #...#        ......#.........##..#    
 #......#.#...##.#   #...#         %#...##....###. #..#    
 #................. ##...#        #.######....###.##..#*   
 #..........####.#  #....#        #...............##...*   
 #.##..%....#   .####....#################.##.....# . ,    
##.########.####.......>..............%%).........# ,      
#.......................................[.........,  ,     
#...#####...##########.......###...#....##......#.  ,      
#...#   #...####...######....# #####....##......#     ,    
#####   #....................#     #...###.......  ,       
        ##...###...###########     ##### #....##           
         #...# #####                     #...##            
         #...#                           #...#   *         
         #####                            #                
