Asterion

Level 1 of the Dungeon
(0, 0, D:1)
  a +0 hand axe
(11, 6, D:1)
  a +0 dagger
(28, 14, D:1)
  27 stones
(5, 28, D:1)
  a +0 robe
(2, 30, D:1)
  a stone
(2, 32, D:1)
  2 stones
(1, 33, D:1)
  a stone
(2, 33, D:1)
  a stone
(19, 34, D:1)
  a +0 club
(-1, 35, D:1)
  a +0 club
(19, 37, D:1)
  a +0 spear of venom
(10, 42, D:1)
  a cursed -3 club

Level 2 of the Dungeon
(0, 0, D:2)
  18 stones
(-13, 10, D:2)
  a +0 leather armour
(39, 10, D:2)
  16 arrows
(29, 11, D:2)
  a +0 club
(32, 16, D:2)
  10 bolts
(-3, 21, D:2)
  a cursed +0 dagger
  a +0 hunting sling
  8 stones
(12, 27, D:2)
  5 stones
(31, 32, D:2)
  18 arrows
(40, 37, D:2)
  a cursed -3 club

Level 3 of the Dungeon
(0, 0, D:3)
  a +0 animal skin
(-2, 4, D:3)
  a +0 dagger
(19, 6, D:3)
  a +0 club
(-6, 9, D:3)
  17 stones
(-18, 14, D:3)
  a +0 quarterstaff
(16, 18, D:3)
  12 stones
(-24, 20, D:3)
  a +0 robe
(-23, 20, D:3)
  a +0 club
(-19, 24, D:3)
  a +0 robe
(-19, 25, D:3)
  a +0 dagger
  a +0 robe
(-27, 31, D:3)
  a +0 dagger
(-11, 32, D:3)
  a +0 whip
(1, 35, D:3)
  22 stones
(4, 36, D:3)
  a +0 whip
(-8, 42, D:3)
  a +0 whip

Level 4 of the Dungeon
[Shop] Shujac's Distillery
  a potion of berserk rage (42 gold)
  a potion of lignification (28 gold)
  a potion of berserk rage (42 gold)
  a potion of cancellation (77 gold)
  a potion of agility (35 gold)
  a potion of berserk rage (42 gold)
  2 potions of lignification (56 gold)
  a potion of degeneration (28 gold)
  a potion of berserk rage (42 gold)
  a potion of haste (98 gold)
  a potion of confusion (14 gold)
(0, 0, D:4)
  16 stones
(-21, 3, D:4)
  16 arrows of frost
(-40, 18, D:4)
  a +0 flail
  a +0 scale mail
(-40, 19, D:4)
  a stone
(-40, 20, D:4)
  a +0 flail
  a +0 dagger
  a +0 robe
(-40, 21, D:4)
  a +0 short sword
  3 stones
(-29, 22, D:4)
  a +0 robe
(-29, 30, D:4)
  a +0 leather armour
(11, 31, D:4)
  18 stones
(-26, 32, D:4)
  21 stones
(-27, 33, D:4)
  22 stones
(-20, 36, D:4)
  19 stones

Level 5 of the Dungeon
(0, 0, D:5)
  20 stones
(-8, 9, D:5)
  an uncursed ring of wizardry
(-20, 12, D:5)
  16 stones
(-7, 12, D:5)
  a +0 cutlass
(18, 17, D:5)
  a +0 short sword
(19, 17, D:5)
  a +2 dagger of protection
  a +0 robe
(16, 31, D:5)
  an arrow
(17, 31, D:5)
  an arrow
(16, 32, D:5)
  an arrow
(16, 34, D:5)
  a +0 shortbow
  13 arrows
(7, 35, D:5)
  10 stones
(7, 47, D:5)
  a +0 falchion

Level 6 of the Dungeon
[Shop] Kaganeat's Armour Shop
  a +2 centaur barding (350 gold)
  a +2 cloak of magic resistance (215 gold)
  a +0 scale mail (40 gold)
  the +0 cloak of Starlight {rElec rC+ EV+4 Stlth-} (409 gold)
    It affects your evasion (+4).
    It protects you from cold.
    It insulates you from electricity.
    It makes you less stealthy.
  a +0 leather armour (20 gold)
  a +0 ring mail (40 gold)
  a +0 plate armour (230 gold)
  a cursed -2 robe (1 gold)
  a +0 ring mail (40 gold)
  a +0 robe (7 gold)
  a cursed +0 scale mail (30 gold)
  a +0 plate armour (230 gold)
  a +2 chain mail of cold resistance (215 gold)
  a +0 leather armour (20 gold)
(0, 0, D:6)
  a +0 hand axe
(-5, 1, D:6)
  7 stones
(-14, 3, D:6)
  a +0 club
(31, 3, D:6)
  a +0 hand axe
  a +0 chain mail
(-14, 5, D:6)
  9 stones
(-22, 18, D:6)
  27 arrows
(-12, 20, D:6)
  18 bolts
(14, 21, D:6)
  a +0 spear
(-1, 30, D:6)
  a +0 mace
  a +0 cloak
(0, 31, D:6)
  a +1 hammer of protection
(8, 37, D:6)
  27 stones
(-10, 41, D:6)
  a +0 club

Level 7 of the Dungeon
(0, 0, D:7)
  a +3 shortbow
  20 arrows
(3, 0, D:7)
  a +0 pair of boots
(4, 4, D:7)
  a +0 shortbow
  4 arrows
(6, 5, D:7)
  2 arrows
(7, 5, D:7)
  an arrow
(8, 6, D:7)
  2 arrows
(10, 6, D:7)
  an arrow
  20 stones
(-26, 16, D:7)
  5 tomahawks
(17, 19, D:7)
  a +0 giant club
(2, 20, D:7)
  a +0 giant spiked club
  2 throwing nets
(0, 21, D:7)
  a dwarf skeleton
(-29, 29, D:7)
  an adder skeleton
(-20, 30, D:7)
  23 arrows
(0, 41, D:7)
  17 stones

Level 8 of the Dungeon
(0, 0, D:8)
  12 gold pieces
(-1, 3, D:8)
  a +0 dagger
  (unseen)
(0, 3, D:8)
  a +0 club
  (unseen)
(6, 6, D:8)
  a +0 robe
(-3, 8, D:8)
  a +0 war axe

