Sanguine

Level 1 of the Dungeon
(0, 0, D:1)
  a +0 dagger
(-23, 2, D:1)
  16 stones
(-17, 7, D:1)
  a +0 leather armour
(-27, 9, D:1)
  a +0 dagger
(-30, 10, D:1)
  15 arrows
(-17, 14, D:1)
  a +0 club
(-27, 18, D:1)
  19 stones
(8, 37, D:1)
  a cursed -2 club
(8, 38, D:1)
  a +0 club
(-27, 41, D:1)
  8 poisoned needles

Level 2 of the Dungeon
(0, 0, D:2)
  9 bolts of flame
(-28, 13, D:2)
  16 stones
(-20, 14, D:2)
  17 stones
(-1, 16, D:2)
  a +0 leather armour
(-4, 18, D:2)
  a stone
(-3, 19, D:2)
  a stone
  a +0 whip
(-1, 19, D:2)
  a stone
(2, 19, D:2)
  a +0 club
  a +0 hunting sling
  3 stones
(-8, 21, D:2)
  2 stones
(22, 24, D:2)
  a +0 club
(-15, 25, D:2)
  a cursed +0 robe
(-12, 25, D:2)
  a throwing net
(31, 28, D:2)
  20 stones
(-23, 37, D:2)
  a +0 hunting sling
(-8, 40, D:2)
  a +0 whip

Level 3 of the Dungeon
(0, 0, D:3)
  a stone
(1, 2, D:3)
  a stone
(42, 3, D:3)
  18 bolts
(2, 4, D:3)
  a +0 dagger
  19 stones
(19, 6, D:3)
  21 stones
(44, 6, D:3)
  a +0 short sword
(18, 10, D:3)
  a +0 robe
(8, 12, D:3)
  a stone
(9, 12, D:3)
  2 stones
(13, 12, D:3)
  a stone
(14, 14, D:3)
  3 stones
(-13, 15, D:3)
  26 stones
(13, 15, D:3)
  a +0 whip
  23 stones
(21, 18, D:3)
  a +0 short sword
(25, 18, D:3)
  a stone
(26, 18, D:3)
  a stone
(-7, 19, D:3)
  a +0 flail
(-6, 19, D:3)
  a +0 ring mail
(35, 37, D:3)
  a +0 ring mail

Level 4 of the Dungeon
(0, 0, D:4)
  a +0 buckler
(9, 11, D:4)
  a +0 dagger
  (unseen)
(9, 17, D:4)
  20 stones
(4, 23, D:4)
  a +0 giant club
  a cursed +0 club
(-3, 26, D:4)
  10 stones
(2, 29, D:4)
  a +0 club

