 ********                                *******                      
 *,,,,,,*                                *,,,,,*                      
 *,,,,,,*                                *,,,,,*                      
 *,,,,,,*                                *,,,,,*                      
 *,,,,,,*                                *,,,,,*                      
 *,,,,,,*                                *,,,,,*                      
 *,,,,,**                                *,,,,,*                      
 *,,,,,,*                           #########,*********               
 *,,,,,,*     ###*****##*********####.......#,*,,,,,,,*               
 #.....**     #..,,,,,..,,,,,,,,,,..........+,,,,,,,,,*               
 #......*     #.#*****.#************#.......#,,,*,,,,,*               
 #..$...*     #.#    #.#            #.......#,,,*,.,,,*               
 #......*     #.#    #.#            #.H.....#+###..,,,*               
 #.....########.######.##############.####.........,,,****************
 #.....##................................#.......#*+*,,,,,,*,,*,**,,,*
 #..........5........................#yy.#...)...#,,,,,*,,,,*,,,,,,,,*
 #...................................#...#.......#,,,,,*,,,,*,,,,,,,,*
 #...................................'...#.......#,,,,,*,,,,+<,,,,,,,*
 #....§##....##........[.............#####.......#+*******+**+****,,,*
 #.....##....#.........#########'####[.....#######,,,,**,,,**,,,******
 #...........#.........#,,,,,,....,,#......#,,,,,,,,,,,,,,,*,,,,,,,,,*
 #...........#.[.......#,,,,.......,#......+,,,<,,,,,,,,,,,*,,,,,,,,,*
 #....$......#.........+,,..........#......#,,,,,,,,,,,,,,,+,,,,,,,,,*
##'###########.........#,,.##.####..#......##,,**,,,****,,,****,**,,,*
#..........,,,..######.#****#.****.y##......#,,**,,,****,,,****+**,,,*
#..........,,,..*,,,,'..,,,,.,,,,*...#......#,,,,,,,*,,,,,,,,*,,,,,,,*
#..........,,,,,*,,,,*,,,,,,,,,,,*,,,#..?...#,,,,,,,*,,,,,,,,*,,,,,,,*
#..........,,,,,*,,,,*,,,,,,,,,,,+,,,#.....5+,,,,,,,*,,,,,,,,*,,,,,,,*
#..........,,,,,*,,,,*,,,,***,,****+##......#######,**,********,,,,,,*
#<.........,,,,,*,,,,*,******>,***,,#.............#,**,*,,,,,,********
#..........,,,,,*,,,,,,,,,,,,,,*,,,,#......H......#,,,,*,,,,,,*       
#..........,,,,,*,,,,*,,,,,,,,,*,,,,#.............#,,,,*,,,,,,*       
#########+#,,,,,*,,,,*,,,,,,,,,*,,,,#......5......#,,,,*,,,,,,*       
 *,,,,,,,,+,,,,,*,,,,,,,,,,,,,,*,,,,#.....yyy.....+,,,,*,,,,,,*       
 *,,,,,,,,*,,,,,+,,,,*,,,,**,*******#.............#*****,,,,,,********
 *,,,,,,,,*,,,,,*,,,,*,,,,**,*,,,,,........######..,,,,,,,,*+*,,*,,,,*
 *,,,,,,,,*,,,,,*,,,,,,,,,,,,*,,,,.........#    *,.,,,,,,,,*,,,,,,,,,*
 *,,,,,,,,*,,,,,*,,,,*,,,,,,,*,,,,.........#    *,,,,,,,,,,*,,,,,,,,,*
 *,,,,,,,,*,,,,,*,,,,*,,,,,,,*,,,,,........#    *,,,,,,,,,,*,,,,,,,,,*
***+*******,,,,,*,,,,,,,,,,,,*,,,,,,.%.....*    *,,,,,,,,,,*,,,,,,,,,*
*,,,,,,,,,,,,,,,+,,,,,,,,,,,,+,,,,,,.......*    *,,,,,,,,,,*,,,,,,,,,*
*,,,,,,,,,,,,,,,*,,,,,,,,,,,,*,,,,,,.......*    *,,,,,,,,,,*,,,,,,,,,*
*,,,,,,,,,,,,,,,*,,,,*,,,,,,,*,,,,,,,,,,,,,*    *,,,,,,,,,,*,,,,,,,,,*
*,,,,,,,,,,,,,>,*+*****,,,,***,,,,,,,,,,,,,*    *,,,,,,,,,,***********
*,,,,,,,,,,,,,,,*,,,,**,+***,,,,,,**********    ************          
*********+*,,,,,*,,,,,,,,,,*,,,,,,*                                   
 *,,,,,,,,+,,,,,+,,,,,,,,,,*,,,,,,*                                   
 *,,,,,,,,*,,,,,,,,,,,,,,,,*,,,,,,*                                   
 *,,,,,,,,*****,,******,,,,*,>,,,,*                                   
 *,,,,,,,,,,,,,,,*,,,,*,,,,+,,,,,,*                                   
 *,,,**,,,**,,,,,***,,*,,,,*,,,,,,*                                   
 *,,,**,,,**,,,,,,,,,∩*,,,,*,,,,,,*                                   
 *,,,*,,,,,,,,,,,***,,*,,,,*,,,,,,*****                               
 *,,,*,,,,**,,,,,*,,,,*,,******+***,,,*                               
 *,,,*,,,,****+*,******,**  *,,,,,,,,,*                               
 *,,,+,,,,,*,,,,,,,,,,,,*   *,,,,,,,,,*                               
 *,,,*,,,,,+,,,,,,,,,,***   *,,,,,,,,,*                               
 *,,,*,,,,,*,,,,,,,,,,*     *,,,,,,,,,*                               
 **********************     ***********                               
