                 ###########                             
                 ..#∩..#..∩#                             
             ##  #.#...#.o.#                             
             #.. #.#...#.To#   .                         
             #...#.##'###C##.....                        
             +._.').)).....'.....#                       
             #...###'############                        
             #.. #...).#..###...#    #                   
             ##  #...))#.......###  ≈≈#                  
                 #..⌠))))........#  ≈≈≈≈                 
                 #....)#.........###≈≈≈≈≈                
                 #.....#..........♣P≈≈≈≈≈#  ≈#≈          
            ############.............≈≈≈#   ≈≈≈#         
            #...##.................♣...≈#   ≈≈#          
            ###......................P♣  ###≈#           
          ### #............##......[.##  #≈≈##           
         ##.###............###......######≈≈≈#           
      ####...###...<......##...#.......♣#≈≈≈##           
     ##....#..##........###................≈≈#           
    ##.........#.......#####......[.........##           
    #.........###.)....##.##............##.##            
    #..........##.....##..#.#......)...##.##             
    #..........###...#...#.######..)).########           
    ##.##...)...###.))..####  #....#)##   #..###         
     ###.........##.....##  #....###.#    #..'.#         
       #.........)##()...## #....  #.#    #..#)#         
       ##.#....)..)#()....# ###..  #.###+#####)# .       
        #####......)#.....#   .#   ..........))# ...#    
 ###        ###.....)....####      ##'##...)#### ... .   
 #.##    ######..........#..######.# . #..).#..##..##..  
 ##.#  ###...##..........#..'......# ..#)...'..#...#.... 
 #..####......##.........#..#.####.#####)####..#........ 
 #.#..#........##........####.#..#....)...).####........ 
 #..)............)........8##.'..#.....####(####.8...8...
 #..#)..)).<.)....))).)..))'.)#..#..⌠..#..#))..[)........
 ##.###........)..).).)...8##)####.....#..).####.8...8...
##...###.......##........####.)........#..#.####........ 
#....# ##.....##.........#  ####.#####.####.#..#........ 
##...## ##...##......#...#  +...)#...#......'..#...#.... 
 #....## ######...).##..##  #....#...#.#....#..##..##..  
 ##.#..####..##..)).#...#   #....##)##.#....#### ... .   
 #####....#........##...#   #.....)).).#.......# ...#    
 #...#..#..........#....#   +.##'###.###'#####.# .       
 #....#...).......##...##   #.#... #.##...#    #         
 #......))......)##....#    #.#... #.##...#              
 #..............###...##      ######+######              
 #..............##...##                                  
 ##..................##                                  
  ###........#.#......##                                 
   #........##.#.......##                                
####.......#........[...#                                
#..)##.##.##.......<....#                                
##..).###.....#...))....#                                
 ##....##.....#........##                                
  #...####............##                                 
  ##..#....#.........##                                  
   ##.##..##......####                                   
    ###########....#                                     
              ######                                     
