Xombaby

Level 1 of the Dungeon
(0, 0, D:1)
  a +0 club
(12, 2, D:1)
  a +0 short sword
(22, 8, D:1)
  a +0 leather armour
(-1, 10, D:1)
  a +0 club
(35, 13, D:1)
  a +0 hunting sling
(48, 13, D:1)
  a +3 ring of intelligence
(50, 14, D:1)
  a +0 robe
(1, 29, D:1)
  a +0 buckler
(56, 33, D:1)
  11 stones

Level 2 of the Dungeon
(-10, 1, D:2)
  a +0 club
(5, 1, D:2)
  a stone
(6, 5, D:2)
  a stone
(-13, 7, D:2)
  a cursed -2 hunting sling
(-13, 8, D:2)
  a +0 short sword
(5, 9, D:2)
  a stone
(-12, 10, D:2)
  a +0 whip
(23, 12, D:2)
  a +0 club
(-13, 13, D:2)
  a +0 hand axe
(27, 19, D:2)
  a +0 club
(-26, 22, D:2)
  a +0 whip
(-26, 23, D:2)
  a cursed -2 dagger
(30, 32, D:2)
  a +0 pair of boots
(-20, 34, D:2)
  a +0 ring mail
(29, 46, D:2)
  a +0 hunting sling

Level 3 of the Dungeon
(0, 0, D:3)
  14 sling bullets of frost
(2, 0, D:3)
  a +0 flail
(23, 7, D:3)
  a +0 hand axe
  a +0 leather armour
  a +0 dagger
  a +0 robe
  a +0 mace
(24, 8, D:3)
  a +0 dagger
  a +0 leather armour
(-20, 11, D:3)
  a +0 dagger
(-15, 11, D:3)
  a +0 scale mail
  a +0 quarterstaff
(-11, 11, D:3)
  9 sling bullets
(19, 15, D:3)
  a +0 dagger
(-10, 22, D:3)
  a +0 dagger
  a +0 robe
(-4, 22, D:3)
  a +0 giant club
(20, 22, D:3)
  a +0 mace
(3, 23, D:3)
  19 arrows
(11, 24, D:3)
  a +0 hand axe
(11, 26, D:3)
  5 poisoned tomahawks
(18, 28, D:3)
  a +0 hunting sling
(17, 32, D:3)
  12 silver bolts
(-11, 39, D:3)
  a +0 leather armour
(-14, 49, D:3)
  7 stones

Level 4 of the Dungeon
(1, 0, D:4)
  a +0 club
(-7, 1, D:4)
  a +0 hand axe
  a +0 leather armour
(-7, 2, D:4)
  a +0 giant club
(-32, 3, D:4)
  an uncursed ring of loudness
(-13, 3, D:4)
  23 arrows
(-29, 7, D:4)
  a +0 club
(10, 11, D:4)
  a stone
(1, 12, D:4)
  a +0 whip
(6, 15, D:4)
  a +0 hunting sling
  15 stones
(7, 15, D:4)
  a +0 dagger
  a +0 robe
(8, 15, D:4)
  a +0 dagger
  a +0 robe
(7, 16, D:4)
  a +0 club
  a +0 chain mail
(8, 17, D:4)
  2 stones
(-31, 19, D:4)
  a cursed -2 club
  a +0 hand axe
  a +0 club
  a +0 morningstar
  a +0 club
(11, 19, D:4)
  a stone
(-42, 29, D:4)
  a +0 club
(8, 29, D:4)
  a stone
(6, 30, D:4)
  a +0 robe
(9, 31, D:4)
  3 stones
(-20, 32, D:4)
  a +0 club
(12, 33, D:4)
  a +0 hunting sling
  7 stones
(5, 36, D:4)
  a +0 hand axe
(20, 44, D:4)
  a +0 hand axe
  a +0 ring mail
  a +0 flail
(20, 45, D:4)
  a +0 club

Level 5 of the Dungeon
(0, 0, D:5)
  a +0 quarterstaff
(-3, 3, D:5)
  10 gold pieces
(5, 3, D:5)
  an uncursed amulet of clarity
(11, 7, D:5)
  a +0 short sword
(-24, 9, D:5)
  a worm corpse
(-19, 10, D:5)
  a bat corpse
(-18, 11, D:5)
  a worker ant corpse
(5, 11, D:5)
  a +0 leather armour (still there?)
  a +0 club (still there?)
(9, 11, D:5)
  a bread ration
(6, 12, D:5)
  an adder corpse
(-22, 23, D:5)
  a +0 club
(-35, 24, D:5)
  12 stones
(-1, 25, D:5)
  a goblin skeleton
(-28, 29, D:5)
  a +0 ring mail

