################################################                   
#....%.P...........p....h.........P............#                   
#..............P................P.............P#                   
#....≈≈≈≈≈≈≈≈≈≈≈≈≈≈≈≈≈≈≈≈h≈≈≈h≈h≈≈≈≈≈≈≈≈≈h≈≈h≈h#                   
#....≈≈≈≈≈≈≈≈≈≈≈≈≈≈≈≈≈≈≈≈≈≈≈≈≈≈≈≈≈≈≈≈≈≈≈≈≈≈≈≈≈≈#                   
#....≈≈#####≈≈≈≈≈≈≈≈≈≈≈≈≈≈≈≈≈≈≈≈≈≈≈≈≈≈≈≈#####≈≈#                   
#....≈≈#...#..............$.............#ggg#≈≈#                   
#....≈≈#...##############################g..#≈≈#                   
#....S≈###'#                            #'###≈≈#                   
#....≈≈≈.#.#                            #.#.(≈≈#                   
#....≈≈≈.#.                             #.#(≈≈≈#                   
#....≈≈≈.#                              #.#(≈≈≈#                   
#....≈≈≈.#                               .#(≈≈≈#                   
#.P..≈≈≈.#                               .#.≈≈≈#                   
#....≈≈≈.#                             ##.#.≈≈≈#                   
#....h≈≈.#                             .#.#.≈≈≈#                   
#....≈≈≈.#                              '.#.≈≈≈#                   
#....≈≈###+#                            #g###≈≈#                   
#...P≈≈#.g[##########       #############...#p≈#                   
#....≈≈#.gg#..........     .......$§....#.gg#≈≈#                   
#....≈≈#####≈≈≈≈≈≈≈h≈≈     .≈≈≈≈≈≈§§§≈≈≈#####≈≈#                   
#....≈≈≈≈≈≈≈≈≈≈≈≈≈≈≈≈≈    ..≈≈≈≈§§§§§§≈≈≈≈≈≈≈≈≈#     ######        
#P...≈≈≈≈≈≈≈≈≈≈≈≈≈≈≈oo    ..≈≈≈≈≈≈§§§§≈≈≈≈≈≈≈≈≈#     #(...#        
#...............grho.     ......§§§§§§.......P.#######..<g####     
#########....>..§...o.   ........§§§§§....................>.....!  
        #...<...#.g..     #.......§######.############.......###   
        #.........###     #.#...#.......#.#          ###.....#     
        #...........#       #...#.#)..#.#..            #.....#     
        ####%..?....#       #.#.....%.#.###.  .        #.....#     
           #..g#.....#      # #.#.....#.###.....       ......#     
       #####...#.....#       ...#..%...<........       #.....      
       #..........w....     ........#.#.###.....       ..#+#       
       #......##..b..#       ..##.......#     #          #.#       
       #......########       . ...?..#..#          #     #.#       
       #####......#           .....#.#...          #(#####.#       
           ##.###.#            ......#...?         #h#.....#       
            #g#                 #.........         #>......#       
            #.#                   ####....           #.##..#       
            #.#                       ...            #...%.######.#
            #.#                                      ##<...@.......
            #.#                                       ###..b..###.#
            #.#                                         #..##.###.#
            #.#                                    ######..#!.....#
           ##'####                                 #.......#..###.#
           #.....#              #.# #####          #.#........#    
           #.o...#              #.###....          #.#.##....##    
           #..g..#              ..##....#          #.#.#.....#     
           #rh...#              #.......#          #.........#     
           ##o####             ##.......#          #...##....#     
            #r#                 ..#.....############.........#     
            #.#                 #.#.....+...##........####.###     
            #.###################.##....###.#.h..####.#  ...       
            #...o...r...............>................... ....      
            #.#############################.#..#b####.#....#.#     
            #.#                           #.####.#  ....### .      
            #.#                           #..  ..#  ### #          
            #.#                           #### ###                 
            ..#                                                    
            .##                                                    
            .                                                      
            #                                                      
                                                                   
                                                                   
