        J o   o o                                                      
                                                                       
             o                                                         
               o                                                       
                                         S                             
                                                                       
                              r                                        
                                                                       
              g                                                        
                 F                                                     
                                                                       
                                                                       
       #               w                                               
      ...#                                      s    ...               
     ....#                                        .........            
   ##....##              #.     ########         ..)........           
  ##......#     ####     #.    ##......###.     .............          
  #...#...#######..##    #.   ##............   ..............#         
  #...#.............#    #.####..##.........   .$......."......        
  #..........######.##   #..##..###...#.....   ................        
   #.....#..##    ##.##   #....###..### ###   #................        
    #.##....#      ##.### #...###..##          #................      a
       ##.>.#       ##..###...###.##           ##.............).       
        #...#        ##...........#             ##......{........      
        ##..#         #....†.....##             .###.............      
         #..#        ##...#.....†###            ...##..o.........      
         #..##      ##...#####...†.#######      #..####.[o.g%.....     
         ##..##     #...##   ##..........#      #..#  ###†........     
          #...#     #..##     ##.........#      #..#  ##..##......     
          ##..#     #...###   ##...##...##      #..####...# # #..      
         ##..##     #.....#####...#######       #..##...###            
        ##..##      ##.......##..##             #......##              
    #  ##..##        #######..##..#           ###.....##               
    #.##..##               ##.###.##    #######.......#                
 .  #.#..##   #####         #.# ##.##   #.............##               
#.# #...##   ##.<.##        #.#  ##.#####..####........#               
#.# #...## ###.....#        #.#   ##..##...#####.......##              
#.# #.#..###......#######  ##.##   ##.......##..........####           
#.# #.###........####...####.).###  #...#............<.....##          
#.# #.# #####...(# #.............####..####...................         
#.# #.#     #....###.........####......# ##.......÷..........          
#.###.#    ##...............##  ##.....# #...................          
#...#.#  ###........###....##    #.....###..##...............          
#.#.#.####........### #..###    ##.###.....###.......####..#           
#.##..##...###...##   #[.#     ##.## #....####..##...#   ..            
#.##.....### ##..#    #..#    ##.##  ##.>.###.####..##                 
#.###...##    #..#    #..#   ##.##   #....#..##  #..#                  
#.# #.###     #..#    #..#  ##..#   ##.......#   ..##                  
#.# #.#       #..#    #..# ##..##  ##.......##   .##                   
#.# #.#       #..##   #..###....####..##....#    #                     
#.# #.#       #...#  ##...#..........###........#                      
#.###.#########..#####...............###.......##                      
#.....................................##.......#                       
############....######..#...#######...##.......#                       
           #..###    #.###.##     #..########..#                       
           #.##      #.# #.#      #.##       #.                        
           #.#       #.# #.##     #<#                                  
           ###       #.# ##.#     #.#                                  
                     #.#  #.#     #.#                                  
                     #.#  ###     ###                                  
                     #.#                                               
                     ###                                               
