                                                   ####   
                                                ####..####
                                      ###########........#
         ####################        ....................#
         #....%..........#..##      #.........###(.......#
         #..############.....#  #####.........#####...####
         ##....##....###....####..............##......#   
  ############....<.>.................................#   
###......#####...............#..#####.........##......#   
#..............................##   #.........##......#   
#..........####........#.#..#...##  #####.##.##...#####   
###......###  #........#>#.......#   ####.##.#..#.#       
  ####.....#####......##.#....##.### #...(#..#.##.########
     #####.........##........###...###....#..............#
        ##............∩.............)....................#
        #....................)........P.P................#
        #..........#.#.#...##.######..P_.........#########
        #.................###.     #....P.....##.#        
        #................## #      #..........##.#        
        #...............)#         ##.........##.#        
        #................#        ####<.......##.#        
        ##...............#        ............##.#        
         #.......#......          ####........##.#        
      #....##.#)?#.......         ##############.#        
      #.####...#(.........         §§§§§.§§$$$$#.#        
      .  ##......#.#..##.##        #############.#        
        ##.......#.........        §....§§§....#.#        
        #..................   #     ########8+8#.#        
       ...............##.##[  ...    ###.#Y##.##.#####    
        ##......#..)......... ..       #.#.##........#    
         #.....##....###.###  ..         #..........!#    
         ###.........# #.#  ##.          ##....).....#    
          ....##.....# #.#  #..           ##.!K%Y....#    
          .##....#...# #.#  #.#            ##........#    
           ###..###..###.#  #.#             #........#    
           #...........#.####.#####...      #........#    
           ..............<..........#       #......>.#    
            .######...#..####.#######       #%.......     
                  #...#...#.....####        #.......      
                  #####..............         ###         
                      #.........####                      
                      #...#.....#                         
                      ##.##.....#                         
                       ####.....#                         
                          #######                         
