Eric

Level 1 of the Dungeon
(11, 11, D:1)
  a +1 ring mail
(-22, 29, D:1)
  a cursed +0,-2 club
(-14, 31, D:1)
  a -1,+1 orcish club

Level 2 of the Dungeon
(0, 0, D:2)
  a -1,+1 orcish club
(4, 10, D:2)
  a +0,+0 club
(3, 12, D:2)
  a -1,+0 orcish club
(9, 13, D:2)
  a +0,+1 orcish club
(-35, 23, D:2)
  a +0,+0 orcish club
(-21, 29, D:2)
  a +0,+0 dagger
(-34, 31, D:2)
  a +0 pair of boots
(-36, 33, D:2)
  a +0,+0 orcish club
(-2, 33, D:2)
  a +0,+0 club
(-20, 36, D:2)
  a +0,+0 dagger
(-16, 37, D:2)
  a +0,+0 whip
  a +0,+0 club
  a cursed -3,-1 club
(-16, 38, D:2)
  a +0,+0 club
(-22, 49, D:2)
  a +0,+0 club

Level 3 of the Dungeon
(0, 0, D:3)
  a +0,+0 orcish flail
(-10, 1, D:3)
  a cursed -2 blowgun
(1, 1, D:3)
  a +0,+1 orcish trident
  a +1 orcish leather armour
(-1, 2, D:3)
  a -1,+0 orcish club
(0, 2, D:3)
  a +0,+0 orcish mace
(-8, 11, D:3)
  a +0,+2 mace
(-3, 12, D:3)
  a +0,+2 spear
(-4, 16, D:3)
  a -1,+1 orcish flail
(33, 16, D:3)
  a +0,+0 whip
(-4, 17, D:3)
  11 darts
(-7, 19, D:3)
  a dart
(-4, 20, D:3)
  a +1 orcish robe
(-3, 21, D:3)
  a -1,+0 orcish dagger
  a +0,+2 orcish dagger
  a cursed +0 orcish robe
  a -1,+1 orcish mace
(32, 29, D:3)
  a +0 orcish leather armour of fire resistance
(5, 34, D:3)
  a -1,+0 orcish club
(-6, 35, D:3)
  a +0,+0 club
(-16, 39, D:3)
  a +0,+0 dagger

Level 4 of the Dungeon
(0, 0, D:4)
  a +2,+1 whip
  a dart
  a +0 animal skin
(53, 20, D:4)
  a +0,+0 short sword
(52, 21, D:4)
  a -1,+2 orcish short sword
(2, 34, D:4)
  a +0,+0 elven dagger
(60, 42, D:4)
  a -3 ring of strength

Level 5 of the Dungeon
(0, 0, D:5)
  a +1,+2 scythe
  a +1,+1 elven long sword
(7, 3, D:5)
  a +0 robe
  a +0 scale mail
  a +0 orcish robe
  a +0 ring mail
  a +0 chain mail
  a +0 orcish leather armour
  a +0 cloak
  a +0 leather armour
  a +0 elven ring mail
  a +0 ring mail
  a +0 leather armour
(-26, 4, D:5)
  a +2,+3 orcish dagger of freezing
(4, 20, D:5)
  a cursed -1,+0 orcish dagger
  a +0,+1 orcish dagger
  a -1,+1 orcish club
  a +0,+0 club
  a -1,+1 orcish dagger
  a +0,+0 dagger
(-31, 26, D:5)
  a +2,+0 spear
(-29, 28, D:5)
  a +0,+0 halberd
(-23, 34, D:5)
  a +0 orcish leather armour
  a +0 orcish chain mail
(-22, 34, D:5)
  a +0,+1 orcish whip
  a +0 orcish leather armour
  a -1,+1 orcish short sword
  a +0 orcish robe
  a +0,+0 orcish dagger
(-21, 35, D:5)
  a +0,+0 orcish hand axe
  a +0,+0 orcish hand axe
(2, 45, D:5)
  a -1,+0 orcish mace
  a +0,+0 orcish hand axe
(-34, 47, D:5)
  a +0,+0 whip

Level 6 of the Dungeon
[Shop] Psicsaw's Armour Boutique
  a +0 elven leather armour (34 gold)
  a +1 cloak of magic resistance (150 gold)
  a +2 leather armour (183 gold)
  a +1 ring mail (126 gold)
  a +1 dwarven plate armour (522 gold)
  the cursed -4 leather armour of Chimes {+Blink rC+} (116 gold)
    It protects you from cold.
    It lets you blink.
    It has a curse placed upon it.
  a +2 scale mail of fire resistance (702 gold)
  a +3 scale mail of magic resistance (1150 gold)
  a +0 leather armour (30 gold)
  a +0 orcish robe (12 gold)
  a cursed +0 ring mail (32 gold)
  a +0 robe (14 gold)
[Shop] Eshrius' Weapon Boutique
  8 stones (10 gold)
  7 curare-tipped needles (54 gold)
  a cursed -3,-2 short sword (1 gold)
  a +0 blowgun (32 gold)
  15 sling bullets of flame (234 gold)
  18 stones (23 gold)
  a +0,+0 falchion (39 gold)
  a cursed -3,-2 club (1 gold)
  a +0,+0 sling (19 gold)
  a +0,+0 short sword (41 gold)
  8 javelins (83 gold)
  a cursed -1,-1 elven dagger (9 gold)
[Shop] Strokhae's Gadget Shoppe
  an ornate deck of changes (550 gold)
  a stone of tremors (1100 gold)
  a box of beasts (550 gold)
  a lantern of shadows (550 gold)
  a plain deck of changes (385 gold)
  a lamp of fire (1100 gold)
  a lantern of shadows (550 gold)
  a bottled efreet (440 gold)
  a disc of storms (1742 gold)
  a plain deck of defence (385 gold)
(-1, 10, D:6)
  a +0 leather armour
  a +0,+0 bow
  a +0,+0 short sword
  a +0,+0 falchion
  a +0,+0 glaive
(0, 16, D:6)
  a +0,+1 orcish club
(-8, 17, D:6)
  a +1,+0 orcish flail
(-6, 17, D:6)
  a +0,+1 orcish flail
(-5, 17, D:6)
  a +0 orcish leather armour
(-4, 17, D:6)
  a +0,+2 orcish great mace
  a +0 orcish chain mail
  a +0,+1 orcish short sword
  a +0 orcish plate armour
(-3, 17, D:6)
  a +0,+0 orcish club
  a +0 orcish leather armour
(-10, 18, D:6)
  a +0 cloak
(-40, 20, D:6)
  a +0 leather armour
  a +0 leather armour
  a +1,+1 orcish hand axe of returning
  a +0,+0 great sword
(-7, 32, D:6)
  a +1,+0 elven dagger of protection
(-24, 35, D:6)
  a cursed +0,-3 orcish club
(-23, 37, D:6)
  a +0 leather armour
(-11, 37, D:6)
  the cursed -5 pair of boots "Twipyf" {Int-2 Acc+4}
    It affects your intelligence (-2).
    It affects your accuracy (+4).
    It has a curse placed upon it.
(-25, 43, D:6)
  a +0 robe
  a +0,+0 long sword
  a +0 robe
(-25, 44, D:6)
  a +2,+3 mace
  a +0,+0 battleaxe
  a +2 robe
(-25, 46, D:6)
  a +2,+3 flail
  a +0 robe
(1, 47, D:6)
  a -1,+0 orcish club

Level 7 of the Dungeon
(0, 0, D:7)
  a +2,+2 mace
(-12, 7, D:7)
  a potion of paralysis
(20, 20, D:7)
  a +2,+0 quarterstaff
(22, 20, D:7)
  5 sling bullets
(-17, 23, D:7)
  a +0 robe
(11, 28, D:7)
  a +0,+0 giant club
(3, 29, D:7)
  a sling bullet
(-13, 30, D:7)
  2 sling bullets
(3, 34, D:7)
  a sling bullet
(-22, 35, D:7)
  a +0,+0 long sword
(-3, 38, D:7)
  a -1 pair of gloves
(11, 38, D:7)
  a -1,+0 orcish club
(15, 41, D:7)
  a +0,+0 bow
(19, 41, D:7)
  a +0,+1 orcish club
(-19, 44, D:7)
  a +0,+0 club
(-17, 44, D:7)
  a +0,+0 spear

Level 8 of the Dungeon
[Shop] Katheaha's Antique Weapon Emporium
  a +0,+0 long sword (144 gold)
  a +0,+0 sling (48 gold)
  a +5,+2 battleaxe of freezing (208 gold)
  a +0,+0 battleaxe (208 gold)
  a +0,+0 falchion (96 gold)
  a +5,+1 crossbow of flame (131 gold)
  a +0,+0 sabre (128 gold)
  a +0,+0 war axe (128 gold)
  a +0,+0 halberd (166 gold)
  a +0,+0 mace (96 gold)
  a +0,+0 sling (48 gold)
  a +0,+0 sabre (128 gold)
(0, 0, D:8)
  a +0 elven robe
  a cursed -1 robe
  a +0 ring mail
  a +0 pair of orcish gloves
(-49, 1, D:8)
  a +0,+0 giant club
(-7, 12, D:8)
  an arrow
(-49, 13, D:8)
  a +0,+1 orcish club
(-9, 13, D:8)
  2 arrows
(-10, 14, D:8)
  a bat corpse
(-12, 15, D:8)
  a rat corpse
(-42, 16, D:8)
  a +0,+0 short sword
(-53, 26, D:8)
  a +0,+0 club
(-2, 26, D:8)
  a +0,+0 short sword
(-40, 28, D:8)
  a +0,+3 orcish flail
  a +0 orcish ring mail
(3, 39, D:8)
  32 sling bullets

Level 9 of the Dungeon
[Shop] Araept's Assorted Antiques
  (Shop contents are unknown)
(0, 0, D:9)
  a scroll of remove curse
(-1, 6, D:9)
  an arrow
(-4, 7, D:9)
  an arrow

the Ecumenical Temple

