Sanguine

Level 1 of the Dungeon
(0, 0, D:1)
  a +0 whip
(10, 2, D:1)
  a +0 leather armour
  a +0 ring mail
(28, 8, D:1)
  2 poisoned tomahawks
(31, 8, D:1)
  a +0 dagger
(32, 9, D:1)
  a +0 club
(42, 9, D:1)
  21 poisoned needles
(46, 11, D:1)
  3 stones
(42, 19, D:1)
  22 bolts
(57, 19, D:1)
  a +0 short sword
(43, 21, D:1)
  a +0 mace
(12, 25, D:1)
  a +0 dagger
(60, 25, D:1)
  18 stones
(5, 33, D:1)
  a +2 dagger of speed
(8, 33, D:1)
  a stone
(9, 33, D:1)
  a stone
(9, 34, D:1)
  a stone
(43, 36, D:1)
  a +0 club
(29, 45, D:1)
  a +0 dagger

Level 2 of the Dungeon
(0, 0, D:2)
  12 stones
(-16, 4, D:2)
  a cursed -2 hunting sling
(-25, 7, D:2)
  a +0 mace
(16, 13, D:2)
  a +0 mace
(1, 15, D:2)
  a +2 dagger of speed
(34, 15, D:2)
  a +0 dagger
  5 stones
(5, 16, D:2)
  a stone
(6, 17, D:2)
  a stone
(7, 18, D:2)
  a stone
(1, 23, D:2)
  a +0 ring mail
(28, 23, D:2)
  18 arrows
(-12, 25, D:2)
  a cursed -1 hammer
(-10, 25, D:2)
  a +0 hammer
(-11, 26, D:2)
  a +0 hammer
(-9, 26, D:2)
  a +0 hammer
(-8, 26, D:2)
  a +0 hammer
(-5, 26, D:2)
  a +0 hammer
(-4, 26, D:2)
  a +0 hammer
(-3, 26, D:2)
  a +0 hammer
(-7, 27, D:2)
  a +0 hammer
(-5, 27, D:2)
  a +0 hammer
(-4, 27, D:2)
  a +0 hammer
(6, 27, D:2)
  a +0 scythe of slicing
  a +0 robe
(-5, 28, D:2)
  a cursed -1 hammer
(-4, 28, D:2)
  a +0 hammer
(-3, 28, D:2)
  a +0 hammer

