Asterion

Level 1 of the Dungeon
(-55, 5, D:1)
  a stone
(-57, 6, D:1)
  a stone
(-11, 6, D:1)
  a +0 robe
(-60, 7, D:1)
  a stone
(-52, 8, D:1)
  19 stones
(-61, 9, D:1)
  2 stones
(0, 9, D:1)
  a +0 helmet
(-48, 13, D:1)
  13 arrows of frost
(-28, 25, D:1)
  a +0 club
(-27, 26, D:1)
  a +0 club
(-4, 30, D:1)
  a +0 club
(-3, 31, D:1)
  a stone
(2, 31, D:1)
  a +0 club
(-34, 33, D:1)
  25 sling bullets

Level 2 of the Dungeon
(0, 0, D:2)
  3 stones
(-2, 1, D:2)
  7 stones
(-4, 2, D:2)
  a +0 club
  a +0 hunting sling
  11 stones
(-3, 2, D:2)
  a +0 short sword
(12, 2, D:2)
  16 arrows
(3, 14, D:2)
  a bat skeleton
(3, 15, D:2)
  a +0 dagger
(35, 15, D:2)
  17 poisoned arrows
(-1, 22, D:2)
  25 stones
(23, 23, D:2)
  a +0 animal skin
(29, 26, D:2)
  a +0 short sword
(32, 27, D:2)
  a stone
(32, 28, D:2)
  a stone
(-5, 29, D:2)
  a scroll of random uselessness
  a cursed -2 dagger
(19, 29, D:2)
  18 bolts of frost
(23, 29, D:2)
  a +0 leather armour
(33, 29, D:2)
  a stone
(26, 30, D:2)
  31 arrows
(43, 30, D:2)
  a +0 short sword
(4, 31, D:2)
  25 sling bullets
(5, 39, D:2)
  a +0 spear

Level 3 of the Dungeon
(0, 0, D:3)
  a throwing net
(-10, 5, D:3)
  a +0 flail
  (unseen)
(-10, 6, D:3)
  a jackal corpse (still there?)
  a worm corpse (still there?)
(18, 8, D:3)
  a +0 short sword
(2, 9, D:3)
  a +0 dagger
(11, 11, D:3)
  a +0 dagger
  a +0 leather armour
(10, 13, D:3)
  a +0 ring mail
(17, 13, D:3)
  a cursed -2 club

