Asterion

Level 1 of the Dungeon
(0, 0, D:1)
  19 bolts
(36, 0, D:1)
  a +0 whip
(32, 1, D:1)
  a stone
(-1, 4, D:1)
  13 poisoned needles
(-3, 11, D:1)
  a +0 dagger
(38, 13, D:1)
  a +0 animal skin
(15, 16, D:1)
  a +0 dagger
(33, 25, D:1)
  a +0 robe
(46, 26, D:1)
  a cursed +0 leather armour
(-4, 28, D:1)
  a stone
(-6, 29, D:1)
  2 stones
(44, 34, D:1)
  a +0 hand axe
(29, 40, D:1)
  20 stones

Level 2 of the Dungeon
(0, 0, D:2)
  a +1 spear of venom
(37, 7, D:2)
  a stone
(38, 7, D:2)
  a stone
(39, 7, D:2)
  a stone
(44, 7, D:2)
  a +0 dagger
(41, 12, D:2)
  a +0 scale mail
(10, 19, D:2)
  a stone
(14, 19, D:2)
  a +0 short sword
  a +0 club
(59, 19, D:2)
  a +0 mace
(2, 31, D:2)
  a +0 hunting sling
  17 stones
(3, 33, D:2)
  a stone
(14, 44, D:2)
  a +0 dagger of holy wrath
(15, 48, D:2)
  a stone
(34, 48, D:2)
  a +0 helmet
(43, 48, D:2)
  a +0 dagger
(47, 48, D:2)
  a +0 club

Level 3 of the Dungeon
(0, 0, D:3)
  a bat corpse
(2, 0, D:3)
  a +0 whip
(1, 1, D:3)
  a bread ration
(1, 7, D:3)
  14 gold pieces
(2, 7, D:3)
  a potion of cancellation

