Asterion

Level 1 of the Dungeon
(0, 0, D:1)
  3 large rocks
(40, 18, D:1)
  a +0 short sword
(3, 26, D:1)
  a +0 mace
(57, 26, D:1)
  12 bolts
(31, 32, D:1)
  11 stones
(48, 32, D:1)
  a cursed +0 robe
(31, 33, D:1)
  a +0 hand axe
(42, 36, D:1)
  19 stones
(28, 40, D:1)
  a +0 dagger
(44, 41, D:1)
  a stone
(44, 43, D:1)
  3 stones
(9, 44, D:1)
  a +0 spear
(45, 44, D:1)
  a stone
(1, 46, D:1)
  a +0 hunting sling
(0, 57, D:1)
  a +0 animal skin

Level 2 of the Dungeon
(0, 0, D:2)
  a +0 club
(6, 0, D:2)
  a stone
(-30, 6, D:2)
  a +0 hand axe
(-35, 10, D:2)
  a +0 spear
(-35, 11, D:2)
  21 stones
(-16, 14, D:2)
  a stone
(-16, 16, D:2)
  3 stones
(7, 18, D:2)
  a +3 dagger of pain
  4 stones
(-16, 19, D:2)
  a stone
(-16, 20, D:2)
  a stone
(-16, 21, D:2)
  a stone
(-42, 22, D:2)
  7 tomahawks
(-28, 25, D:2)
  3 stones
(-15, 25, D:2)
  a +0 hunting sling
  9 stones
(-21, 30, D:2)
  a +0 long sword
(-28, 31, D:2)
  2 stones
(-27, 31, D:2)
  a +0 whip
  2 stones
(-26, 36, D:2)
  a +0 cloak
(-30, 37, D:2)
  a +0 dagger
(2, 37, D:2)
  a +0 falchion
  a +0 chain mail
(-25, 47, D:2)
  a +0 club
(0, 49, D:2)
  17 stones
(-49, 50, D:2)
  a +0 club

Level 3 of the Dungeon
(0, 0, D:3)
  26 sling bullets
(9, 4, D:3)
  a +0 dagger
  a +0 leather armour
(4, 5, D:3)
  a cursed -2 leather armour
(-26, 15, D:3)
  23 arrows
(-12, 18, D:3)
  a +0 whip
(-12, 23, D:3)
  a +0 dagger
(-35, 32, D:3)
  a +0 club
(-18, 34, D:3)
  12 poisoned needles
(-26, 40, D:3)
  13 stones
(-16, 41, D:3)
  a +0 club

Level 4 of the Dungeon
(0, 0, D:4)
  a +0 robe
(1, 6, D:4)
  a +0 animal skin
(1, 7, D:4)
  a +0 animal skin
(-14, 8, D:4)
  a +0 club
(4, 8, D:4)
  a +0 mace
  a +0 robe
(-37, 9, D:4)
  12 stones
(4, 9, D:4)
  a cursed +0 animal skin
(-5, 10, D:4)
  a +0 robe
(3, 10, D:4)
  4 large rocks
(-17, 11, D:4)
  a +0 dagger
(4, 11, D:4)
  a +0 animal skin
(-14, 16, D:4)
  a +0 ring mail
(-22, 18, D:4)
  a +0 robe
(3, 20, D:4)
  21 arrows
(-43, 23, D:4)
  a scroll of random uselessness
(-36, 24, D:4)
  a +0 cloak
  a +2 quarterstaff of chaos
(-16, 24, D:4)
  a +0 flail
(-33, 25, D:4)
  a +0 hammer
(13, 25, D:4)
  a +0 ring mail
(12, 28, D:4)
  4 tomahawks
(5, 29, D:4)
  19 stones
(-35, 30, D:4)
  a +0 club
(-11, 33, D:4)
  a +0 blowgun
(-20, 37, D:4)
  2 curare-tipped needles
(-19, 37, D:4)
  a +0 club
(-19, 38, D:4)
  a +0 dagger
(-21, 39, D:4)
  a curare-tipped needle
(-5, 39, D:4)
  a cursed -1 club
(-24, 40, D:4)
  a +0 dagger
(-21, 40, D:4)
  a curare-tipped needle
(1, 40, D:4)
  a +0 giant club
(-20, 42, D:4)
  2 curare-tipped needles

Level 5 of the Dungeon
(0, 0, D:5)
  a +0 whip
  a +0 spear
(1, 0, D:5)
  a +0 whip
  a +0 whip
(-18, 18, D:5)
  a +0 hand axe
(9, 21, D:5)
  a +0 arbalest
(-6, 25, D:5)
  a +0 mace
(6, 28, D:5)
  a +0 dagger
(-16, 32, D:5)
  a +0 pair of gloves
(-15, 34, D:5)
  a +0 falchion
(-14, 34, D:5)
  a +0 dagger
  a +0 robe
  a +0 flail
(-13, 34, D:5)
  a +0 dagger
(5, 36, D:5)
  a +0 club
(-30, 40, D:5)
  8 needles of sleeping
(-7, 53, D:5)
  a -1 short sword
  a -1 ring mail
  a -3 helmet

Level 6 of the Dungeon
(0, 0, D:6)
  a +0 battleaxe
(-3, 1, D:6)
  12 bolts
(9, 1, D:6)
  21 bolts
(-19, 3, D:6)
  2 stones
(-17, 4, D:6)
  a stone
(19, 4, D:6)
  27 stones
(23, 4, D:6)
  a +0 shortbow
  16 arrows
(-14, 5, D:6)
  a +0 hunting sling
  9 stones
(20, 6, D:6)
  an arrow
(21, 6, D:6)
  an arrow
(-7, 9, D:6)
  22 bolts
(7, 15, D:6)
  a +0 flail of venom
(-12, 19, D:6)
  a +0 club
(2, 19, D:6)
  a +0 giant spiked club
(-17, 20, D:6)
  a +0 dagger
  a +0 robe
(-15, 20, D:6)
  a +0 dagger
  a +0 robe
(-13, 20, D:6)
  a +0 club
(-8, 21, D:6)
  a +0 war axe
(-8, 22, D:6)
  a stone
(-8, 23, D:6)
  a stone
(-25, 25, D:6)
  a +0 trident
(10, 32, D:6)
  19 arrows
(-15, 36, D:6)
  17 stones
(17, 36, D:6)
  an arrow of flame
(-30, 39, D:6)
  21 stones
(16, 39, D:6)
  a +0 shortbow

Level 7 of the Dungeon
(-31, 4, D:7)
  a cursed -3 hunting sling
(-24, 4, D:7)
  a +2 antimagic quarterstaff
  a +0 pair of boots
(-3, 13, D:7)
  31 stones
(5, 20, D:7)
  17 stones
(0, 29, D:7)
  a +0 club
(2, 33, D:7)
  21 bolts
(-38, 36, D:7)
  a +0 scale mail
  a +0 glaive
(2, 36, D:7)
  a +0 leather armour
(-39, 37, D:7)
  a +0 robe
  a +0 dagger
  a +1 dagger of venom
  a +1 ring mail of cold resistance
  a +1 dagger of electrocution
(-35, 38, D:7)
  20 arrows
(-10, 44, D:7)
  a +0 scimitar
  a +0 robe
(-11, 46, D:7)
  a cursed +1 spear
  a +0 robe
(-10, 46, D:7)
  a +2 spear
  a +0 robe
(-9, 46, D:7)
  a cursed +2 scimitar of slicing
  a +0 robe
(-23, 47, D:7)
  a +0 scale mail
  a +0 club
(-21, 47, D:7)
  a +0 robe of resistance
  a +0 dagger
  a cursed -2 halberd
(-19, 47, D:7)
  a +0 flail
(-12, 47, D:7)
  a +0 falchion
  a +0 robe
(-23, 48, D:7)
  a +0 robe
  a +0 dagger
  a +0 spear
(-21, 48, D:7)
  a +0 scale mail
  a +2 vampiric short sword
(-11, 48, D:7)
  17 arrows
(-15, 52, D:7)
  11 arrows

Level 8 of the Dungeon
(0, 0, D:8)
  a +0 ring mail
  a +0 dagger
(27, 3, D:8)
  a cursed -1 giant spiked club
(40, 7, D:8)
  a +0 giant spiked club
(32, 8, D:8)
  a +0 club
(-14, 16, D:8)
  a +0 dire flail
  a +2 leather armour of fire resistance
(-15, 18, D:8)
  a +0 hand axe
(-14, 21, D:8)
  a +0 club
  a +0 scale mail
(48, 23, D:8)
  a +0 dagger
  (unseen)
(48, 24, D:8)
  a +0 dagger (still there?)
  Sif Muna's Collected Works on Arcane Weapons (still there?)
    Spells                             Type                      Level
     a - Shock                        Conjuration/Air               1
    
    
    Trog disapproves of the use of such an item.
(40, 30, D:8)
  a cursed -3 club
(8, 32, D:8)
  23 bolts
(47, 32, D:8)
  a +0 trident
(33, 35, D:8)
  9 arrows of flame
(12, 37, D:8)
  a +0 trident

Level 9 of the Dungeon
[Shop] Mizowog's Weapon Shoppe
  a +0 short sword (33 gold)
  a +0 flail of venom (68 gold)
  21 bolts (46 gold)
  a +0 short sword (33 gold)
  a +0 hand axe (33 gold)
  13 stones (14 gold)
  a +0 great sword (71 gold)
  a +0 quarterstaff (44 gold)
(0, 0, D:9)
  a +0 hand axe
(4, 4, D:9)
  a +2 short sword
(6, 4, D:9)
  a cursed staff of conjuration
(8, 4, D:9)
  a cursed +0 war axe
  a +0 robe
(17, 4, D:9)
  4 javelins
(8, 12, D:9)
  a +0 quarterstaff
  a +0 robe
(10, 12, D:9)
  a +3 falchion of freezing
  a +0 robe
(-6, 14, D:9)
  8 poisoned needles
(-14, 15, D:9)
  a +0 hand axe
(17, 16, D:9)
  a +2 robe of cold resistance
  a +0 dagger of distortion
(2, 17, D:9)
  a +0 ring mail
  a +0 falchion
(27, 17, D:9)
  a +0 chain mail
(29, 19, D:9)
  a +0 troll leather armour
(-7, 20, D:9)
  a +2 vampiric rapier
(14, 20, D:9)
  a +0 dagger
(16, 20, D:9)
  a +0 robe
  a +0 short sword
  a +0 dagger
(18, 20, D:9)
  a +1 antimagic quarterstaff
  a +0 chain mail
  a +2 flail of holy wrath
(-11, 24, D:9)
  a +0 trident
(-5, 24, D:9)
  a +0 giant club
  a +0 dire flail
(-12, 25, D:9)
  a cursed -2 giant club
(-10, 25, D:9)
  a +0 short sword
(-8, 25, D:9)
  a +0 plate armour
  a +0 glaive
(-12, 26, D:9)
  a +0 flail
(6, 32, D:9)
  16 stones
(-6, 36, D:9)
  a +0 chain mail
(0, 38, D:9)
  a +0 long sword
(29, 38, D:9)
  a cursed -3 dagger
  4 stones
(-1, 43, D:9)
  a +0 glaive
(12, 43, D:9)
  a +0 dagger
(29, 47, D:9)
  a +0 cloak

Level 10 of the Dungeon
[Shop] Etuzyisag's Antique Armour Shop
  a +1 chain mail of cold resistance (108 gold)
  a +0 ring mail (96 gold)
  a +2 ring mail of cold resistance (96 gold)
  a +0 scale mail (96 gold)
  a +0 ice dragon armour (1440 gold)
  a +0 robe (16 gold)
(0, 0, D:10)
  a +3 dagger
(-25, 1, D:10)
  a +1 dagger of venom
  a +0 chain mail
(-25, 2, D:10)
  a +0 short sword
  a +0 leather armour
(4, 3, D:10)
  a +0 mace
(-18, 9, D:10)
  a +0 dagger
  a +0 whip of venom
  a +0 leather armour
(-19, 10, D:10)
  a +0 flail
(-35, 11, D:10)
  a +0 trident
  a +0 leather armour
(-20, 12, D:10)
  a +4 longbow of flaming
  a +0 club
(-5, 14, D:10)
  a +0 scimitar
(-14, 18, D:10)
  a tomahawk
(-13, 19, D:10)
  a +0 mace
  a +0 ring mail
(-10, 20, D:10)
  a +0 scale mail
  a +0 whip
  2 tomahawks of returning
(-14, 22, D:10)
  a +0 hand axe
(-11, 22, D:10)
  a +0 club
  a +0 ring mail
(-10, 22, D:10)
  a +0 whip
  3 tomahawks
  a +0 giant spiked club
(-14, 27, D:10)
  a +0 short sword
(-15, 29, D:10)
  a +0 trident
(3, 29, D:10)
  a scroll of random uselessness
(-37, 45, D:10)
  a potion of poison
  an uncursed ring of ice
(-38, 48, D:10)
  a book of Unlife
(-38, 56, D:10)
  the -2 halberd of Kiamic {holy, +Blink}
    It has been blessed by the Shining One to cause great damage to the undead
    and demons.
    
    It lets you blink.

Level 11 of the Dungeon
[Shop] Meuzur's Magic Scroll Boutique
  2 scrolls of teleportation (90 gold)
  a scroll of silence (112 gold)
  a scroll of remove curse (45 gold)
  a scroll of recharging (142 gold)
  a scroll of enchant armour (112 gold)
  a scroll of identify (30 gold)
  a scroll of magic mapping (52 gold)
  a scroll of identify (30 gold)
  a scroll of amnesia (52 gold)
  a scroll of amnesia (52 gold)
  a scroll of acquirement (780 gold)
  a scroll of remove curse (45 gold)
  a scroll of remove curse (45 gold)
  2 scrolls of enchant weapon (225 gold)
  a scroll of magic mapping (52 gold)
(0, 0, D:11)
  a +0 club
(-1, 2, D:11)
  a +0 mace
  a cursed +0 leather armour
(0, 2, D:11)
  a +0 mace
  a +0 ring mail
(1, 2, D:11)
  a +0 dagger
  a +0 arbalest
(1, 3, D:11)
  a +1 hand axe of pain
(-2, 11, D:11)
  a +0 ring mail
  a +0 dagger
(52, 12, D:11)
  23 stones
(15, 18, D:11)
  a +0 leather armour
  26 sling bullets
  a +1 quarterstaff of protection
  a +1 hunting sling of flaming
(17, 18, D:11)
  a sling bullet
(20, 18, D:11)
  a sling bullet
(21, 18, D:11)
  a sling bullet
(39, 19, D:11)
  a +0 club
(-7, 20, D:11)
  a +0 whip
(-6, 20, D:11)
  a +0 whip
(-7, 21, D:11)
  a +0 halberd
(13, 25, D:11)
  a +0 leather armour
(-11, 28, D:11)
  a +0 club
(5, 28, D:11)
  a +0 leather armour
(26, 31, D:11)
  a +0 club
(28, 34, D:11)
  a +0 glaive
(53, 38, D:11)
  a +0 trident
(23, 40, D:11)
  4 arrows
(49, 41, D:11)
  a wand of slowing (23)
(21, 43, D:11)
  2 arrows
(22, 44, D:11)
  2 arrows
(25, 44, D:11)
  a cursed -1 club
(20, 45, D:11)
  an arrow
(25, 45, D:11)
  4 arrows
(26, 45, D:11)
  an arrow
  an arrow of flame
(27, 45, D:11)
  a +0 shortbow
  25 arrows
(25, 46, D:11)
  a +0 shortbow
  11 arrows
(26, 46, D:11)
  a cursed +0 shortbow
  12 arrows of flame
  a +0 shortbow
  10 arrows
(27, 46, D:11)
  a +0 shortbow
  a +0 shortbow
  40 arrows

Level 12 of the Dungeon
(0, 0, D:12)
  a +0 quarterstaff of distortion
(9, 1, D:12)
  9 stones
(-36, 9, D:12)
  a +0 robe
(-21, 11, D:12)
  a +0 club
(5, 15, D:12)
  a book of Necromancy
(-6, 16, D:12)
  a +0 plate armour
(-25, 23, D:12)
  15 stones
(-4, 23, D:12)
  a +0 club
(-20, 24, D:12)
  27 stones
(-1, 24, D:12)
  2 tomahawks of dispersal
  a +0 plate armour
  a +0 flail
(-20, 27, D:12)
  15 arrows
(-15, 30, D:12)
  24 sling bullets
(3, 37, D:12)
  a scroll of random uselessness
(8, 37, D:12)
  a scroll of vulnerability
(-12, 38, D:12)
  a +0 leather armour
(8, 39, D:12)
  15 stones

Level 13 of the Dungeon
(0, 0, D:13)
  a +0 chain mail
(17, 9, D:13)
  a +0 glaive
  a throwing net
  a +4 ring mail of cold resistance
(18, 10, D:13)
  a +0 flail
(18, 11, D:13)
  a +1 antimagic executioner's axe
(32, 11, D:13)
  15 stones
(11, 12, D:13)
  15 poisoned needles
(18, 14, D:13)
  a +0 giant spiked club
(34, 15, D:13)
  a +0 battleaxe
  5 javelins
  a +3 scale mail of cold resistance
(33, 17, D:13)
  a javelin
(20, 35, D:13)
  a +0 dagger
  a +0 leather armour
(31, 35, D:13)
  a +0 shortbow
  10 arrows
(32, 36, D:13)
  an arrow
(33, 37, D:13)
  an arrow
(43, 37, D:13)
  a +0 war axe
  a +0 plate armour
(33, 38, D:13)
  an arrow
(25, 42, D:13)
  a +1 dagger of holy wrath
  a +0 cloak
(41, 43, D:13)
  19 stones
(21, 50, D:13)
  a +0 shortbow
  19 arrows
(22, 50, D:13)
  a potion of lignification
(23, 50, D:13)
  a +0 shortbow
  20 arrows
(24, 50, D:13)
  a +0 shortbow
  25 arrows
(28, 50, D:13)
  an arrow
(29, 50, D:13)
  an arrow
(24, 51, D:13)
  an arrow
(25, 51, D:13)
  an arrow
(26, 51, D:13)
  an arrow
(27, 51, D:13)
  an arrow
(28, 51, D:13)
  an arrow
(29, 51, D:13)
  an arrow

Level 1 of the Orcish Mines
[Shop] Clamauce's Food Boutique
  a meat ration (70 gold)
  a slice of pizza (21 gold)
  a beef jerky (21 gold)
  5 fruits (105 gold)
  3 fruits (63 gold)
  a meat ration (70 gold)
  a bread ration (70 gold)
  a bread ration (70 gold)
  a bread ration (70 gold)
  2 fruits (42 gold)
  3 fruits (63 gold)
[Shop] Rahoy's Antique Weapon Emporium
  a +0 hand crossbow (115 gold)
  a +1 quarterstaff of draining (132 gold)
  the +6 spear "Zigy" {flame, MP-9 Str+2 Dex+2} (264 gold)
    It has been specially enchanted to burn those struck by it, causing extra
    injury to most foes and up to half again as much damage against particularly
    susceptible opponents.
    
    It affects your strength (+2).
    It affects your dexterity (+2).
    It affects your magic capacity (-9).
  a +0 arbalest (148 gold)
  a +0 trident of venom (115 gold)
  a +5 scimitar of freezing (132 gold)
  a +1 rapier of venom (132 gold)
  a +4 great sword of holy wrath (214 gold)
  a +0 great sword of distortion (214 gold)
  the +4 falchion "Shos" {antimagic, Int+3} (264 gold)
    It disrupts the flow of magical energy around spellcasters and certain
    magical creatures (including the wielder).
    
    It affects your intelligence (+3).
  a +0 morningstar (132 gold)
  a +0 flail (115 gold)
  a cursed +0 quarterstaff (132 gold)
  the +8 lajatang "Thrabbaorch" {slice, rPois rF- rN+} (660 gold)
    It inflicts extra damage upon your enemies.
    
    It makes you vulnerable to fire.
    It protects you from poison.
    It protects you from negative energy.
[Shop] Ceih Saadgh's Assorted Antiques
  a scroll of identify (64 gold)
  a book of Necromancy (480 gold)
  the cursed -1 morningstar of Qaleosej {elec, rElec MR+ Int-5} (288 gold)
    Occasionally, upon striking a foe, it will discharge some electrical energy
    and cause terrible harm.
    
    It affects your intelligence (-5).
    It insulates you from electricity.
    It affects your resistance to hostile enchantments.
    It has a curse placed upon it.
  a potion of agility (28 gold)
  a +0 mace (96 gold)
  a scroll of remove curse (96 gold)
  a +0 morningstar (128 gold)
  a +0 battleaxe (208 gold)
  a potion of ambrosia (256 gold)
  3 scrolls of noise (96 gold)
  a +0 club (32 gold)
  a +0 short sword (96 gold)
  a +0 robe (22 gold)
  a scroll of identify (64 gold)
[Shop] Thrin's Magic Scroll Emporium
  a scroll of identify (20 gold)
  a scroll of summoning (95 gold)
  a scroll of enchant weapon (75 gold)
  a scroll of identify (20 gold)
  a scroll of remove curse (30 gold)
  a scroll of identify (20 gold)
  a scroll of fear (35 gold)
  a scroll of identify (20 gold)
  a scroll of recharging (95 gold)
  a scroll of identify (20 gold)
[Shop] Chainip's Book Emporium
  a book of Minor Magic (240 gold)
  a manual of Shields (1324 gold)
  a book of Power (540 gold)
  a book of Party Tricks (600 gold)
  a book of Conjurations (360 gold)
  a book of Geomancy (420 gold)
  a book of the Warp (1080 gold)
  Sif Muna's Reference Book on Snow (540 gold)
    Spells                             Type                      Level
     a - Ozocubu's Armour             Charms/Ice                    3
     b - Throw Icicle                 Conjuration/Ice               4
     c - Ice Form                     Ice/Transmutation             4
    
    
    Trog disapproves of the use of such an item.
  a book of Envenomations (1080 gold)
  a book of Minor Magic (240 gold)
(7, 3, Orc:1)
  a +0 scale mail
  a +0 morningstar
(8, 3, Orc:1)
  a +0 short sword
(6, 4, Orc:1)
  a +0 robe
  a +0 dagger
(8, 4, Orc:1)
  a +0 leather armour
  a +0 falchion
(9, 4, Orc:1)
  4 tomahawks
  a +0 trident
(7, 5, Orc:1)
  a +0 mace
  a +0 short sword
(9, 5, Orc:1)
  a +0 war axe
(3, 6, Orc:1)
  a tomahawk
(7, 6, Orc:1)
  a +2 ring mail of poison resistance
  a +0 club
(9, 6, Orc:1)
  a cursed -1 flail
(-3, 11, Orc:1)
  a +0 whip
(-2, 11, Orc:1)
  a +0 chain mail
  a cursed -1 trident
(-3, 12, Orc:1)
  a +0 robe
  a +0 dagger
(-2, 12, Orc:1)
  a cursed +0 robe
  a +0 dagger
  a +0 robe
  a +0 dagger
  a +0 short sword
(0, 12, Orc:1)
  a +0 dagger
(-3, 13, Orc:1)
  a +0 ring mail
  a cursed -3 flail
(-2, 13, Orc:1)
  a +0 club
(-1, 13, Orc:1)
  a +0 club
(0, 13, Orc:1)
  a +0 leather armour
  a +0 club
(6, 23, Orc:1)
  a +0 morningstar
(6, 24, Orc:1)
  a +0 giant spiked club
  a +0 chain mail
  a +0 short sword
(0, 27, Orc:1)
  a tomahawk
(-1, 28, Orc:1)
  a tomahawk
(0, 28, Orc:1)
  a tomahawk
(1, 28, Orc:1)
  2 tomahawks
(2, 28, Orc:1)
  a +0 hand axe
(5, 28, Orc:1)
  a +0 scale mail
  a +0 war axe
(12, 28, Orc:1)
  a +0 leather armour
  a +0 flail
(1, 29, Orc:1)
  a +4 antimagic broad axe
  a +0 ring mail
  a +0 club
  a +0 mace
  a +0 hand axe
(2, 29, Orc:1)
  a +0 ring mail
  a +0 dagger
  a +0 robe
  a +0 giant club
(3, 29, Orc:1)
  a +0 plate armour
  2 tomahawks
  a +0 hand axe
(10, 31, Orc:1)
  a +0 club
(12, 33, Orc:1)
  a +0 scale mail
  a +0 dagger
(13, 33, Orc:1)
  a +0 hand axe
(7, 34, Orc:1)
  a +0 robe
  a cursed -1 dagger

Level 2 of the Orcish Mines
[Shop] Kop Neup's Weapon Shop
  a +2 broad axe of chopping (270 gold)
  a +0 battleaxe (97 gold)
  a +0 club (15 gold)
  the +8 demon blade "Bloodbane" {slice, *Rage +Rage Stlth-} (1042 gold)
    It inflicts extra damage upon your enemies.
    
    It lets you go berserk.
    It may make you go berserk in combat.
    It makes you less stealthy.
  the cursed -1 falchion of the Snake Pit {slice, Dex+3} (147 gold)
    It inflicts extra damage upon your enemies.
    
    It affects your dexterity (+3).
    It has a curse placed upon it.
  a +0 war axe (52 gold)
  17 bolts (51 gold)
  a +0 short sword (45 gold)
  a +0 falchion (45 gold)
  a +0 morningstar (60 gold)
  12 stones (18 gold)
[Shop] Xec Wigo's Distillery
  a potion of might (52 gold)
  a potion of resistance (130 gold)
  a potion of magic (104 gold)
  a potion of restore abilities (65 gold)
  a potion of degeneration (13 gold)
  a potion of resistance (130 gold)
  a potion of agility (52 gold)
  a potion of poison (13 gold)
  a potion of haste (130 gold)
  a potion of agility (52 gold)
  a potion of heal wounds (65 gold)
(0, 0, Orc:2)
  a +0 flail
(0, 10, Orc:2)
  a +0 plate armour
  a +0 glaive
(-2, 11, Orc:2)
  a +0 leather armour
  a +0 dagger
  a +0 ring mail
  a +0 mace
  4 steel tomahawks
  a +0 short sword
  a +0 robe
  a +0 dagger
  a +0 leather armour
  a +0 dagger
  a +0 robe
  a +0 dagger
  a +0 leather armour
  a +0 dagger
  a +0 whip
  a +0 dagger
(-1, 11, Orc:2)
  a cursed +0 robe
  a +0 whip
  a +0 dagger
  a +0 flail
(-3, 12, Orc:2)
  a +0 chain mail
  a +0 whip of electrocution
(-2, 12, Orc:2)
  2 tomahawks
(-1, 12, Orc:2)
  a +0 dagger
(0, 12, Orc:2)
  a +0 dagger
(-3, 13, Orc:2)
  a +0 robe
  a +0 hand axe
  a +0 leather armour
  a +0 dagger
  a +0 dagger
(-2, 13, Orc:2)
  a +0 chain mail
  a +0 scale mail
  a +0 short sword
(-1, 13, Orc:2)
  a tomahawk
  a +0 war axe
(-4, 15, Orc:2)
  a steel tomahawk
(13, 28, Orc:2)
  a +1 trident of protection
  a cursed +0 leather armour
  2 tomahawks
  a +3 war axe
(14, 28, Orc:2)
  a +0 dagger
(-4, 29, Orc:2)
  a +0 short sword
(13, 29, Orc:2)
  a +0 hand axe
  a +0 dagger
  a +0 robe
  a +0 flail
(14, 29, Orc:2)
  a +0 leather armour
  a +0 short sword
(15, 29, Orc:2)
  a +0 club
(-4, 30, Orc:2)
  a +0 club
  a +0 leather armour
(-3, 30, Orc:2)
  a +0 giant spiked club
(13, 30, Orc:2)
  a +0 leather armour
  a +0 flail
  a cursed +0 ring mail
  a +0 dagger
  a +0 mace
  a +0 dagger
(14, 30, Orc:2)
  2 tomahawks
  a +0 plate armour
  a +0 battleaxe
(-5, 31, Orc:2)
  a +0 trident
(-4, 31, Orc:2)
  a +0 dagger
  a +0 robe
(13, 31, Orc:2)
  a +0 mace of holy wrath
  a +0 plate armour
  a +0 trident
(-2, 38, Orc:2)
  a +0 whip
(-3, 39, Orc:2)
  a +0 chain mail
  a +0 war axe
(-2, 39, Orc:2)
  a +0 whip
(-1, 39, Orc:2)
  a +0 club
(-2, 52, Orc:2)
  a +0 hand axe

Level 3 of the Orcish Mines
[Shop] Pruojol's Weapon Shoppe
  a +5 hunting sling of flaming (445 gold)
  a +3 hand axe of venom (309 gold)
  a +0 scythe (45 gold)
  6 bolts of frost (45 gold)
  a +0 hunting sling (22 gold)
  a +0 broad axe (60 gold)
  a +2 short sword of freezing (261 gold)
  a +0 morningstar (60 gold)
  a +0 hand crossbow (52 gold)
  a +0 club (15 gold)
(21, 1, Orc:3)
  a stone
(24, 1, Orc:3)
  a stone
(23, 2, Orc:3)
  a stone
(25, 2, Orc:3)
  a stone
(28, 3, Orc:3)
  11 stones
  a +0 hunting sling
(7, 4, Orc:3)
  a +0 giant club
(2, 12, Orc:3)
  a +0 dagger
(4, 12, Orc:3)
  a +0 club
(2, 13, Orc:3)
  a +0 short sword
(4, 14, Orc:3)
  a +0 leather armour
(-1, 15, Orc:3)
  a tomahawk
(4, 15, Orc:3)
  a +0 scale mail
  a +0 whip of electrocution
(-1, 16, Orc:3)
  a tomahawk
(4, 16, Orc:3)
  a cursed +0 scale mail
  a +0 flail
(17, 25, Orc:3)
  a +0 mace
(-5, 30, Orc:3)
  a +0 hand axe
  a +0 chain mail
(-5, 31, Orc:3)
  a +0 hand axe
(-4, 31, Orc:3)
  a +0 scimitar
  a +0 plate armour
(41, 41, Orc:3)
  a +0 dagger
  a +0 leather armour
(3, 42, Orc:3)
  a +0 club
  a +0 ring mail
(41, 42, Orc:3)
  a +0 dagger
  a +0 ring mail
  a +0 short sword
(42, 42, Orc:3)
  a +0 dagger
(3, 43, Orc:3)
  a +0 short sword
(43, 43, Orc:3)
  a +0 mace
(3, 44, Orc:3)
  a +0 club
  a +0 leather armour

Level 4 of the Orcish Mines
[Shop] Qapt's General Store
  a potion of heal wounds (70 gold)
  a +0 ring mail (56 gold)
  a scroll of fear (49 gold)
  2 scrolls of magic mapping (98 gold)
  a scroll of enchant weapon (105 gold)
  5 tomahawks (35 gold)
  a +1 spear of freezing (173 gold)
  14 stones (19 gold)
  2 potions of might (112 gold)
  a potion of restore abilities (70 gold)
  8 poisoned arrows (44 gold)
  8 curare-tipped needles (67 gold)
  a potion of heal wounds (70 gold)
[Shop] Qacveid's Assorted Antiques
  a +2 dagger of electrocution (66 gold)
  a +0 scythe (99 gold)
  a cursed ring of teleportation (577 gold)
  a wand of polymorph (17) (132 gold)
  a scroll of enchant armour (247 gold)
  a scroll of identify (66 gold)
  a scroll of identify (66 gold)
  a +0 robe (23 gold)
  a +2 scale mail of positive energy (132 gold)
  a scroll of identify (66 gold)
  a +0 chain mail (148 gold)
  a +1 glaive of freezing (214 gold)
  a potion of poison (33 gold)
[Shop] Kimnaup's Jewellery Emporium
  a cursed amulet of the gourmand (324 gold)
  the ring "Kasaowill" {rC+ Str+3 Int+3 Dex-4} (434 gold)
    [ring of protection from cold]
    
    It affects your strength (+3).
    It affects your intelligence (+3).
    It affects your dexterity (-4).
    It protects you from cold.
  a cursed amulet of inaccuracy (24 gold)
  an uncursed amulet of guardian spirit (360 gold)
  an uncursed ring of protection from magic (300 gold)
  an uncursed amulet of clarity (240 gold)
  an uncursed ring of poison resistance (240 gold)
[Shop] Giehose's Assorted Antiques
  a scroll of identify (48 gold)
  a +1 morningstar of protection (96 gold)
  a potion of restore abilities (120 gold)
  the amulet of Tiemic {Ward rElec rN+ Dex+3} (120 gold)
    [amulet of warding]
    
    It may prevent the melee attacks of summoned creatures.
    It affects your dexterity (+3).
    It insulates you from electricity.
    It protects you from negative energy.
  the +1 chain mail "Cloaleijo" {rElec rF+ MP-9 Int+2 Dex+3} (228 gold)
    It affects your intelligence (+2).
    It affects your dexterity (+3).
    It protects you from fire.
    It insulates you from electricity.
    It affects your magic capacity (-9).
  a +5 vampiric lajatang (360 gold)
  a scroll of remove curse (72 gold)
  a scroll of identify (48 gold)
  a +0 plate armour (552 gold)
[Shop] Ploefy's Food Boutique
  a meat ration (60 gold)
  a bread ration (60 gold)
  a bread ration (60 gold)
  a slice of pizza (18 gold)
  a bread ration (60 gold)
  a meat ration (60 gold)
  a bread ration (60 gold)
  a bread ration (60 gold)
  a meat ration (60 gold)
  a fruit (18 gold)
  a meat ration (60 gold)
[Shop] Gaxiw's Jewellery Shoppe
  an uncursed ring of invisibility (480 gold)
  an uncursed amulet of resist mutation (640 gold)
  an uncursed ring of wizardry (480 gold)
  an uncursed ring of protection from fire (400 gold)
  a cursed amulet of inaccuracy (32 gold)
  an uncursed ring of protection from magic (400 gold)
  the ring "Librus" {+/*Tele rF++ rC- rN+} (627 gold)
    [ring of teleportation]
    
    It causes random teleportation, and can be evoked to teleport at will.
    It greatly protects you from fire.
    It makes you vulnerable to cold.
    It protects you from negative energy.
  an uncursed amulet of stasis (280 gold)
[Shop] Siatearr's Antique Armour Emporium
  a +3 scale mail of magic resistance (116 gold)
  a +0 leather armour (58 gold)
  a +0 robe (20 gold)
  a +0 plate armour (667 gold)
  the +4 ring mail of Nihilism {rElec rF+ rC- Str+2} (261 gold)
    It affects your strength (+2).
    It protects you from fire.
    It makes you vulnerable to cold.
    It insulates you from electricity.
  a +0 scale mail (116 gold)
  a +2 leather armour of cold resistance (58 gold)
  a +0 pair of gloves of dexterity (130 gold)
  a +2 leather armour of poison resistance (58 gold)
  a +0 leather armour (58 gold)
  a +2 leather armour of magic resistance (58 gold)
  a +0 leather armour (58 gold)
  a +3 ring mail of cold resistance (116 gold)
[Shop] Xepneo's Gadget Shop
  a +0 rod of destruction (9/9) (980 gold)
  a lantern of shadows (280 gold)
  a wand of flame (29) (217 gold)
  a wand of lightning (3) (98 gold)
  a wand of polymorph (8) (140 gold)
  a box of beasts (280 gold)
  a plain deck of summoning (196 gold)
  a wand of cold (7) (308 gold)
  a wand of confusion (8) (105 gold)
  a wand of polymorph (3) (70 gold)
  a wand of digging (7) (308 gold)
  a wand of paralysis (15) (238 gold)
  a wand of lightning (7) (154 gold)
  a wand of heal wounds (8) (1008 gold)
(0, 0, Orc:4)
  a large rock
(1, 0, Orc:4)
  a +0 giant club
(0, 1, Orc:4)
  4 large rocks
(1, 1, Orc:4)
  a +0 trident
  a +0 chain mail
(-1, 2, Orc:4)
  a large rock
(-3, 3, Orc:4)
  a +0 ring mail
  a +2 war axe of flaming
(-2, 3, Orc:4)
  a +0 club
  a cursed -1 scale mail
  a +0 battleaxe
  a +0 chain mail
  a +0 hand axe
  a +0 leather armour
  a +0 leather armour
  a +2 falchion of holy wrath
(-8, 10, Orc:4)
  a +0 dagger
  a +0 hand axe
(-9, 11, Orc:4)
  a +0 scale mail
  a +0 dagger
(-8, 11, Orc:4)
  a +0 club
(2, 11, Orc:4)
  a +0 club
(-2, 22, Orc:4)
  a wand of paralysis (0)
  a wand of magic darts (34)
(1, 23, Orc:4)
  a +0 flail
  a +0 hand axe
(-10, 24, Orc:4)
  a +0 mace
(0, 24, Orc:4)
  a +0 flail
  a +0 dagger
(1, 24, Orc:4)
  a +0 leather armour
  a cursed -1 mace
(-23, 26, Orc:4)
  a poisoned arrow
(-22, 26, Orc:4)
  a poisoned arrow
(-21, 26, Orc:4)
  a poisoned arrow
(-19, 26, Orc:4)
  a poisoned arrow
(-13, 26, Orc:4)
  a +0 club
(-11, 26, Orc:4)
  a +0 plate armour
  a +0 short sword
(-45, 27, Orc:4)
  a +0 short sword
  a +0 ring mail
(-23, 27, Orc:4)
  4 poisoned arrows
(-20, 30, Orc:4)
  a poisoned arrow
(-18, 32, Orc:4)
  a +1 centaur barding
  7 poisoned arrows
  a +2 longbow of flaming
(-46, 35, Orc:4)
  a bolt
(-45, 35, Orc:4)
  2 bolts
(-44, 35, Orc:4)
  2 bolts
(-47, 37, Orc:4)
  a bolt
(-46, 38, Orc:4)
  a bolt
  a +0 morningstar
(-47, 39, Orc:4)
  a bolt
  a +0 plate armour
  a +0 halberd
(-46, 39, Orc:4)
  a tomahawk
  3 bolts
  a +1 halberd of chopping
  a +0 plate armour
(-5, 39, Orc:4)
  a +0 falchion
  a +0 leather armour
(-55, 40, Orc:4)
  a bolt
(-48, 40, Orc:4)
  a bolt
(-47, 40, Orc:4)
  2 bolts
  a cursed +0 plate armour
  a +0 halberd
  a +0 plate armour
  a +0 battleaxe
(-46, 40, Orc:4)
  2 tomahawks
  3 bolts
  a +0 short sword
  a +0 chain mail
(-45, 40, Orc:4)
  a +0 glaive
  a +0 arbalest
  12 bolts
(-44, 40, Orc:4)
  a +0 battleaxe
  a +0 arbalest
  14 bolts
(-19, 40, Orc:4)
  a cursed +0 flail
  a +0 leather armour
(-18, 40, Orc:4)
  a +0 club
  a +0 dagger
(-17, 40, Orc:4)
  a +3 scale mail
(-53, 41, Orc:4)
  a bolt
(-50, 41, Orc:4)
  a +0 trident
  a +0 arbalest
  12 bolts
(-46, 41, Orc:4)
  a tomahawk
  a cursed -1 long sword
  a +0 plate armour
  3 bolts
(-45, 41, Orc:4)
  a +0 glaive
  a +0 chain mail
  a +0 morningstar
  a +0 arbalest
  24 bolts
(-54, 42, Orc:4)
  a bolt
(-52, 42, Orc:4)
  2 bolts
(-51, 42, Orc:4)
  a bolt
  a +0 chain mail
  a +0 battleaxe
(-50, 42, Orc:4)
  6 bolts
  a +0 great mace
  a +0 arbalest
(-49, 42, Orc:4)
  a bolt
(-47, 42, Orc:4)
  a tomahawk
  a +0 mace
  a +0 arbalest
  31 bolts
(-46, 42, Orc:4)
  a bolt
  a tomahawk
  a +0 shortbow
  a +0 shortbow
  a +0 shortbow
  59 arrows
(-45, 42, Orc:4)
  48 arrows
  a +0 hand axe
  a +0 arbalest
  31 bolts
  a +0 shortbow
  a +0 shortbow
  a +0 shortbow
(-26, 42, Orc:4)
  a +0 halberd
  a +0 arbalest
  17 bolts
(-24, 42, Orc:4)
  a +0 shortbow
  16 arrows
(-18, 42, Orc:4)
  a +0 dagger
  a +0 robe
(-6, 42, Orc:4)
  a tomahawk
  a +0 hand axe
(-52, 43, Orc:4)
  a +0 broad axe
  a +0 arbalest
  a +0 great mace
  a +0 arbalest
  31 bolts
(-47, 43, Orc:4)
  a +0 hand axe
  a +0 arbalest
  22 bolts
(-46, 43, Orc:4)
  3 bolts
  7 arrows
(-45, 43, Orc:4)
  a +0 broad axe
  a +2 dire flail of protection
  a +0 arbalest
  a +0 great mace
  a +0 arbalest
  32 bolts
(-25, 43, Orc:4)
  a +0 hand axe
  a +0 arbalest
  a cursed -3 arbalest
  a +0 hand axe
  a +0 battleaxe
  a +0 arbalest
  64 bolts
  a +0 shortbow
  a +0 shortbow
  34 arrows
  a +0 shortbow
  9 arrows of flame
(-24, 43, Orc:4)
  a +0 hand axe
  a +0 leather armour
  a +0 battleaxe
  a +0 arbalest
  a +0 glaive
  a +0 arbalest
  37 bolts
(-23, 43, Orc:4)
  a +0 mace
  a +0 arbalest
  12 bolts
(-18, 43, Orc:4)
  a tomahawk
(-46, 44, Orc:4)
  an arrow
(-24, 44, Orc:4)
  3 bolts
  an arrow of flame
  a +0 shortbow
  a cursed -2 shortbow
  a +0 shortbow
  69 arrows
  a +0 shortbow
  16 arrows of dispersal
  a +0 dagger
  a +0 robe
(-18, 44, Orc:4)
  a tomahawk
(-5, 44, Orc:4)
  a +0 robe
  a +2 dagger of draining
(-4, 44, Orc:4)
  a +0 club
(-2, 44, Orc:4)
  a +0 dagger
(0, 44, Orc:4)
  a +0 scale mail
  a +0 short sword
(-46, 45, Orc:4)
  an arrow
(-39, 45, Orc:4)
  a +0 trident
  a +0 scale mail
(-38, 45, Orc:4)
  a +0 flail
(-35, 45, Orc:4)
  a +0 falchion
(-25, 45, Orc:4)
  a +0 great mace
  a +0 arbalest
  18 bolts
  a +0 shortbow
  22 arrows
  a +0 hand axe
(-24, 45, Orc:4)
  a +0 short sword
  a +0 ring mail
(-23, 45, Orc:4)
  3 bolts
  6 arrows of flame
  a tomahawk
  4 arrows
(-19, 45, Orc:4)
  a tomahawk
(-18, 45, Orc:4)
  a tomahawk
(-12, 45, Orc:4)
  a +0 mace
  a +0 scale mail
  a cursed +0 dagger
  a +0 leather armour
(-5, 45, Orc:4)
  a +0 ring mail
  a +0 club
  a +0 hand axe
  2 tomahawks
(-3, 45, Orc:4)
  a +0 leather armour
  a +0 trident
(-2, 45, Orc:4)
  a +0 robe
  a +0 dagger
(-24, 46, Orc:4)
  a +0 short sword
(-23, 46, Orc:4)
  a cursed -3 falchion
  a +0 leather armour
(-21, 46, Orc:4)
  an arrow
(-12, 46, Orc:4)
  a +0 leather armour
(-2, 46, Orc:4)
  a +0 chain mail
  6 tomahawks
  a +0 trident
(-21, 47, Orc:4)
  an arrow of flame
(-41, 48, Orc:4)
  a +0 dagger
  a +0 leather armour
(-22, 49, Orc:4)
  a bolt

Level 1 of the Lair of Beasts
(0, 0, Lair:1)
  a +0 buckler
(8, 0, Lair:1)
  15 sling bullets
(-37, 4, Lair:1)
  a +0 hunting sling
(-48, 7, Lair:1)
  an uncursed staff of poison
(15, 8, Lair:1)
  21 arrows
(-46, 9, Lair:1)
  a +0 long sword
(-41, 11, Lair:1)
  a +0 morningstar
(-24, 12, Lair:1)
  20 stones
(4, 16, Lair:1)
  a +0 falchion
  a +0 scale mail
(-5, 22, Lair:1)
  28 stones
(4, 24, Lair:1)
  a potion of poison
(9, 24, Lair:1)
  22 arrows
(-24, 40, Lair:1)
  17 sling bullets
(-18, 40, Lair:1)
  a +0 club
(-34, 43, Lair:1)
  a +0 shortbow
(11, 46, Lair:1)
  a +0 whip
(-12, 52, Lair:1)
  a +0 leather armour
(-33, 56, Lair:1)
  2 javelins
(13, 58, Lair:1)
  a +0 ring mail

Level 2 of the Lair of Beasts
(0, 0, Lair:2)
  a +0 war axe
(-38, 9, Lair:2)
  a scroll of immolation
(-36, 12, Lair:2)
  26 stones
(2, 34, Lair:2)
  20 stones
(4, 36, Lair:2)
  15 stones

Level 3 of the Lair of Beasts
(0, 0, Lair:3)
  a scroll of vulnerability
(-5, 7, Lair:3)
  16 arrows
(21, 10, Lair:3)
  9 stones
(-2, 31, Lair:3)
  a +0 chain mail
(-9, 46, Lair:3)
  25 stones
(20, 50, Lair:3)
  a +0 robe
(-25, 56, Lair:3)
  a scroll of amnesia
  a book of Annihilations {highlevel}
  a scroll of vulnerability
  4 scrolls of immolation
  a +1 whip of flaming
(-24, 56, Lair:3)
  a +0 falchion

Level 4 of the Lair of Beasts
(0, 0, Lair:4)
  a scroll of random uselessness
(-41, 5, Lair:4)
  a +0 hand crossbow
(-46, 9, Lair:4)
  a +3 dire flail of crushing
(-25, 27, Lair:4)
  a +0 dagger
(-40, 28, Lair:4)
  a +2 chain mail of cold resistance
(-40, 29, Lair:4)
  19 stones
(-39, 29, Lair:4)
  a +0 dire flail
(-39, 30, Lair:4)
  5 silver bolts
(-36, 38, Lair:4)
  17 stones
(6, 43, Lair:4)
  14 stones
(-4, 46, Lair:4)
  a +2 scale mail of fire resistance
(-2, 59, Lair:4)
  an uncursed amulet of resist corrosion
  a Grand Grimoire {highlevel}

Level 5 of the Lair of Beasts
(0, 0, Lair:5)
  a +1 dire flail of holy wrath
(36, 7, Lair:5)
  a +0 quarterstaff
(5, 15, Lair:5)
  6 sling bullets
(21, 16, Lair:5)
  17 stones
(36, 16, Lair:5)
  a +0 scale mail
(7, 24, Lair:5)
  7 tomahawks
(40, 24, Lair:5)
  a +0 robe
(22, 27, Lair:5)
  a +0 robe
  a +1 scimitar of flaming
(21, 28, Lair:5)
  28 stones
(21, 29, Lair:5)
  a +0 robe
(32, 30, Lair:5)
  a +0 buckler
(10, 33, Lair:5)
  a wand of fireball (2)
  a wand of fireball (2)
  a wand of flame (21)
  a wand of fire (9)
  a wand of fireball (3)
  a wand of flame (26)
  a wand of slowing (29)
  a scroll of silence
  a fire dragon hide
  a +1 ring of slaying
  a +1 plate armour of cold resistance
(34, 38, Lair:5)
  a +0 hand axe

Level 6 of the Lair of Beasts
(-54, 5, Lair:6)
  a +0 ring mail
(-32, 7, Lair:6)
  a potion of lignification
(-35, 10, Lair:6)
  a +2 great mace of crushing
(-16, 14, Lair:6)
  a +0 scale mail
(-50, 19, Lair:6)
  a +0 shield
(-30, 26, Lair:6)
  a +0 scythe
(-20, 27, Lair:6)
  a +0 war axe
(-15, 29, Lair:6)
  a +0 scale mail
(-27, 33, Lair:6)
  a +0 great sword
(-23, 33, Lair:6)
  a +0 giant club
(-3, 34, Lair:6)
  a +0 shield
(-11, 36, Lair:6)
  a +0 scimitar
(-24, 39, Lair:6)
  a +0 whip
(-14, 43, Lair:6)
  a +0 ring mail

Level 7 of the Lair of Beasts
(0, 0, Lair:7)
  a potion of lignification
(25, 3, Lair:7)
  a +0 scale mail
(15, 12, Lair:7)
  16 bolts
(-16, 13, Lair:7)
  24 bolts
(13, 13, Lair:7)
  a +0 ring mail
(32, 18, Lair:7)
  19 stones
(32, 25, Lair:7)
  a +0 quarterstaff of freezing
  a +2 robe of cold resistance
(-3, 27, Lair:7)
  a +0 dagger
(28, 37, Lair:7)
  19 stones
(-20, 43, Lair:7)
  a wand of slowing (15)
(-19, 44, Lair:7)
  2 potions of resistance
  a potion of magic
  a scroll of torment
  an uncursed ring of teleportation
  an uncursed ring of ice
(28, 44, Lair:7)
  19 sling bullets
(12, 49, Lair:7)
  a +0 robe
(-21, 51, Lair:7)
  a scroll of immolation

Level 8 of the Lair of Beasts
(0, 0, Lair:8)
  7 arrows of dispersal
(21, 1, Lair:8)
  8 needles of slowing
(2, 4, Lair:8)
  4 sling bullets of frost
(-8, 8, Lair:8)
  17 stones
(-33, 9, Lair:8)
  an uncursed amulet of rage
(-8, 17, Lair:8)
  a +1 demon blade of electrocution
(-26, 18, Lair:8)
  a plain deck of changes
(-22, 22, Lair:8)
  a +0 dire flail
(-37, 31, Lair:8)
  23 stones
(-36, 31, Lair:8)
  27 stones
(-34, 31, Lair:8)
  11 stones
(-34, 32, Lair:8)
  an uncursed amulet of rage
(-12, 32, Lair:8)
  a +1 great mace of draining
(-23, 33, Lair:8)
  7 stones
(14, 38, Lair:8)
  10 arrows
(-3, 47, Lair:8)
  a scroll of vulnerability
(4, 53, Lair:8)
  a +4 ring mail
(-8, 54, Lair:8)
  a potion of magic

Level 1 of the Spider Nest
(0, 0, Spider:1)
  a +0 chain mail
(11, 0, Spider:1)
  3 potions of brilliance
(-14, 1, Spider:1)
  a +0 bardiche
(-5, 1, Spider:1)
  the +2 scale mail of Phemeite {-Cast rElec rN+ MP+9}
    It insulates you from electricity.
    It protects you from negative energy.
    It affects your magic capacity (+9).
    It prevents spellcasting.
(8, 3, Spider:1)
  a +0 ring mail
(6, 5, Spider:1)
  an uncursed staff of poison
(-2, 6, Spider:1)
  a +0 scale mail
(1, 6, Spider:1)
  a potion of poison
(26, 7, Spider:1)
  a +0 whip
(8, 12, Spider:1)
  20 arrows
(20, 16, Spider:1)
  a +0 ring mail
(11, 18, Spider:1)
  a +0 shortbow
(14, 20, Spider:1)
  a +1 antimagic morningstar
(-3, 22, Spider:1)
  a +0 buckler
(-6, 28, Spider:1)
  4 tomahawks
(16, 29, Spider:1)
  15 silver sling bullets
(27, 40, Spider:1)
  a +0 hand axe
(2, 44, Spider:1)
  17 stones
(-1, 57, Spider:1)
  a +0 rapier

Level 2 of the Spider Nest
(0, 0, Spider:2)
  a +0 scale mail
(-13, 21, Spider:2)
  a +0 leather armour
(4, 21, Spider:2)
  a -2 ring of dexterity
  a +1 antimagic dire flail
(-2, 26, Spider:2)
  16 arrows
(-20, 31, Spider:2)
  a redback corpse
(7, 32, Spider:2)
  17 stones
(10, 33, Spider:2)
  29 stones
(-7, 35, Spider:2)
  a scroll of vulnerability
(5, 38, Spider:2)
  21 stones
(-1, 40, Spider:2)
  a scroll of vulnerability
(-6, 41, Spider:2)
  a +0 plate armour
(2, 42, Spider:2)
  27 stones

