                      ##########          
                      #........##         
                      #.#####...#######   
                     ##.###...#.......#   
      ################...##.#...#####.#   
      #.....................##.##   #.#   
      #.########.##.##...#.###.######<#   
#######.########.##.###.##............### 
.................##.# #.######.####.....# 
.######.###########.###....###<.###.###.# 
      #.#    ######...#...........<.#  ...
      #.#    #......#.............#.#   ##
      #.######.####...###.####....#...    
      #...........#..##      ##.#.#.#.#   
      #..#####.##....#        #...#.#.#   
      #..#   #.####.##        ..###..     
      #..#   #.#  #.#        ####  .      
      ...#   #.#  #.#                     
     ≈≈...   #.####.########.             
      §≈..   ................             
              ....#...........            
              ###.####.5.###              
                #    ###.#                
                       #.#   .            
                       #g##....           
                       #5......           
                    #...gs.....           
                    ####.##...            
                       #.# ...            
                       #.#                
                       #.#                
                       #..                
