Asterion

Level 1 of the Dungeon
(0, 0, D:1)
  a +0 hand axe
(17, 0, D:1)
  2 stones
(20, 0, D:1)
  a stone
(25, 0, D:1)
  a +0 club
  a stone
(40, 1, D:1)
  a +0 dagger
(3, 4, D:1)
  a +0 club
(28, 8, D:1)
  a +0 hunting sling
(17, 9, D:1)
  a +0 robe
(-9, 11, D:1)
  a +0 animal skin
(27, 12, D:1)
  21 stones
(41, 14, D:1)
  a +0 robe
(-4, 21, D:1)
  a +0 spear
(36, 21, D:1)
  15 stones
(18, 22, D:1)
  13 poisoned needles
(8, 33, D:1)
  a +0 club
(25, 37, D:1)
  a +0 club
  11 stones
(27, 37, D:1)
  a +0 dagger
(28, 37, D:1)
  a stone
(33, 37, D:1)
  a stone
(27, 38, D:1)
  a stone
(23, 39, D:1)
  a +0 whip

Level 2 of the Dungeon
(0, 0, D:2)
  a +0 dagger
(15, 1, D:2)
  a +0 ring mail
(32, 1, D:2)
  a +0 club
(17, 4, D:2)
  a +0 club
  a +0 club
(4, 5, D:2)
  a +0 quarterstaff
(-6, 9, D:2)
  a cursed -2 club
(35, 10, D:2)
  a +0 club
(10, 11, D:2)
  a +0 mace
(34, 18, D:2)
  a cursed +0 robe
(37, 21, D:2)
  a +0 ring mail
(34, 23, D:2)
  a +0 flail
(-17, 25, D:2)
  a +0 whip
(-11, 25, D:2)
  a cursed -2 club
(35, 25, D:2)
  a +0 leather armour
(23, 27, D:2)
  a +0 club
(32, 27, D:2)
  a +0 dagger
(-11, 28, D:2)
  a +0 club
(-15, 29, D:2)
  a +0 robe

Level 3 of the Dungeon
(0, 0, D:3)
  2 stones
(2, 1, D:3)
  a stone
(4, 1, D:3)
  a stone
(1, 2, D:3)
  a +2 spear of chaos
(16, 2, D:3)
  a +0 club
(16, 3, D:3)
  an uncursed ring of stealth
(-19, 4, D:3)
  a +2 falchion of slicing
  a +0 hand axe of venom
(-19, 5, D:3)
  a +0 dagger
  a +0 leather armour
(-40, 7, D:3)
  a cursed -2 dagger
(-25, 31, D:3)
  a +0 dagger
(-36, 32, D:3)
  a +0 flail
(-28, 33, D:3)
  a +0 club
(6, 40, D:3)
  a +0 dagger
(-38, 41, D:3)
  12 sling bullets
(-42, 47, D:3)
  a +0 whip
(-35, 54, D:3)
  a stone
(2, 54, D:3)
  a +0 whip

Level 4 of the Dungeon
[Shop] Ruotwaos' Distillery
  2 potions of curing (52 gold)
  a potion of heal wounds (39 gold)
  a potion of cure mutation (455 gold)
  a potion of brilliance (32 gold)
  2 potions of berserk rage (78 gold)
  a potion of magic (71 gold)
  a potion of poison (13 gold)
  a potion of poison (13 gold)
  a potion of flight (39 gold)
  a potion of flight (39 gold)
  a potion of confusion (13 gold)
(0, 0, D:4)
  a cursed -3 dagger
  a +0 robe
(1, 0, D:4)
  a +0 dagger
  a +0 leather armour
(2, 0, D:4)
  a +0 club
  a +0 leather armour
(-17, 6, D:4)
  a +0 spear
(-10, 8, D:4)
  a +0 dagger
(23, 14, D:4)
  a +0 dagger
  a +0 robe
(25, 14, D:4)
  a +0 club
  a cursed -3 hand axe
  a +0 leather armour
(33, 14, D:4)
  a +0 hand axe
(-8, 17, D:4)
  a +2 robe of magic resistance
(-8, 18, D:4)
  a +0 dagger
  2 stones
  a +0 animal skin
(-8, 19, D:4)
  a +0 animal skin
(38, 21, D:4)
  a +0 club
(38, 22, D:4)
  a +0 short sword
(-17, 23, D:4)
  25 stones
(-6, 23, D:4)
  a +0 ring mail
(-15, 24, D:4)
  10 poisoned needles
(-14, 26, D:4)
  24 stones
(-7, 27, D:4)
  9 stones
  a +0 ring mail
(9, 28, D:4)
  a +0 hunting sling
(15, 34, D:4)
  a +0 flail
(18, 34, D:4)
  a +0 whip
(15, 35, D:4)
  a +0 whip
(17, 35, D:4)
  a +0 whip
(18, 35, D:4)
  a +0 dagger
  a +0 robe
(28, 38, D:4)
  a +0 dagger
(36, 38, D:4)
  a stone
(35, 40, D:4)
  a cursed +0 whip
(37, 40, D:4)
  a +0 club
  4 stones

Level 5 of the Dungeon
(0, 0, D:5)
  26 arrows
(-3, 10, D:5)
  7 arrows
(0, 11, D:5)
  a stone
(2, 11, D:5)
  a stone
(4, 12, D:5)
  a stone
(6, 14, D:5)
  a +2 helmet
(7, 14, D:5)
  a stone
(-17, 21, D:5)
  a +1 shortbow of freezing
(-29, 22, D:5)
  a +0 short sword
  a +0 short sword
(-28, 22, D:5)
  a +0 dagger
  a +0 robe
(-32, 29, D:5)
  a cursed -1 dagger

Level 6 of the Dungeon
(0, 0, D:6)
  a +0 whip
(-26, 1, D:6)
  an arrow
(-24, 1, D:6)
  a +0 shortbow
  13 arrows
(-4, 3, D:6)
  a stone
(-20, 4, D:6)
  26 arrows
(-18, 5, D:6)
  a potion of lignification
(-14, 8, D:6)
  23 stones
(-8, 10, D:6)
  a cursed -3 giant club
(-8, 11, D:6)
  a +1 scythe of slicing
  a +0 robe
(-53, 15, D:6)
  a +3 hand axe
  a +0 plate armour
(-53, 16, D:6)
  a +0 short sword
  a +0 leather armour
(-54, 17, D:6)
  a +0 flail
(-12, 28, D:6)
  a +0 whip
(-11, 29, D:6)
  a +0 dagger
  a +0 robe
(-10, 30, D:6)
  a +0 hand axe
(-18, 41, D:6)
  a +0 halberd
  a +0 chain mail
(-18, 42, D:6)
  a +0 falchion
(-18, 43, D:6)
  a +0 dagger
(-3, 45, D:6)
  a +0 scale mail

Level 7 of the Dungeon
(0, 0, D:7)
  2 arrows
(-2, 1, D:7)
  2 arrows
(0, 1, D:7)
  2 arrows
(-3, 2, D:7)
  2 arrows
(-1, 2, D:7)
  2 arrows
(0, 2, D:7)
  an arrow
(1, 2, D:7)
  an arrow
(1, 3, D:7)
  a +0 shortbow
  a +0 shortbow
  8 arrows of flame
  a +0 shortbow
  7 arrows
(2, 3, D:7)
  a +2 shortbow of flaming
  15 arrows
  2 arrows of flame
(3, 3, D:7)
  an arrow of flame
(2, 4, D:7)
  5 arrows
(2, 5, D:7)
  an arrow of flame
  2 arrows
(4, 5, D:7)
  a +0 club
(3, 6, D:7)
  2 arrows
(6, 7, D:7)
  a +0 falchion
(-24, 8, D:7)
  a +0 club
(-7, 9, D:7)
  2 stones
  a +0 blowgun
  a +0 club
  3 poisoned needles
  a +0 dagger
  a cursed +0 robe
(-8, 10, D:7)
  a +0 dagger
  a +0 shortbow
  20 arrows
(-7, 10, D:7)
  a cursed +0 war axe
  a +0 hand axe
(-6, 10, D:7)
  an arrow
  a poisoned needle
  2 stones
(-3, 10, D:7)
  2 poisoned needles
(7, 10, D:7)
  15 arrows
(-8, 11, D:7)
  a +0 dagger
(-7, 11, D:7)
  a +0 whip
  2 stones
(14, 12, D:7)
  a +0 club
  a +1 blowgun of evasion
  19 poisoned needles
  a +0 whip
  5 stones
(15, 12, D:7)
  a +0 dagger
(5, 15, D:7)
  a +0 club
(16, 16, D:7)
  a +0 short sword
(29, 19, D:7)
  a +0 chain mail
(17, 21, D:7)
  a +0 dagger
(19, 21, D:7)
  a +0 club
(-6, 22, D:7)
  a +0 robe
(-21, 24, D:7)
  15 stones
(-5, 24, D:7)
  a +0 giant club
(-24, 26, D:7)
  a +0 robe
(-8, 26, D:7)
  19 arrows
(14, 27, D:7)
  a +0 helmet

Level 8 of the Dungeon
(0, 0, D:8)
  16 stones
(17, 8, D:8)
  a +1 whip of venom
(-3, 10, D:8)
  a +0 long sword
(16, 10, D:8)
  a cursed -1 giant club
  a +0 giant club
(-8, 13, D:8)
  16 arrows
(-4, 20, D:8)
  a +0 ring mail
(16, 20, D:8)
  a +0 trident
(-11, 28, D:8)
  2 stones
(-11, 29, D:8)
  2 stones
(-10, 29, D:8)
  6 stones
(-9, 29, D:8)
  2 stones
(-13, 30, D:8)
  a stone
(-12, 30, D:8)
  5 stones
(-9, 30, D:8)
  5 stones
(-13, 31, D:8)
  a stone
(-11, 31, D:8)
  5 stones
(5, 33, D:8)
  a +0 robe
(-13, 34, D:8)
  a +0 glaive
(-5, 37, D:8)
  a +0 whip
(-4, 37, D:8)
  a +0 giant club
(-3, 40, D:8)
  a stone

Level 9 of the Dungeon
[Shop] Shroudaot's Jewellery Boutique
  the amulet "Uhyor" {Inacc rC+ Str+3} (168 gold)
    [amulet of inaccuracy]
    
    It reduces the accuracy of all your attacks.
    It affects your strength (+3).
    It protects you from cold.
  an uncursed amulet of warding (150 gold)
  an uncursed ring of magical power (200 gold)
  a +1 ring of dexterity (22 gold)
  an uncursed amulet of warding (150 gold)
  an uncursed amulet of warding (150 gold)
  a cursed -2 ring of dexterity (20 gold)
  a cursed ring of loudness (45 gold)
  an uncursed amulet of rage (400 gold)
  an uncursed amulet of warding (150 gold)
  an uncursed amulet of stasis (175 gold)
  an uncursed amulet of the gourmand (300 gold)
  an uncursed ring of see invisible (150 gold)
(0, 0, D:9)
  24 stones
(-13, 12, D:9)
  a +0 club
(8, 18, D:9)
  23 stones
(-10, 21, D:9)
  a tomahawk
(9, 21, D:9)
  a +0 leather armour
(-11, 22, D:9)
  a +0 plate armour
  a +0 long sword
  a cursed -2 club
(-9, 22, D:9)
  a +0 plate armour
  a +0 antimagic short sword
(-2, 22, D:9)
  a +0 plate armour
  a +0 short sword
  a cursed +0 plate armour
  a +3 battleaxe of draining
  a +0 ring mail
  a +0 hand axe
(3, 22, D:9)
  a +0 trident
(9, 22, D:9)
  a +0 leather armour
  a +0 long sword
(-2, 23, D:9)
  a +0 whip
(4, 23, D:9)
  a tomahawk
  a +0 hand axe
  a +0 club
  a +0 ring mail
  a +0 hand axe
(5, 23, D:9)
  a +0 club
  a +0 mace
(6, 23, D:9)
  3 tomahawks
  a +0 flail
(7, 23, D:9)
  a +0 chain mail
(8, 23, D:9)
  a +0 ring mail
  a +0 whip
(29, 23, D:9)
  a +0 long sword
(-10, 24, D:9)
  a +0 chain mail
  3 tomahawks
  a +0 flail
(-3, 24, D:9)
  a +0 trident
(-2, 24, D:9)
  a +0 flail
(-17, 32, D:9)
  a +0 robe
  a cursed +3 falchion
  a cursed +0 robe
  a +1 war axe
(-17, 33, D:9)
  a +0 robe
  a +0 great sword
(23, 39, D:9)
  a +0 robe
  a +0 mace of protection
  a +0 mace
(23, 40, D:9)
  a +0 robe
  a cursed +3 short sword
(24, 40, D:9)
  a +0 robe
  a +1 trident
(20, 43, D:9)
  a +0 giant club

Level 10 of the Dungeon
(0, 0, D:10)
  a +2 ring of intelligence
  a cursed -2 ring of intelligence
  a +5 ring of intelligence
(46, 0, D:10)
  an uncursed amulet of inaccuracy
(-1, 1, D:10)
  an uncursed ring of loudness
  a potion of poison
  a scroll of amnesia
  a potion of confusion
  a scroll of immolation
(16, 5, D:10)
  19 stones
(24, 16, D:10)
  a +0 plate armour
  a +0 flail
(1, 19, D:10)
  a stone
(26, 22, D:10)
  a throwing net
(22, 24, D:10)
  a throwing net
(19, 26, D:10)
  a +0 ring mail
  a +0 flail
  2 throwing nets
(27, 28, D:10)
  a +0 club
(44, 28, D:10)
  a +0 robe
(-7, 34, D:10)
  2 stones
(-6, 34, D:10)
  a stone
  2 poisoned needles
(-8, 35, D:10)
  a +0 short sword
  a +0 blowgun
  16 poisoned needles
(-7, 35, D:10)
  a +0 short sword
(5, 35, D:10)
  a +0 falchion
  a +2 leather armour of fire resistance
(9, 35, D:10)
  a +0 dagger
  a +0 robe
(-4, 36, D:10)
  a +0 short sword
(1, 37, D:10)
  a +0 club
(19, 40, D:10)
  a +0 giant spiked club
(-3, 45, D:10)
  a +0 hunting sling
(29, 48, D:10)
  a +0 whip
  a +0 leather armour
(-7, 49, D:10)
  a +0 giant club
(13, 54, D:10)
  a cursed -2 dagger
  a +2 robe of magic resistance

Level 1 of the Orcish Mines
(0, 0, Orc:1)
  a cursed +0 club
(6, 0, Orc:1)
  a +0 short sword
(-1, 1, Orc:1)
  a cursed +0 club
  a +0 leather armour
(0, 1, Orc:1)
  a +0 leather armour
(2, 1, Orc:1)
  a +0 leather armour
(6, 1, Orc:1)
  a +0 dagger
  a cursed -2 chain mail
(7, 2, Orc:1)
  a +0 hand axe
  a +0 leather armour
(8, 2, Orc:1)
  a +0 whip
  a +0 chain mail
(13, 2, Orc:1)
  a +0 giant spiked club
  a +2 robe
(-1, 3, Orc:1)
  a +0 club
(1, 3, Orc:1)
  a +0 dagger
(-3, 4, Orc:1)
  a +0 leather armour
(-2, 4, Orc:1)
  a +1 dagger of chaos
  a +2 robe of cold resistance
(-1, 4, Orc:1)
  a +4 antimagic mace
(0, 4, Orc:1)
  a +0 dagger
(-2, 5, Orc:1)
  a +0 dagger
  a +2 robe of fire resistance
(-3, 6, Orc:1)
  a -3 flail
  a +0 leather armour
(-5, 8, Orc:1)
  a +0 dagger
(-5, 9, Orc:1)
  a +0 flail
  a +0 leather armour
(-5, 10, Orc:1)
  a +0 war axe of flaming
(10, 15, Orc:1)
  a cursed -3 flail
(-3, 16, Orc:1)
  a +0 club
  a +0 leather armour
(-3, 17, Orc:1)
  a +0 club
(-2, 17, Orc:1)
  a +0 flail
  a +0 chain mail
  a +0 battleaxe
  a cursed +0 plate armour
(-1, 17, Orc:1)
  a cursed -2 dagger
  a +0 ring mail

Level 2 of the Orcish Mines
[Shop] Tocoar's Antique Weapon Shoppe
  a +0 mace (69 gold)
  a +0 blowgun (57 gold)
  a cursed -3 club (23 gold)
  a +0 club (23 gold)
  a +0 long sword (80 gold)
  a +0 cutlass of holy wrath (92 gold)
  a +1 cutlass of venom (92 gold)
  a +2 hand crossbow of freezing (80 gold)
  a +0 cutlass (92 gold)
  a +0 falchion of electrocution (69 gold)
  a +0 dire flail (92 gold)
(0, 0, Orc:2)
  a +0 short sword
  a +0 scale mail
  a +2 dagger of pain
(19, 0, Orc:2)
  a -2 spear
  a +0 animal skin
(0, 1, Orc:2)
  a +0 flail
  a +1 short sword of venom
  a +0 chain mail
(20, 2, Orc:2)
  a +0 whip
  a +0 short sword
  a +0 scale mail
(20, 3, Orc:2)
  a +0 hand axe
(21, 3, Orc:2)
  a cursed -1 war axe
  a +0 chain mail
(-3, 6, Orc:2)
  a +0 dagger
  a +0 robe
(-2, 6, Orc:2)
  a +0 mace
  a +0 leather armour
(24, 15, Orc:2)
  a +0 club
(22, 16, Orc:2)
  a +0 mace
  a +0 leather armour
(23, 16, Orc:2)
  a +0 dagger
(24, 16, Orc:2)
  a +0 hand axe of chopping
(33, 16, Orc:2)
  a cursed -2 mace
  a cursed +0 scale mail
(23, 17, Orc:2)
  a +0 flail
  a +0 flail
  a +0 leather armour
(24, 17, Orc:2)
  a +0 club
  a +0 battleaxe
  6 tomahawks
  a +0 chain mail
  a +0 dagger
  a +0 robe
(22, 18, Orc:2)
  a +0 dagger
  a +0 robe
(32, 18, Orc:2)
  a +0 club
(7, 23, Orc:2)
  2 tomahawks
(8, 23, Orc:2)
  a tomahawk
(9, 23, Orc:2)
  2 tomahawks
(15, 23, Orc:2)
  a +0 dagger
  a cursed +0 leather armour
(5, 28, Orc:2)
  a +2 mace of protection
(6, 28, Orc:2)
  a +0 club
(8, 28, Orc:2)
  a +0 dagger
  a +0 robe
(6, 29, Orc:2)
  a +0 club
  a +0 ring mail
(8, 29, Orc:2)
  a +0 dagger
  a cursed +0 robe
  a +0 mace

Level 3 of the Orcish Mines
(0, 0, Orc:3)
  a +5 vampiric long sword
(1, 3, Orc:3)
  a +0 giant club
(-2, 8, Orc:3)
  a +0 dagger
(-13, 11, Orc:3)
  2 poisoned arrows
(-14, 13, Orc:3)
  a +0 mace
  a +0 plate armour
  a +0 great sword
  a cursed -2 plate armour
  a +0 hand axe
  a +0 scale mail
  a +0 flail
(-13, 13, Orc:3)
  a +1 longbow of flaming
  7 poisoned arrows
  a +0 centaur barding of flying
  a +0 short sword
  a +0 dagger
  a cursed -1 leather armour
  a +0 whip
  a +0 ring mail
(-15, 14, Orc:3)
  a +0 club
(-14, 14, Orc:3)
  3 poisoned arrows
(-13, 14, Orc:3)
  a +0 chain mail
  a +0 hand axe
(4, 14, Orc:3)
  a +0 dagger
(5, 14, Orc:3)
  a +0 war axe
  a +0 club
  a +0 leather armour
(-15, 15, Orc:3)
  a poisoned arrow
(-14, 15, Orc:3)
  a +0 falchion
(-15, 16, Orc:3)
  a poisoned arrow
(-17, 20, Orc:3)
  2 poisoned arrows
(-16, 28, Orc:3)
  a +0 dagger
(-15, 28, Orc:3)
  a cursed +0 short sword
(-14, 28, Orc:3)
  a +0 hand axe
(-16, 29, Orc:3)
  a +0 dagger
  a +0 leather armour
(-14, 30, Orc:3)
  a +0 whip
(-12, 30, Orc:3)
  a +0 short sword
  a +0 leather armour
(-27, 34, Orc:3)
  a +0 mace
(-27, 35, Orc:3)
  a +0 dagger
  a +0 dagger of venom
  a +0 robe
(-25, 35, Orc:3)
  a +2 dagger of speed
  a +2 robe of magic resistance
(-10, 42, Orc:3)
  a +0 dagger
  a +0 ring mail
  a +0 hand axe
(-10, 43, Orc:3)
  a +0 mace
(-9, 44, Orc:3)
  a +0 bardiche
  a +0 plate armour

Level 4 of the Orcish Mines
[Shop] Kotado Saad's General Store
  a meat ration (70 gold)
  a +0 spear (42 gold)
  a +0 long sword (49 gold)
  a book of Debilitation (560 gold)
  a +0 spear (42 gold)
  a wand of magic darts (6) (33 gold)
  19 sling bullets (133 gold)
  8 curare-tipped needles (67 gold)
  2 potions of heal wounds (84 gold)
  18 poisoned needles (100 gold)
[Shop] Ofiuh's Food Shop
  a bread ration (65 gold)
  a meat ration (65 gold)
  5 fruits (97 gold)
  a bread ration (65 gold)
  5 fruits (97 gold)
  5 fruits (97 gold)
  5 fruits (97 gold)
  a meat ration (65 gold)
  a meat ration (65 gold)
[Shop] Miabouta's Jewellery Shop
  a cursed ring of magical power (289 gold)
  an uncursed ring of protection from fire (425 gold)
  the ring of Prytia {Dex+1 Stlth+} (204 gold)
    [ring of dexterity]
    
    It affects your dexterity (+1).
    It makes you more stealthy.
  a cursed amulet of inaccuracy (34 gold)
  an uncursed ring of regeneration (510 gold)
  an uncursed ring of fire (425 gold)
  a cursed -2 ring of slaying (34 gold)
  a cursed ring of loudness (76 gold)
  a +1 ring of dexterity (37 gold)
  an uncursed ring of protection from magic (425 gold)
[Shop] Fruinae's Antique Armour Emporium
  a +2 robe of magic resistance (22 gold)
  a +0 ring mail (128 gold)
  the +5 scale mail "Peaqygia" {Str+3} (288 gold)
    It affects your strength (+3).
  a +0 chain mail (144 gold)
  the +3 cloak of Flash {+Fly EV+4} (1452 gold)
    It affects your evasion (+4).
    It lets you fly.
  a +0 plate armour (736 gold)
  the +2 leather armour of the Townfolk {Dex+1} (224 gold)
    It affects your dexterity (+1).
  a +0 robe (22 gold)
  a +2 robe of the Archmagi (22 gold)
[Shop] Qowon's Armour Shoppe
  a +2 cloak of darkness (322 gold)
  a +0 ring mail (60 gold)
  a +0 helmet (67 gold)
  a +3 scale mail of cold resistance (390 gold)
  the +1 leather armour "Guocanue" {+Inv rF+} (420 gold)
    It protects you from fire.
    It lets you turn invisible.
  a +0 robe (10 gold)
(0, 0, Orc:4)
  a +0 long sword of slicing
  (unseen)
(-6, 1, Orc:4)
  a +0 dagger
  (unseen)
(-4, 1, Orc:4)
  a steel javelin
  (unseen)
(-3, 1, Orc:4)
  a +0 dagger
(0, 1, Orc:4)
  an orc corpse
(1, 1, Orc:4)
  26 gold pieces
(-6, 2, Orc:4)
  a +0 short sword
  a +0 ring mail
  a +0 short sword
  a +0 chain mail
(-4, 2, Orc:4)
  a +0 dagger
  a +0 robe
(0, 2, Orc:4)
  a +0 dire flail
  (unseen)
(-5, 3, Orc:4)
  a steel javelin
(-7, 6, Orc:4)
  2 steel javelins
(17, 8, Orc:4)
  an orc corpse (skeletalised by now)
(18, 8, Orc:4)
  a +0 scimitar
  a +0 plate armour
(17, 9, Orc:4)
  a +0 whip
  a +0 scale mail of cold resistance
  a +0 scimitar
  a +0 chain mail
(-14, 10, Orc:4)
  a +0 club
  a +0 chain mail
  a +0 falchion
  a +0 flail
(-13, 10, Orc:4)
  a +0 club
  a +0 chain mail
(-12, 10, Orc:4)
  a +0 dagger
  a +0 robe
(-10, 10, Orc:4)
  a +0 dagger
  a +0 robe
(-4, 10, Orc:4)
  a +0 flail
  a +0 leather armour
  a +0 dagger
  a cursed +0 robe
(-9, 11, Orc:4)
  a +0 giant spiked club
(16, 12, Orc:4)
  a +0 dagger
  a +0 chain mail
(19, 12, Orc:4)
  a +0 short sword
  a +0 plate armour
(19, 13, Orc:4)
  a +0 dagger of venom
  a +0 robe
(16, 15, Orc:4)
  a +0 short sword
  a +0 chain mail
(16, 16, Orc:4)
  a +0 dagger
  a +0 leather armour
(13, 19, Orc:4)
  a +0 dagger
  a +0 robe
(12, 22, Orc:4)
  a +2 mace of crushing
(14, 23, Orc:4)
  a +0 dagger
  a +0 chain mail
(15, 23, Orc:4)
  a cursed -1 broad axe
  a +0 chain mail
(8, 24, Orc:4)
  a +0 long sword
(9, 24, Orc:4)
  a +0 hand axe
  a +0 leather armour
(15, 24, Orc:4)
  a +0 leather armour
  a +0 mace
(14, 25, Orc:4)
  a +0 club
(15, 25, Orc:4)
  a +0 trident
  a +0 ring mail
(-14, 26, Orc:4)
  a +0 scale mail
(-27, 31, Orc:4)
  a +0 flail
(10, 34, Orc:4)
  a +0 mace
(11, 34, Orc:4)
  a +0 morningstar
  a +0 ring mail
(10, 35, Orc:4)
  a +0 club
(9, 36, Orc:4)
  a +0 hand axe
  an orc corpse (skeletalised by now)
(14, 38, Orc:4)
  a +0 giant spiked club
(-18, 40, Orc:4)
  a +0 leather armour
  a +0 trident
  a +0 scale mail
(-18, 41, Orc:4)
  a +0 club
  a +0 hand axe
  a +0 ring mail
(7, 41, Orc:4)
  a +0 giant club
(10, 41, Orc:4)
  a +0 flail
  a +0 leather armour

Level 1 of the Lair of Beasts
(-18, 1, Lair:1)
  12 arrows
(10, 8, Lair:1)
  13 sling bullets
(-25, 13, Lair:1)
  a scroll of random uselessness
(-32, 20, Lair:1)
  13 stones
(-14, 22, Lair:1)
  a lamp of fire
(-19, 26, Lair:1)
  17 stones
(-17, 26, Lair:1)
  a cursed -3 hunting sling
(10, 28, Lair:1)
  a +0 spear
(-36, 34, Lair:1)
  a +0 leather armour
(-32, 36, Lair:1)
  a cursed -3 hand crossbow
(1, 37, Lair:1)
  a potion of lignification

Level 2 of the Lair of Beasts
(0, 0, Lair:2)
  16 stones
(-30, 6, Lair:2)
  a +1 mace of holy wrath
  a +2 mace of freezing
(10, 15, Lair:2)
  a +0 halberd
(-32, 21, Lair:2)
  12 arrows
(-37, 24, Lair:2)
  a cursed +0 robe
(-14, 24, Lair:2)
  14 poisoned needles
(-40, 26, Lair:2)
  a scroll of immolation
(8, 26, Lair:2)
  a cursed +2 whip of electrocution
(8, 33, Lair:2)
  a +0 plate armour
  a +0 buckler
(-25, 53, Lair:2)
  25 bolts
(-48, 57, Lair:2)
  24 arrows of flame

Level 3 of the Lair of Beasts
(0, 0, Lair:3)
  375 gold pieces
  216 gold pieces
  386 gold pieces
(-8, 3, Lair:3)
  a +0 plate armour
(-15, 30, Lair:3)
  a +0 cutlass
(5, 34, Lair:3)
  a potion of poison
(10, 34, Lair:3)
  a +0 helmet
(-4, 35, Lair:3)
  a cursed amulet of inaccuracy
(-28, 45, Lair:3)
  30 stones

Level 4 of the Lair of Beasts
(0, 0, Lair:4)
  14 poisoned arrows
(32, 2, Lair:4)
  a +0 mace
(-10, 13, Lair:4)
  16 arrows
(1, 14, Lair:4)
  a +0 glaive
(11, 14, Lair:4)
  a +0 falchion
(38, 14, Lair:4)
  a +0 ring mail
(-14, 19, Lair:4)
  a +0 scale mail
(17, 26, Lair:4)
  a +0 scythe
(-16, 30, Lair:4)
  a +0 plate armour
(39, 30, Lair:4)
  13 sling bullets
(42, 39, Lair:4)
  20 stones
(39, 43, Lair:4)
  16 stones

Level 5 of the Lair of Beasts
(3, 2, Lair:5)
  a scroll of random uselessness
(2, 4, Lair:5)
  a +0 leather armour
(-33, 6, Lair:5)
  a +0 leather armour
(-19, 10, Lair:5)
  13 arrows of flame
(-37, 17, Lair:5)
  a +5 scimitar of draining
(-16, 24, Lair:5)
  29 arrows
(-36, 30, Lair:5)
  a +0 ring mail
(11, 30, Lair:5)
  19 stones
(-42, 31, Lair:5)
  21 sling bullets
(-22, 40, Lair:5)
  18 poisoned needles
(8, 42, Lair:5)
  17 stones
(-49, 47, Lair:5)
  16 arrows
(-31, 55, Lair:5)
  5 javelins

Level 6 of the Lair of Beasts
(0, 0, Lair:6)
  a +0 dagger
  a +0 robe
  a +0 buckler
(-5, 10, Lair:6)
  a scroll of amnesia
(2, 10, Lair:6)
  14 stones
(15, 18, Lair:6)
  a wand of magic darts (5)
  an uncursed ring of ice
  a wand of random effects (14)
  a wand of random effects (11)
(-4, 22, Lair:6)
  21 stones
(-2, 26, Lair:6)
  a scroll of random uselessness
(-13, 31, Lair:6)
  a +0 battleaxe
(-7, 41, Lair:6)
  a +0 ring mail
(5, 41, Lair:6)
  26 stones
(16, 47, Lair:6)
  10 stones

