                             .                  
                            ...                 
                       #    #.######            
                      .#    #.##...#            
                 #####.#    #.##...#  #         
                  .....######.##...##.###       
                  .......................       
                ###....##...#..@......#         
                #...#..##...#....)....#         
                #...#>.##...#.#####...#...      
                #.........................      
                ##........###.#####...##.#      
                 #........#2#.#     ..##.#      
                 #......#######     #.##.##     
                 #.....##4#_#3#     #.#...#     
                 #.....#  #.###     #.#...#     
                 #....@#  #.#.#     #.#...#     
                 #.....#  #.#.##    #....###    
                 ##....#  #@...#    #......#####
                  #....#  ##...#    #......#...#
            #######....#####...######.##..(.<..#
           ............@............)..........#
            ......................###.#........#
         #.............######.###.# #.#..###...#
      .  #.#######....##  #...# #.###.#.)# #####
     #.  #.###   ##.#.#####...###...#.#..#      
   ###.###...######.<.................#..#      
 .  .............).............##)..###..#      
 #.. #.###......#.......#####..#...## #..##     
 #...#..........#.......#  #.......####...#     
##...#........###......##  #.......##.....#     
#.............# #####.##   #......###.....#     
#..........##########.#######..##.###....##     
#........#......>....<...................#      
######...###########...######[.#...####..#      
     #....#   #....#...#   #.......# ##..####   
     #....#####....#...#####......## #......#   
     #....................).......####......#   
     ################.#######..####.........#   
                   #...######............####   
                   #.....................#      
                   #...#####....##....####      
                   #####   #)(..##....#         
                           #....##....#         
                           ############         
