#################################################          
#.<...................................<.........#          
#.#######..............###########.#######..[...#          
#.#     #..............#         #.#     #......#          
#.#     #..............#         #.#     #......#          
#.#     #..............#         #.#     #......#          
#.#     #..##########..#         #.#     #.######          
#.#     #..#        #..#         #.#     #.#               
#.#######..#        #..#         #.#     #.#               
#..........#        #..#         #.#     #.#               
#...######.##########..###########.#     #.#               
#...#    #.........................#     #.#               
#...#    #....................[....#     #.#               
#...#    #.........................#######<#               
#...#    #.#######........................)#               
#...#    #.#     #O.########...###########.#               
#...#    #.#     #..#      #.............#.############    
#...#    #.#     #(.#      ##..#####.....#.............    
#...#    #.#     #..#      #....#  #.....#..##########.    
#...#    #.#     #(.#      #....#  #.....#..#            ) 
#...######.#######o.#      #...##  #.....#..#          ... 
#..%..........>....>###### ##.##   ###'###..##########.... 
#........................# #.##    #.......................
#.................(......# ##.#    #...........[.......#   
#...........)....).......#  #.##   #..#############....#   
#........................#  ##.#   #..#            ....#   
#........................#  ##.##  #..#            ....#   
#....##########........###  #...#  ##.#            ....#   
#....#        #........#    #...#   #.#            ....#   
#....#        #o.......#    #..)#   #..            ....#   
#....#        #.#####..#    #####   #..            ..o.    
#....#        #.#    ..             #..            .       
#....#        #.#                   #..                    
#....#        #.#                                          
#....##########.#####...                                   
#.................Oo....                                   
#.##.####..............o                                   
#. #........##########.                                    
#. #........#........                                      
#. #..###...#5.......#                                     
#  #..# +...#'#######                                      
#) #%.###.............                                     
#.##.......##########                                      
#...)......#                                               
#.....%....#                                               
#..####>...#                                               
#..#..'....#                                               
#..#..#....###########                                     
#..####...............                                     
#......................                                    
#.............)........                                    
#......................                                    
 #####################                                     
