                              ###         
                              ..##        
                             ....         
                             ...          
                             #.#          
                           ###g#####      
                           #.......#      
   .####        ...     ####.......#      
    .....       ...#  ###.......##.#######
    ##..#       ...#  #..........#.(.....#
  # #...########...####.#.##.............#
###.#.................. #. #..#.#........#
......................  .  ####..........#
 ##.##.#.##............. ###8###.........#
  #......##.##.#...#)#   #._._.#.........#
  #..#.####.##.#..<#.#   ##...##.#.......#
  #....#  #.##.#...#.#    #⌠.⌠##.#########
  #..#..  ..##.#...#.#    ##'##..#        
  #..#### ####.#...#.#   ##..###.#        
  #.         #.......#   #.......#        
  ..         ####.####   #..####.#        
 .#   ###########.########...###.#######  
      ................>.................. 
      #########....######....###..######  
       ########.##.#    #.........#       
       #...........###  #.#.#####.#       
       #.###.#.......# ##.[..#  #.#       
       #.# #.#..#.##.# #.....#  #.#       
     ###.###.#....# .# #.#...####.#       
     #.....#.#.##.#  # #..........#       
     #.....#... ...    #..##.##..##       
     #.###.#### ..)    #..##.##..#        
     #.# #.#   .....   #.....##..##       
     #.###.#   ....    #..#####...#       
     #.....#     .     #..#####.#.#       
     #....>#           #..........#       
     ####.##           #..######.##       
      ###.##############.)#    #.#        
      #......#.##..<......#    #.##       
      #.#.##....#.#####.#.#    #..#       
      #.#.##.........##...#    ##.#       
      #.#.......#.#...#...##   #..#       
      #.####.#.##..........##  #.##       
      #.####.#############..####.#        
      #......#           ##..##..#        
      ########            ##....##        
                           ######         
