                                       #               
                                     ##.               
                                    ##..               
      ######                       ##..#               
      #....#                       #...#    #...#      
      #....#    ####               #...#    #...#      
      #....#   ##..##              #...#    #...##  .  
     ##....#####....######### ######...#    #..... ... 
     #....................... ....?....######...# .....
     #(....#####.................g..............##...  
     #..<..#   #.#.#..#################.........#..### 
     #[....#   #.#.##....%........g..).......w.......# 
     #.....#   #.#.###########...######........<.....# 
     #.#####   #.#.......#####...#    ####.#.#.......# 
     #.#     ###............(..((#       ###.#.......# 
     #.#######...#.......#####...#      ###..#g......# 
     #.#.......#.#.......#####...########...#........# 
    ##.#.#######.#.........g..(w((((......###..(###### 
    #....#     #.#......(################## #.(##      
    #...##     #.#.......#                  #..#       
    #...#      #.#.......##               ###..#       
    ##.##      #.#........###             #.)..#       
     ###       #.#.######...####       ####...##       
               #.#.#    ###....####   ##..(.###        
                 #.       ####.g..#####..(.###         
                          #######..##.(......#         
                         ....................#         
                          ########..###....###         
                           #........# ##..##           
                           #........#############      
         #                 #..........).........#      
        g#                 #......[.#######..[..#      
########r###               #######..##    #.....#      
#...........                 ######..######.....#      
#.....g...##                ..................>.#      
#...K.......#                #####.#.######.....#      
#..l.S..r.#                      #.#..#   #.....#      
#....)....#                      #....#   #.....#      
###########                      ###..#   #######      
                                   #..#                
                                 #.......#             
                                 #.......#             
                                 #.......#             
                                 #.......#             
                                 #.......#             
                                 #.......#             
                                 #.......              
                                   ...                 
