Dracula

Level 1 of the Dungeon
(0, 0, D:1)
  a +2 ring mail
(3, 0, D:1)
  a +0 chain mail
(-5, 8, D:1)
  28 stones
(31, 8, D:1)
  18 arrows
(1, 12, D:1)
  a +0,+0 dagger
  3 darts
(-15, 22, D:1)
  a +0,+0 hand axe
(32, 26, D:1)
  a -1,+0 orcish club
(35, 27, D:1)
  a -1,+1 orcish club
(-2, 28, D:1)
  21 sling bullets
(8, 33, D:1)
  a +0,+0 dagger
(-6, 34, D:1)
  a +0 ring mail
(-2, 36, D:1)
  a +0,+0 orcish club
(3, 50, D:1)
  a +1,+1 dwarven short sword
(3, 51, D:1)
  a -1,+1 orcish club
  a -1,+1 orcish club
(3, 52, D:1)
  a +0 ring mail
(25, 53, D:1)
  a +1,+1 whip

Level 2 of the Dungeon
(-19, 1, D:2)
  a +1,-3 elven dagger
  a +0,+0 elven dagger
(24, 11, D:2)
  29 stones
(26, 11, D:2)
  a +0,+0 short sword
(-8, 15, D:2)
  a -1,+0 orcish club
(26, 15, D:2)
  16 stones
(-21, 26, D:2)
  15 poisoned arrows
(-7, 30, D:2)
  a +1,+2 mace of crushing
(4, 30, D:2)
  a dart
(13, 31, D:2)
  a dart
(14, 31, D:2)
  a cursed -3,-2 club
(15, 31, D:2)
  2 darts
(2, 33, D:2)
  a +0,+0 dagger
  3 darts
(9, 34, D:2)
  a +0,+0 orcish club
(-18, 39, D:2)
  a +0 ring mail
(-16, 39, D:2)
  a -1,+0 orcish club

Level 3 of the Dungeon
(8, 1, D:3)
  a +0,+0 club
(24, 11, D:3)
  20 darts
(12, 20, D:3)
  a bread ration
(17, 20, D:3)
  16 arrows
(14, 26, D:3)
  a +0,+0 club
(-11, 31, D:3)
  26 darts
(14, 39, D:3)
  12 bolts
(12, 40, D:3)
  a -1,+1 orcish hand axe
(22, 42, D:3)
  a +2,+0 elven long sword

Level 4 of the Dungeon
[Shop] Uxeet's Magical Wand Shoppe
  a wand of paralysis (8) (130 gold)
  a wand of confusion (5) (67 gold)
  a wand of fire (8) (312 gold)
  a wand of polymorph (13) (195 gold)
  a wand of digging (8) (312 gold)
  a wand of digging (13) (442 gold)
  a wand of enslavement (5) (91 gold)
  a wand of flame (10) (78 gold)
  a wand of polymorph (10) (156 gold)
  a wand of hasting (3) (546 gold)
  a wand of confusion (4) (58 gold)
  a wand of teleportation (4) (312 gold)
  a wand of confusion (9) (106 gold)
(0, 0, D:4)
  a +0,+0 scimitar
(-13, 3, D:4)
  a +0,+1 orcish club
  a hobgoblin corpse (skeletalised by now)
(-10, 9, D:4)
  a +0,+0 club
(-4, 29, D:4)
  a +1,+1 hand axe
(-17, 33, D:4)
  a pear
(-3, 34, D:4)
  a bread ration
(-4, 35, D:4)
  25 bolts
(-13, 50, D:4)
  a +1,+3 orcish dagger
  (unseen)

