                                                 ####    
                                                 #..#    
                                 ##########      #..#### 
                                 .....$...#      #.....# 
                                 .."....?.##     #.###.# 
                                ...........#     #.# #.# 
                                .......%.).#     #.# #.# 
                                ...<...(...#     #.# #.# 
                                 #########.#     #.# #.# 
                                        ##!#     #.# #.# 
                                       ##..##    #.# #.# 
                         §             #....#  ###.# #.# 
                         .._           #....#  #...# #.# 
                        #.§.§.#####    #....# ##.#####.# 
                        #...§.....#    #....###..###...# 
                        #...#####.##   #.....##.###..### 
                                #..######..#.##.##..##   
                                ##)...######..#.##.##    
                                 ####..######...#..#     
                                    ##....####....##     
              ####                 ######........###     
              #..#                 #..........##...#     
              #..#                #..#####..######.##    
             ###'#                       #..##   #..#    
             #.#.#                     ###...#   ##.#    
           ###)..#                     #.%.#.##   #.#    
          ##...###                    ##.###..#####.#####
      #####..###                    ###..# ##...........#
      #.....##                      #...##  ###.........#
#######.#####                     ###.###     #>.%<.....#
#..........#                      #...#       #.........#
#..........#                      #.###       #####.#####
#..........#                  #####.#             ###    
#.>........#                 ##.....#                    
#..........###################..#####                    
#...........(.............)....##                        
#...<......#####################                         
#.......>..#                                             
#..........#                                             
#..........#                                             
############                                             
