          ###                 #########################################   
          #<#                 #.......................................####
          #%#                 #.#####################################...<#
    #######.#                 #.#                                   #.####
    #.......#                 #.#                                   #.#   
    #.#######                 #.#                                   #.#   
    #.#              ######## #.#                              ######.#   
    #.#              #......# #.#                              #..)...#   
    #.#              #......###.#                              #.######   
    #.#######        #........#.#                              #.#        
    #.......#    ######...###.#.#                              #.#        
    #.....#'##   #.........##.#.#                              #.#        
    #.#......#   #.........##'#.#                              #.#        
    #.#......#   #..............#                              #.#        
#####.#......#   #..............#          #######             #.#        
#............#######............#          #......             #.#        
#.###.....#'#....# #............#          #.......            #.#        
#.........#.#....# #.......##.#.#       ####pl.....            #.#        
########..#.#....# ###...####.#.#####   #..ppKg.....           #.#        
    #.....#.#....#####.######.#.....#   #.(p.#                 #.#        
    #.....#.>....'............#.....##  #..b.#                 #.#        
    #....(.......###########..#......####....###              ##.#        
    #....###..........................∩..........             #.>#        
    #....'....................#.#.....###########             ####        
    #....####################...#.....#                                   
    ######        ######........#.....#####                               
                  #.............#...........                              
                  #.................#.#####                               
              #####.................#.#                                   
              #.........(...........#.#                                   
              #.....).(.......[.....#.#                                   
              #.................'..##.#                                   
              ###############.#....##.#                                   
                            #.#.......#####                               
                            #.#...........#                               
                            #.#...........#                               
                            #.#..#........#                               
                            #.#..#....#####                               
                            #.#..#....#                                   
                            #.#..#....######                              
                            #.#..#.##......#                              
                            #.#..#..#......#                              
                         ####.#..#.........#                              
                         #.......#.........#                              
                         #.###...#.........###                            
                         #.#⌠#...#.......[...#                            
                         #.###...#...........#                            
                         #.......#)..........#                            
                         #.......#.#.........#                            
                         ####.##.#.#.>.......#############                
                            #.##.#.###............##.....#                
                            #.##.#.######'#'#####.##.###.#                
                            #.##.#...## #.#.#   #.##.# #.#                
                            #......#..###.#.#####.##.# #.#                
                            ##....###..##............# #.#                
                             #...##.##..###.#####.#..# #.#######          
                             #..##...##.......#...#..# #......<#          
                             #...'#.##..###.#.#.###..# #########          
                             #...O###..## #.#.#.# #).#                    
                             #.....#...#  #.#.#.###..#                    
                             #.........#  #...#......#                    
                             ####......#############.#                    
                                ######.............).#                    
                                     ###############.#                    
                                                   #.#                    
                                                   ###                    
