Dracula

Level 1 of the Dungeon
(0, 0, D:1)
  a +2,+2 whip of venom
  a kobold corpse (skeletalised by now)
(-37, 7, D:1)
  18 stones
(-36, 7, D:1)
  a +2,+0 dagger
(11, 8, D:1)
  a bat corpse (skeletalised by now)
(2, 9, D:1)
  a giant newt corpse (skeletalised by now)
(11, 9, D:1)
  a +1,+1 dagger
(-27, 11, D:1)
  15 poisoned sling bullets
(-33, 13, D:1)
  a +0,+0 dagger
(-4, 16, D:1)
  a +0 ring mail
(-22, 19, D:1)
  a giant newt corpse (skeletalised by now)
(5, 19, D:1)
  a +4,+2 dagger
(24, 20, D:1)
  a +0,+0 club
(21, 22, D:1)
  a +0 ring mail
(-3, 25, D:1)
  a +0,+0 club
(-9, 32, D:1)
  a giant newt corpse (skeletalised by now)
(-2, 37, D:1)
  8 exploding darts
(-24, 38, D:1)
  15 stones
(-15, 39, D:1)
  a +2 robe
(1, 42, D:1)
  an apple
(-6, 55, D:1)
  21 arrows
(-16, 56, D:1)
  11 bolts of flame

Level 2 of the Dungeon
(0, 0, D:2)
  a rat corpse
(25, 1, D:2)
  a +0,+0 club
  a hobgoblin corpse
(9, 2, D:2)
  a kobold corpse
(11, 2, D:2)
  a goblin corpse
(13, 4, D:2)
  a +2 pair of gloves
(30, 7, D:2)
  a +0,+0 dagger
(-1, 15, D:2)
  a +0,+0 club
  a hobgoblin corpse
(2, 17, D:2)
  a +1 ring mail
(30, 18, D:2)
  21 arrows
(3, 21, D:2)
  15 stones
(-17, 25, D:2)
  a giant gecko corpse (rotten by now)
(1, 25, D:2)
  a giant cockroach corpse (rotten by now)
(-16, 33, D:2)
  a +2,+0 spear
(-12, 33, D:2)
  a dart
(-10, 33, D:2)
  a dart
(-5, 33, D:2)
  a +0,+0 war axe
(5, 34, D:2)
  6 tomahawks
(-3, 35, D:2)
  a +0,+0 club
  a kobold corpse (rotten by now)
(-2, 35, D:2)
  a dart
(4, 36, D:2)
  a +0,+2 dagger
(14, 36, D:2)
  a +0 robe
(32, 37, D:2)
  7 javelins

