                ..                         
               #..#                        
                #..# #####                 
                 #..##.#.#####             
                  #........#.#####         
      ###         ##...........#.#         
#######.##        #..............#         
#.#..#...#       ##..P...........##        
#.#.....##      ##..##....(.......####  #. 
#.####..#########...##......##.#...#.##... 
 #.##..............##P......####........#  
 ##..............#####..#..............##  
 #.##.......##.###   ##.#.........<....#   
 #.##...##...###      ###..###.##..P.......
 ####.#####..#          .### ####..###.... 
    ##.## ####         ##       #..#   ... 
    #...#                       ...#     . 
    ##..#                      .....       
   ###.####                    .....       
  ##...##.####                ..#...       
  #..........#                   ...       
  ###....#####                             
   #...###   ####                          
   ##..##    ...   ###                     
   ##...#    #.#  ...#.                    
   #...##   ##.#  #.....  #                
   ###..#####..#  #.....#...               
     ###..##...####..# ....                
       ##........#...# #..#                
        #P....#.....## #..#                
        #P.....##....###..###              
       ##......###..........#              
       #........##........#                
      ##.............##..##                
      #..##........####..P#                
      #..###......##  ##.##                
      ##..##......#   ##.#                 
       ##.........##  #..##                
        ##...##....# ##...#                
         #..#####..###....##..             
         ##.##  ##..#.........#            
         ##..#  ##.....#......#            
 ###    ##...####......##.......           
 #.##  ##.........##...#....##..           
 ##.####...........#.......##              
  ##...........#...#......##               
   ##.####.#..####...#...##                
   #..#  ###..#   ...#..##                 
   ##.#   #...#   #......                  
    #.#   ##..#    ... .                   
    ###   #.YD#     .                      
          ##...                            
           #....                           
           #...##                          
           #.###                           
           #.#                             
           ..#                             
            #                              
