Sanguine

Level 1 of the Dungeon
(0, 0, D:1)
  20 stones
(-31, 3, D:1)
  a +0 club
(24, 10, D:1)
  18 stones
(26, 14, D:1)
  a +0 mace
(16, 18, D:1)
  19 stones
(-30, 23, D:1)
  a +0 club
(10, 23, D:1)
  2 curare-tipped needles
(21, 24, D:1)
  21 stones
(-20, 26, D:1)
  a +0 leather armour
(-19, 26, D:1)
  a +0 hunting sling
(2, 41, D:1)
  18 stones
(-20, 43, D:1)
  13 stones
(-16, 43, D:1)
  a +0 ring mail

Level 2 of the Dungeon
(0, 0, D:2)
  a +0 ring mail
(-13, 3, D:2)
  a +0 club
  a +0 hunting sling
  4 stones
(-11, 3, D:2)
  a stone
(-7, 3, D:2)
  a stone
(-6, 3, D:2)
  3 stones
(-6, 4, D:2)
  a stone
(-6, 5, D:2)
  a +0 club
(-4, 18, D:2)
  a +0 hunting sling
(-36, 25, D:2)
  a +0 scale mail
(-31, 25, D:2)
  a +0 leather armour
(-25, 29, D:2)
  a +0 robe
(-25, 37, D:2)
  25 stones
(-17, 37, D:2)
  a +0 ring mail
(-4, 42, D:2)
  24 stones

Level 3 of the Dungeon
(0, 0, D:3)
  a +0 mace
  a +0 leather armour
(-32, 6, D:3)
  a +0 club
(-55, 12, D:3)
  a +0 ring mail
  a +0 helmet
(-43, 29, D:3)
  a +0 whip
(-43, 30, D:3)
  a +0 dagger
(-32, 32, D:3)
  a stone
(-30, 32, D:3)
  a +0 whip
(-6, 32, D:3)
  a cursed -1 club
  a +0 club
(-33, 33, D:3)
  a stone

Level 4 of the Dungeon
(0, 0, D:4)
  13 stones
(13, 7, D:4)
  14 stones
(-11, 16, D:4)
  15 poisoned needles
(-6, 17, D:4)
  2 tomahawks
(14, 18, D:4)
  a +0 dagger
  a +0 robe
  a +0 trident
(14, 19, D:4)
  a +0 war axe
(15, 20, D:4)
  a +0 mace
  a +0 dagger of protection
(26, 23, D:4)
  17 sling bullets
(23, 25, D:4)
  a +0 scale mail
(16, 31, D:4)
  a +0 giant club
(17, 32, D:4)
  a +0 falchion
(19, 34, D:4)
  a +0 mace
(-18, 48, D:4)
  11 stones

Level 5 of the Dungeon
(0, 0, D:5)
  30 sling bullets
(-24, 9, D:5)
  26 sling bullets
(-18, 25, D:5)
  a +0 falchion
(-60, 34, D:5)
  20 sling bullets
(-38, 50, D:5)
  a +0 leather armour

Level 6 of the Dungeon
[Shop] Yfehicw's Assorted Antiques
  a potion of haste (27 gold)
  a scroll of remove curse (30 gold)
  a +2 hunting sling of flaming (45 gold)
  a disc of storms (600 gold)
  a scroll of identify (30 gold)
  a +0 rapier (120 gold)
  a scroll of blinking (30 gold)
  a scroll of immolation (30 gold)
  a stone of tremors (1200 gold)
  an uncursed staff of conjuration (360 gold)
  a +0 falchion (90 gold)
  a scroll of identify (30 gold)
  a +0 robe (21 gold)
  a wand of fire (3) (120 gold)
(0, 0, D:6)
  a cursed +0 leather armour
(38, 8, D:6)
  21 stones
(41, 9, D:6)
  a +0 dagger
(43, 9, D:6)
  a +0 giant club
(35, 17, D:6)
  a +0 club
(41, 21, D:6)
  a +0 club
(16, 22, D:6)
  a +2 leather armour of magic resistance
(18, 22, D:6)
  a +0 chain mail
(43, 27, D:6)
  27 stones
(2, 30, D:6)
  a +0 club
(33, 33, D:6)
  a +0 dagger
  a +0 hunting sling
  43 stones
(35, 33, D:6)
  a +0 club
(32, 34, D:6)
  a +0 helmet
(34, 34, D:6)
  a +0 giant club
  a stone
(19, 41, D:6)
  a +0 ring mail
(14, 51, D:6)
  20 stones

Level 7 of the Dungeon
(-41, 3, D:7)
  a +0 falchion
(-25, 3, D:7)
  a +0 hunting sling
(-9, 3, D:7)
  a +0 spear
  a +0 club
(-8, 3, D:7)
  a +0 club
  a +0 leather armour
(-9, 4, D:7)
  a +0 halberd
(-45, 8, D:7)
  20 stones
(3, 8, D:7)
  a +0 giant club
(-38, 9, D:7)
  a +0 robe
(-27, 11, D:7)
  a +0 plate armour
(-26, 12, D:7)
  a +0 great sword
(5, 12, D:7)
  a +0 dagger
  a +0 robe
(6, 12, D:7)
  a +0 club
(5, 13, D:7)
  a cursed -1 chain mail
(-8, 14, D:7)
  a cursed -2 war axe
(6, 14, D:7)
  a +0 mace
  a +0 scale mail
(-49, 15, D:7)
  a +0 flail
(-49, 16, D:7)
  a cursed +0 falchion
(-40, 19, D:7)
  20 stones
(-1, 27, D:7)
  a +0 hand axe
  a +0 animal skin
(2, 27, D:7)
  a -3 morningstar
  a +0 leather armour
(14, 27, D:7)
  23 stones
(1, 28, D:7)
  a cursed -3 hand axe
  3 tomahawks
  a +0 chain mail
  a +0 hand axe
(2, 28, D:7)
  2 tomahawks
(-37, 29, D:7)
  a +3 ring mail
  a +0 battleaxe
(-31, 29, D:7)
  a +0 trident
(-30, 29, D:7)
  a +0 giant spiked club
(2, 29, D:7)
  a +0 dagger
  a +0 robe
  a +0 hand axe
(-36, 30, D:7)
  a +0 hand axe
  a +0 ring mail
(-31, 30, D:7)
  a +0 dagger
(-34, 31, D:7)
  a +0 glaive
  a +0 plate armour
(-29, 31, D:7)
  12 stones
(-32, 32, D:7)
  a +1 hand axe of venom
  a +0 ring mail
(-34, 33, D:7)
  a cursed +0 flail
(-33, 33, D:7)
  a +0 trident
  a +0 flail
  a +0 leather armour
(-34, 35, D:7)
  a +0 longbow
(-12, 35, D:7)
  a +0 giant spiked club
(-8, 35, D:7)
  a +0 robe
(6, 35, D:7)
  an arrow
(6, 37, D:7)
  2 arrows
(6, 39, D:7)
  a +0 shortbow
  21 arrows
(7, 40, D:7)
  a +0 helmet
(8, 40, D:7)
  an arrow
(9, 42, D:7)
  an arrow
(15, 54, D:7)
  a +0 dagger
  a +0 robe
(16, 54, D:7)
  a +0 short sword
  a cursed -3 hand axe

Level 8 of the Dungeon
(0, 0, D:8)
  5 stones
  a cursed -1 whip
  a +0 short sword
(-2, 1, D:8)
  a stone
(-1, 1, D:8)
  a +0 club
  a +0 club
  a cursed -2 short sword
  a cursed +0 club
  a +0 dagger
  6 stones
(3, 1, D:8)
  a +0 dagger
(-2, 2, D:8)
  5 stones
(-2, 3, D:8)
  a +2 dagger of venom
  a +0 whip
  a +0 short sword
  a cursed +0 dagger
  8 stones
  a +0 short sword
(-1, 3, D:8)
  a +0 club
  a +0 short sword
  a +0 club
  a cursed -2 short sword
  a +0 dagger
  a +0 short sword
  11 stones
(-5, 6, D:8)
  a +0 ring mail
(-6, 10, D:8)
  an arrow
(-8, 11, D:8)
  a +0 shortbow
  26 arrows
(-5, 11, D:8)
  a +0 spear
(40, 14, D:8)
  a +0 giant club
(-4, 15, D:8)
  a +0 dagger
  a +0 robe
(0, 15, D:8)
  a +0 hand axe
(17, 26, D:8)
  a +0 hand axe
(12, 27, D:8)
  a tomahawk
(34, 27, D:8)
  a +0 scale mail
(15, 29, D:8)
  a tomahawk
(16, 29, D:8)
  2 tomahawks
(1, 30, D:8)
  a +1 vampiric long sword
(19, 31, D:8)
  a +0 mace
  a tomahawk
  a cursed +0 leather armour
(21, 33, D:8)
  a +0 dagger
(21, 34, D:8)
  12 stones
(3, 37, D:8)
  a wand of fire (5)
(16, 40, D:8)
  a +2 ring of intelligence
  2 scrolls of noise
  a +1 mace
  a scroll of random uselessness
  2 scrolls of immolation
(-5, 53, D:8)
  30 bolts

Level 9 of the Dungeon
[Shop] Ynerhyaq's Distillery
  a potion of might (60 gold)
  a potion of magic (120 gold)
  a potion of invisibility (120 gold)
  a potion of heal wounds (75 gold)
  a potion of agility (60 gold)
  a potion of resistance (150 gold)
  a potion of mutation (37 gold)
  a potion of flight (45 gold)
(0, 0, D:9)
  a tomahawk
(2, 3, D:9)
  a +1 whip of venom
  4 tomahawks
(34, 3, D:9)
  24 stones
(26, 4, D:9)
  an uncursed ring of fire
(36, 6, D:9)
  a +0 hand axe
  a +1 leather armour of fire resistance
(36, 10, D:9)
  a +0 scale mail
(3, 16, D:9)
  27 stones
(35, 20, D:9)
  a +0 giant club
(0, 24, D:9)
  a +2 shield
(26, 27, D:9)
  a +0 morningstar
(27, 37, D:9)
  a scroll of noise
(29, 39, D:9)
  a +0 giant club
(0, 46, D:9)
  a +0 giant spiked club
(41, 49, D:9)
  a +4 scimitar of flaming
  a +0 robe

Level 1 of the Lair of Beasts
(0, 0, Lair:1)
  a +2 hat of spirit shield
  the +3 hat of Pondering {ponderous, MR+ MP+10 Int+5}
    It affects your intelligence (+5).
    It affects your resistance to hostile enchantments.
    It affects your magic capacity (+10).
(-25, 4, Lair:1)
  a -2 lightning rod (10/10)
(-28, 36, Lair:1)
  17 stones
(-17, 40, Lair:1)
  a +0 hunting sling
(5, 43, Lair:1)
  a +0 ring mail
  a +0 battleaxe
(5, 46, Lair:1)
  a +0 giant club
  a +0 giant club
(10, 46, Lair:1)
  a poisoned javelin
(5, 47, Lair:1)
  a +0 ring mail
  3 poisoned javelins
  a +0 war axe
(-15, 49, Lair:1)
  a plain deck of wonders
(28, 49, Lair:1)
  10 bolts

Level 2 of the Lair of Beasts
(0, 0, Lair:2)
  a blink frog corpse
(-7, 4, Lair:2)
  a royal jelly
(0, 7, Lair:2)
  7 gold pieces

