                               ########        
                ############   #........       
   ##############..........#####.........      
  ............#.'.%........'...#.......(..     
 #............#.#..........###.'..(........    
 #.....(......'.#..........# ###...........    
 #............###..........#   #...........    
 #......<.....# ########'###   #..(........#   
 #............#        #.#     ####'#######    
 ########'#####        #.#        #(##         
        #.#           ##.#        #..##        
        #.#          ##>.#        ##..#        
        #.#          #..##       ####(#####    
       ##.#          #^##        #........#    
       #..#          #.          #........#    
      ##.##          #.          #........###  
      #..#           ..          #........(..  
     ##.##           .#          #........###  
     #..#           #.           ###.######    
     #.##           ..             #..##       
     #.#                           ##..#       
    ##.#                      ########§####....
    #..#                      #.....o§§§.§'..8.
 ####.#######                 #......§§§§.#....
 #..........#                 #.......o§.'#    
 #..........###               +...........#    
 #............#               #...........#    
 #..........#.#                ...........#    
 #..........#                   .........##    
 #####.######                    ##+###..#     
     #.##                              .       
     #..#                                      
#######'#####                                  
#...........#                                  
#...........#                                  
#...........#                                  
#...<.......+                                  
#....)......#                                  
#...).......#                                  
#.....())...#                                  
#######(#####                                  
  ####..#                                      
  #....##                                      
 ##'#########                                  
 #.......)([#                                  
 #.......[)[#                                  
 #........).#                                  
 #..........#                                  
 #......._..+                                  
 #..........####...                            
 #.................                            
 ##################                            
