Asterion

Level 1 of the Dungeon
(0, 0, D:1)
  a +0 animal skin
(-28, 2, D:1)
  a +0 club
(-6, 3, D:1)
  a +0 club
(17, 3, D:1)
  a +0 dagger
(1, 13, D:1)
  23 sling bullets
(-30, 14, D:1)
  a +0 dagger
(5, 19, D:1)
  13 stones
(-2, 21, D:1)
  a +0 club
(-18, 26, D:1)
  a cursed +0 club
(1, 37, D:1)
  a +0 club

Level 2 of the Dungeon
(0, 0, D:2)
  a +0 scale mail
(12, 4, D:2)
  a +0 chain mail
(14, 6, D:2)
  a cursed +0 club
(33, 22, D:2)
  a +3 quarterstaff of chaos
(34, 25, D:2)
  a +0 hammer
(-6, 32, D:2)
  a +0 mace
(-3, 34, D:2)
  a +0 short sword
(-16, 36, D:2)
  a +0 club
(-22, 37, D:2)
  a stone
(-21, 37, D:2)
  a stone
(-20, 37, D:2)
  a stone
(-21, 38, D:2)
  a stone
(5, 41, D:2)
  a +0 leather armour

Level 3 of the Dungeon
(0, 0, D:3)
  a +0 club
(-1, 1, D:3)
  a +0 scale mail
(2, 2, D:3)
  a +0 ring mail
(4, 2, D:3)
  a +0 morningstar
(4, 3, D:3)
  a +0 mace
  a +0 falchion
  a +0 club
(27, 6, D:3)
  a +0 robe
(22, 11, D:3)
  a +0 flail
(34, 16, D:3)
  16 bolts of flame
(6, 19, D:3)
  a +0 trident
(22, 22, D:3)
  a +0 club
(20, 24, D:3)
  a +0 whip of electrocution
(32, 26, D:3)
  a -1 scale mail
(-5, 32, D:3)
  a cursed +0 large shield
(10, 37, D:3)
  a +0 ring mail
(31, 38, D:3)
  a +0 dagger
  a +0 robe
(8, 40, D:3)
  22 sling bullets
(24, 43, D:3)
  a tomahawk
(28, 43, D:3)
  a +0 club
(29, 43, D:3)
  a +0 flail
(30, 43, D:3)
  a tomahawk
(-1, 50, D:3)
  a +0 robe

Level 4 of the Dungeon
(0, 0, D:4)
  a +0 ring mail
  an adder skeleton
(13, 3, D:4)
  a jackal skeleton
(13, 4, D:4)
  a jackal skeleton
(13, 5, D:4)
  a +0 club
(-4, 8, D:4)
  26 sling bullets
(-3, 10, D:4)
  a +0 dagger
  a +2 robe of fire resistance
(-2, 10, D:4)
  a +0 short sword
  a +0 ring mail
(3, 21, D:4)
  a +0 club
(12, 21, D:4)
  3 stones
(11, 23, D:4)
  a stone
(11, 26, D:4)
  a +0 war axe
(4, 35, D:4)
  a potion of curing
(6, 36, D:4)
  a +0 mace
  (unseen)
(3, 39, D:4)
  18 stones

