Asterion

Level 1 of the Dungeon
(0, 0, D:1)
  a +2 helmet of intelligence
(13, 2, D:1)
  22 stones
(21, 3, D:1)
  a +0 club
(-9, 4, D:1)
  26 stones
(1, 12, D:1)
  a +0 club
(13, 16, D:1)
  a cursed -2 club
(-14, 21, D:1)
  a +0 short sword
(12, 25, D:1)
  a +0 ring mail
(-14, 32, D:1)
  a stone
(27, 45, D:1)
  19 arrows
(10, 46, D:1)
  24 arrows
(6, 55, D:1)
  a stone
(7, 55, D:1)
  a stone
(9, 55, D:1)
  a stone
(12, 55, D:1)
  a +0 club

Level 2 of the Dungeon
(0, 0, D:2)
  21 stones
(-9, 2, D:2)
  a +0 dagger
(-11, 5, D:2)
  a +0 dagger
(-21, 6, D:2)
  a +0 halberd
(-22, 7, D:2)
  a +0 dagger
(-21, 7, D:2)
  a +0 club
(-18, 10, D:2)
  a +0 leather armour
(0, 11, D:2)
  18 stones
(14, 12, D:2)
  a stone
(-9, 14, D:2)
  a +0 pair of boots
(17, 14, D:2)
  a +0 short sword
(-22, 16, D:2)
  a +0 club
(-22, 18, D:2)
  18 arrows
(23, 19, D:2)
  a +0 short sword
(23, 21, D:2)
  a +0 plate armour
(-6, 25, D:2)
  a +2 short sword of draining
(28, 27, D:2)
  a +0 dagger

Level 3 of the Dungeon
(0, 0, D:3)
  a +0 hand axe
(-33, 4, D:3)
  a +0 dagger
(-32, 9, D:3)
  a +0 dagger
(-4, 10, D:3)
  a +0 long sword
(-45, 13, D:3)
  a +0 dagger
  a +0 leather armour
(-16, 15, D:3)
  a +0 short sword
(6, 16, D:3)
  12 stones
(11, 17, D:3)
  a +0 pair of boots
(4, 19, D:3)
  a +0 pair of gloves
(12, 19, D:3)
  a +0 scale mail
(-38, 22, D:3)
  a +0 mace
(-16, 27, D:3)
  18 arrows
(-2, 30, D:3)
  an uncursed ring of loudness
  a -2 ring of intelligence
  a +0 animal skin

Level 4 of the Dungeon
(0, 0, D:4)
  6 needles of sleeping
(-33, 1, D:4)
  a +0 whip
(-12, 3, D:4)
  a +0 robe
(-47, 19, D:4)
  20 stones
(-5, 26, D:4)
  a +0 giant club
(-6, 28, D:4)
  a +0 giant club
(-30, 29, D:4)
  a +0 club
(-29, 29, D:4)
  a +0 club
  a +0 club
(-32, 30, D:4)
  a +0 club
  a +0 dagger
(-31, 30, D:4)
  a +0 club
(-30, 30, D:4)
  a +3 short sword of protection
  a +0 animal skin
  a +0 helmet
(-28, 30, D:4)
  a +0 dagger
(-32, 31, D:4)
  a +0 dagger
(-15, 33, D:4)
  a +0 club
(-10, 35, D:4)
  a +0 club
(-54, 43, D:4)
  a +0 dagger
  a +0 robe
(-52, 43, D:4)
  a +0 rapier
  a +0 ring mail

Level 5 of the Dungeon
(0, 0, D:5)
  a +0 robe
(4, 2, D:5)
  9 arrows of flame
  a wand of confusion (20)
  a +0 plate armour of positive energy
(16, 2, D:5)
  a +0 short sword
(1, 8, D:5)
  a +0 ring mail
(35, 9, D:5)
  a +0 chain mail
(26, 10, D:5)
  a +0 spear of venom
(22, 13, D:5)
  a +0 scale mail
(-8, 27, D:5)
  a +0 club
(-2, 30, D:5)
  a +0 leather armour
(24, 30, D:5)
  a +0 helmet
(30, 33, D:5)
  21 stones
(17, 40, D:5)
  a +0 hunting sling

Level 6 of the Dungeon
(0, 0, D:6)
  14 stones
(23, 11, D:6)
  a +0 trident
(-4, 19, D:6)
  a +0 club
(-1, 19, D:6)
  a +0 short sword
(-7, 20, D:6)
  a +0 mace
(-1, 20, D:6)
  a +0 flail
(1, 20, D:6)
  a cursed +0 halberd
(4, 20, D:6)
  a +0 club
  a +0 robe
(-11, 21, D:6)
  a +0 flail
(-6, 23, D:6)
  a +0 short sword
(-18, 25, D:6)
  a +0 halberd
(-17, 25, D:6)
  a cursed -2 flail
(-39, 26, D:6)
  a +0 club
(-16, 27, D:6)
  a +0 flail
(-15, 28, D:6)
  a +0 spear
(21, 29, D:6)
  a +0 chain mail
(9, 43, D:6)
  a +0 scythe
  a +0 robe
(19, 49, D:6)
  a +0 robe
(9, 51, D:6)
  a +0 short sword
(12, 53, D:6)
  a +0 hand axe
(4, 56, D:6)
  a +0 blowgun
(-17, 57, D:6)
  13 poisoned needles
(7, 58, D:6)
  7 javelins

Level 7 of the Dungeon
(0, 0, D:7)
  15 poisoned needles
(19, 2, D:7)
  a +1 quarterstaff of protection
  a +0 hunting sling
  21 sling bullets
(20, 2, D:7)
  a +2 ring mail of positive energy
(2, 5, D:7)
  a +0 chain mail
(22, 6, D:7)
  a sling bullet
(-20, 13, D:7)
  a +0 short sword
(-3, 15, D:7)
  a +0 club
(3, 15, D:7)
  a cursed +0 whip
  a stone
(-16, 17, D:7)
  21 arrows
(-3, 17, D:7)
  26 sling bullets
(10, 19, D:7)
  a stone
(32, 19, D:7)
  a cursed +0 leather armour
(30, 23, D:7)
  a +0 hand axe
(31, 23, D:7)
  a cursed +0 dagger
(-18, 25, D:7)
  a +0 hand axe
  a +0 ring mail
  a +0 giant spiked club
(-16, 25, D:7)
  a +0 scale mail
(-17, 26, D:7)
  a +0 dagger
  a +0 robe
(30, 35, D:7)
  a -2 ring of strength
(40, 47, D:7)
  34 stones
(44, 50, D:7)
  a stone
(14, 51, D:7)
  a +2 greatsling of flaming
(42, 51, D:7)
  a stone
(45, 51, D:7)
  19 stones
(13, 52, D:7)
  a cursed -2 whip
  a +0 leather armour
(14, 52, D:7)
  a +0 whip
  a +0 club
(15, 52, D:7)
  a +0 club
(2, 54, D:7)
  20 stones
(16, 55, D:7)
  a +0 great sword

Level 8 of the Dungeon
(0, 0, D:8)
  9 gold pieces
(-8, 1, D:8)
  a -1 spear
  a cursed +0 animal skin
(-6, 1, D:8)
  a wolf corpse (skeletalised by now)
(-7, 3, D:8)
  19 arrows
(-3, 14, D:8)
  15 poisoned needles

the Ecumenical Temple

Level 1 of the Abyss
(0, 0, Abyss:1)
  2 potions of poison
(10, 7, Abyss:1)
  a +0 hunting sling

