Asterion

Level 1 of the Dungeon
(0, 0, D:1)
  a +0 mace
(-10, 8, D:1)
  a +0 short sword
(-33, 10, D:1)
  23 stones
(-46, 14, D:1)
  a +0 club
(-26, 17, D:1)
  a +0 animal skin
(-57, 20, D:1)
  21 stones
(-61, 26, D:1)
  3 javelins
(-33, 26, D:1)
  a +0 club
(-58, 32, D:1)
  a +0 club
(-57, 32, D:1)
  4 javelins
(-42, 39, D:1)
  16 stones

Level 2 of the Dungeon
(0, 0, D:2)
  a +0 mace
(1, 0, D:2)
  a +0 club
(-15, 2, D:2)
  a +0 dagger
(-10, 2, D:2)
  a stone
(28, 3, D:2)
  a stone
(-12, 5, D:2)
  a stone
(28, 6, D:2)
  a stone
(-13, 7, D:2)
  a +0 short sword
  22 stones
(27, 7, D:2)
  3 stones
(-12, 11, D:2)
  a +0 whip
(15, 12, D:2)
  a +0 hand axe
(-13, 13, D:2)
  a +0 short sword
  a +0 club
(21, 13, D:2)
  24 stones
(-28, 25, D:2)
  a +0 dagger
(-28, 27, D:2)
  a cursed -2 club
(-25, 32, D:2)
  a +0 hand axe

Level 3 of the Dungeon
(0, 0, D:3)
  a +0 short sword
(-44, 3, D:3)
  a +0 robe
(-54, 7, D:3)
  24 silver sling bullets
(-47, 11, D:3)
  a +0 short sword
(-47, 13, D:3)
  a +0 hand axe
  a +0 mace
  a +0 leather armour
  a +0 club
(-49, 14, D:3)
  a +0 club
(-49, 22, D:3)
  a tomahawk
(-50, 23, D:3)
  a +0 club
(-54, 28, D:3)
  a +0 leather armour
(-21, 28, D:3)
  a +0 cutlass
(-50, 29, D:3)
  a +0 club
(-51, 35, D:3)
  a +0 long sword

Level 4 of the Dungeon
[Shop] Zigg's Gadget Shop
  a fan of gales (560 gold)
  a +0 rod of shadows (11/11) (1120 gold)
  a +2 rod of destruction (11/11) (1260 gold)
  a wand of polymorph (11) (182 gold)
  a wand of flame (10) (84 gold)
  a +0 rod of clouds (10/10) (1050 gold)
  a wand of draining (3) (98 gold)
  a -3 lightning rod (9/9) (770 gold)
  a legendary deck of changes (364 gold)
  an ornate deck of wonders (280 gold)
  a wand of frost (8) (70 gold)
(0, 0, D:4)
  15 stones
(-51, 2, D:4)
  a cursed -1 long sword
(-4, 9, D:4)
  a +3 blowgun
(-46, 22, D:4)
  a +0 ring mail
(-40, 24, D:4)
  a +0 mace
(-39, 24, D:4)
  a +0 robe
  a +0 dagger
(-40, 25, D:4)
  a cursed -2 flail
  a +0 short sword
(-39, 25, D:4)
  a +0 flail
(-18, 26, D:4)
  a +0 club
(-41, 27, D:4)
  a +0 short sword
(-46, 34, D:4)
  a scroll of immolation
(-66, 36, D:4)
  26 stones
(-53, 39, D:4)
  a +0 giant club
  a +0 club
(-40, 42, D:4)
  a +0 blowgun
  16 poisoned needles
(-23, 61, D:4)
  18 sling bullets

Level 5 of the Dungeon
(0, 0, D:5)
  a +0 war axe
(18, 1, D:5)
  21 sling bullets
(-3, 3, D:5)
  a +0 short sword
  a +0 leather armour
(-5, 5, D:5)
  a +0 leather armour
(12, 9, D:5)
  a +0 club
(19, 11, D:5)
  a +0 ring mail
(38, 11, D:5)
  a +0 whip
(39, 11, D:5)
  a +0 club
(16, 13, D:5)
  a +0 club
(17, 13, D:5)
  a stone
(15, 14, D:5)
  a +0 whip
(16, 14, D:5)
  a cursed -3 club
(15, 15, D:5)
  a +0 club
(17, 15, D:5)
  a +0 war axe
(15, 18, D:5)
  a +0 dagger
  a +0 robe
(10, 19, D:5)
  10 bolts
(-13, 27, D:5)
  a +0 club
  a +0 leather armour
(-13, 28, D:5)
  a +0 whip
  a +0 dagger
(19, 29, D:5)
  a stone
(33, 34, D:5)
  12 arrows
(32, 35, D:5)
  15 poisoned arrows
(42, 38, D:5)
  a +4 quarterstaff of chaos
(27, 40, D:5)
  a +0 giant club
(43, 40, D:5)
  a +0 hammer
(28, 41, D:5)
  a +0 giant club
(37, 51, D:5)
  10 sling bullets

Level 6 of the Dungeon
(0, 0, D:6)
  a +0 shortbow
(-21, 7, D:6)
  a +0 robe
  a +0 scythe
(-25, 16, D:6)
  a +0 mace
  a +1 ring mail
  a +0 club
(-22, 16, D:6)
  an arrow
(-21, 16, D:6)
  an arrow
(-24, 17, D:6)
  20 arrows
  a +0 shortbow
(-23, 27, D:6)
  a +0 giant spiked club
(-10, 36, D:6)
  a +0 trident of distortion
  a +0 robe
(11, 36, D:6)
  a +0 leather armour
  a +0 battleaxe
  a +0 plate armour
(8, 40, D:6)
  a +0 dagger
  a +0 chain mail

Level 7 of the Dungeon
(0, 0, D:7)
  a poisoned needle
(-3, 3, D:7)
  a +0 blowgun
  18 poisoned needles
(13, 3, D:7)
  a +0 short sword
(3, 16, D:7)
  3 steel javelins
(-9, 17, D:7)
  a +4 ring mail
(4, 17, D:7)
  a +0 whip
(-13, 21, D:7)
  14 stones
(-12, 22, D:7)
  a +0 quarterstaff
(20, 29, D:7)
  a +0 short sword
(30, 30, D:7)
  a +0 helmet
(1, 33, D:7)
  a +0 trident
  a cursed +0 chain mail
(10, 34, D:7)
  a +0 dagger
  a +0 robe
(0, 35, D:7)
  a +0 hand axe
  a +0 robe
(1, 35, D:7)
  a +0 hand axe
(14, 38, D:7)
  a +0 short sword
(-4, 39, D:7)
  a +0 dagger
  a +0 robe
(-17, 43, D:7)
  3 needles of sleeping
(8, 48, D:7)
  34 stones
(9, 57, D:7)
  a +0 short sword
(6, 59, D:7)
  a stone

Level 8 of the Dungeon
[Shop] Remnobb's Distillery
  a potion of curing (24 gold)
  a potion of invisibility (66 gold)
  a potion of cancellation (66 gold)
  a potion of porridge (12 gold)
  2 potions of brilliance (60 gold)
  a potion of berserk rage (36 gold)
  a potion of brilliance (30 gold)
  a potion of might (30 gold)
  a potion of haste (84 gold)
  a potion of brilliance (30 gold)
  a potion of might (30 gold)
[Shop] Cheff's Book Boutique
  a book of Unlife (715 gold)
  a book of the Tempests (770 gold)
  a book of Control (715 gold)
  Foud's Papyrus of Self-Improvement (550 gold)
    Spells                             Type                      Level
    Repel Missiles                     Charms/Air                   2
    Song of Slaying                    Charms                       2
    Ozocubu's Armour                   Charms/Ice                   3
    Spectral Weapon                    Hexes/Charms                 3
    Excruciating Wounds                Charms/Necromancy            5
    
    
    Trog disapproves of the use of such an item.
  a book of Flames (385 gold)
  a book of Conjurations (330 gold)
  a book of Summonings (770 gold)
  a book of Death (770 gold)
  a book of the Dragon (990 gold)
  a book of Spatial Translocations (715 gold)
  a book of the Dragon (990 gold)
  a book of Alchemy (825 gold)
  a book of Spatial Translocations (715 gold)
  a book of Changes (275 gold)
[Shop] Kafel's Food Shoppe
  a beef jerky (21 gold)
  a royal jelly (28 gold)
  a meat ration (70 gold)
  a beef jerky (21 gold)
  a bread ration (70 gold)
  a bread ration (70 gold)
  a bread ration (70 gold)
  3 fruits (63 gold)
  a bread ration (70 gold)
[Shop] Giogeq's Armour Shoppe
  a +0 leather armour (20 gold)
  the cursed +0 scale mail "Gueplur" {rC+} (150 gold)
    It protects you from cold.
    It has a curse placed upon it.
  a +0 cloak (45 gold)
  a +3 chain mail of poison resistance (235 gold)
  a +0 leather armour (20 gold)
  a +0 chain mail (45 gold)
  a +0 pair of gloves (45 gold)
  a +0 scale mail (40 gold)
  a +0 pair of gloves (45 gold)
  a cursed +0 helmet (35 gold)
  a cursed -2 chain mail (1 gold)
  a cursed +0 helmet (15 gold)
[Shop] Izxiliv's Antique Weapon Boutique
  a +0 blowgun (70 gold)
  a +0 war axe of venom (98 gold)
  a cursed -2 mace (84 gold)
  a +0 falchion (84 gold)
  a +3 executioner's axe of chopping (280 gold)
  a cursed -3 hunting sling (42 gold)
  a +0 scythe (84 gold)
  a cursed +0 trident (98 gold)
  a +0 short sword (84 gold)
  a +0 spear (84 gold)
  a +0 club (28 gold)
  a +4 short sword of freezing (84 gold)
(0, 0, D:8)
  a +0 club
(20, 5, D:8)
  a +1 vampiric dagger
(11, 6, D:8)
  a +0 whip
(19, 7, D:8)
  14 stones
(-1, 10, D:8)
  a +0 ring mail
(0, 10, D:8)
  a +0 flail
(3, 10, D:8)
  a +0 robe
(0, 11, D:8)
  8 javelins of returning
  a +0 spear
(1, 12, D:8)
  a +0 giant club
(-10, 15, D:8)
  a tomahawk
(-10, 16, D:8)
  a +2 hand axe of freezing
  a +0 ring mail
(-13, 17, D:8)
  9 poisoned needles
(-12, 17, D:8)
  a +0 dagger
  a +0 robe
(-11, 17, D:8)
  2 tomahawks
  a +0 leather armour
(5, 17, D:8)
  a +0 dagger
  a +0 cloak
(17, 22, D:8)
  6 poisoned needles
(-21, 24, D:8)
  17 sling bullets
(8, 26, D:8)
  17 sling bullets
(-11, 37, D:8)
  a +0 hunting sling

Level 9 of the Dungeon
(0, 0, D:9)
  an uncursed staff of cold
(30, 4, D:9)
  a cursed +0 giant club
(-33, 8, D:9)
  17 stones
(-23, 8, D:9)
  5 tomahawks of returning
(-23, 9, D:9)
  a +0 giant club
(2, 10, D:9)
  a +0 ring mail
(21, 21, D:9)
  a +0 leather armour
(25, 23, D:9)
  a +0 long sword
(11, 25, D:9)
  an arrow
(-8, 27, D:9)
  a +0 spear
(13, 28, D:9)
  a +0 shortbow
  26 arrows
(-3, 29, D:9)
  an uncursed staff of poison
(-22, 37, D:9)
  a +0 club
(8, 40, D:9)
  24 sling bullets
(1, 42, D:9)
  a +0 scale mail
(26, 44, D:9)
  27 stones
(-9, 48, D:9)
  an arrow
(-8, 49, D:9)
  an arrow
(-27, 50, D:9)
  3 arrows
(-27, 52, D:9)
  a +0 shortbow
  23 arrows
(33, 54, D:9)
  a +0 club
  a +0 ring mail
(34, 54, D:9)
  a +0 club
  a +0 leather armour
(33, 55, D:9)
  a +0 club
  a +0 leather armour
(34, 55, D:9)
  a +0 club

Level 10 of the Dungeon
[Shop] Pnuoses' Assorted Antiques
  a potion of might (80 gold)
  a +0 cutlass (128 gold)
  the ring "Xoreosee" {Str+4 Dex+2} (160 gold)
    [ring of dexterity]
    
    It affects your strength (+4).
    It affects your dexterity (+2).
  a phial of floods (1280 gold)
  a scroll of identify (64 gold)
  a +0 chain mail (144 gold)
  a scroll of identify (64 gold)
  a wand of lightning (3) (128 gold)
  a +2 leather armour of poison resistance (64 gold)
  a +0 shortbow (96 gold)
(0, 0, D:10)
  a +0 leather armour
(-1, 1, D:10)
  a +1 bardiche of flaming
  a +0 plate armour
(2, 1, D:10)
  a +0 dagger
  a +0 robe
(-1, 2, D:10)
  a +0 dire flail
  a cursed +0 chain mail
(0, 2, D:10)
  a cursed -2 trident
  a +0 plate armour
  a +0 mace
  a +0 chain mail
(-23, 3, D:10)
  a scroll of noise
(11, 5, D:10)
  a +0 mace
(-37, 15, D:10)
  a troll hide
(2, 16, D:10)
  a cursed +0 scale mail
(3, 20, D:10)
  2 stones
(2, 21, D:10)
  2 stones
  a +0 club
(4, 21, D:10)
  a stone
(5, 21, D:10)
  a +0 dagger
(7, 21, D:10)
  a stone
(10, 21, D:10)
  a stone
(12, 21, D:10)
  a stone
(10, 24, D:10)
  a stone
(13, 30, D:10)
  an uncursed ring of loudness
(18, 30, D:10)
  15 stones
(-21, 35, D:10)
  a +0 hand axe
(-6, 35, D:10)
  a +0 ring mail of poison resistance
  a +0 whip
(-5, 35, D:10)
  a cursed +0 chain mail
  a +0 broad axe
(-4, 35, D:10)
  a +0 short sword
(-14, 36, D:10)
  a +0 short sword
  a +0 hand axe
  a +0 plate armour
(-13, 36, D:10)
  a +0 plate armour
  a +0 glaive
(-12, 36, D:10)
  a +0 giant club
(-13, 37, D:10)
  a +0 chain mail
  a +0 dire flail
(-39, 39, D:10)
  a +0 dagger
(8, 39, D:10)
  11 arrows of frost
  a +0 shortbow
(-4, 40, D:10)
  an arrow
(2, 40, D:10)
  a +0 flail
(-6, 41, D:10)
  an arrow
(-8, 42, D:10)
  an arrow
(-11, 44, D:10)
  15 arrows
  a +0 shortbow

Level 11 of the Dungeon
[Shop] Famy's Jewellery Boutique
  an uncursed amulet of stasis (280 gold)
  an uncursed amulet of the gourmand (480 gold)
  an uncursed ring of invisibility (480 gold)
  an uncursed ring of positive energy (320 gold)
  an uncursed ring of ice (400 gold)
  the ring "Klibaa" {MP+9 Str+3 Int+5} (700 gold)
    [ring of magical power]
    
    It affects your strength (+3).
    It affects your intelligence (+5).
    It affects your magic capacity (+9).
  an uncursed ring of see invisible (240 gold)
  a cursed -2 ring of intelligence (32 gold)
  an uncursed ring of stealth (280 gold)
[Shop] Bisaisch's Antique Weapon Boutique
  a +0 cutlass (112 gold)
  a +5 spear of flaming (84 gold)
  a cursed +0 glaive (182 gold)
  a +0 hand crossbow (98 gold)
  a +0 long sword (98 gold)
  a +1 vampiric halberd (112 gold)
  a +0 shortbow (84 gold)
  a +0 giant spiked club (53 gold)
  a +0 spear (84 gold)
  a +0 long sword (98 gold)
[Shop] Xilyur's Weapon Boutique
  19 stones (26 gold)
  a +0 falchion of protection (78 gold)
  a +5 quarterstaff of draining (478 gold)
  a +2 flail of draining (256 gold)
  a +0 hand crossbow (49 gold)
  a +0 shortbow (42 gold)
  a +0 quarterstaff (56 gold)
  23 stones (32 gold)
  the +9 arbalest of Honesty {elec, Int+2} (943 gold)
    It charges the ammunition it shoots with electricity; occasionally upon a
    hit, such missiles may discharge and cause terrible harm.
    
    It affects your intelligence (+2).
  21 arrows (58 gold)
  a +2 trident of protection (226 gold)
  24 stones (33 gold)
  5 stones (7 gold)
  a +0 giant club (23 gold)
(0, 0, D:11)
  a cursed -2 falchion
  a +0 ring mail
(53, 2, D:11)
  a +0 dagger
(46, 3, D:11)
  a +0 club
(32, 5, D:11)
  a +0 halberd
(33, 7, D:11)
  a +0 whip
  a +0 leather armour
(46, 7, D:11)
  19 stones
(52, 8, D:11)
  a +0 ring mail
(31, 19, D:11)
  a +0 leather armour
(20, 22, D:11)
  a +0 spear
(27, 25, D:11)
  a +0 ring mail
(50, 25, D:11)
  a +0 ring mail
(63, 25, D:11)
  a +0 scale mail
(12, 29, D:11)
  26 stones
(32, 34, D:11)
  a +0 falchion
(4, 42, D:11)
  a +2 falchion
  a +0 robe
(5, 42, D:11)
  a cursed +0 flail
  a +0 robe
(4, 43, D:11)
  a cursed -1 battleaxe
  a cursed +0 robe
(17, 43, D:11)
  a +0 pair of gloves
(3, 44, D:11)
  a +0 morningstar
  a +0 robe
(44, 49, D:11)
  a +0 mace

Level 12 of the Dungeon
(0, 0, D:12)
  a +0 mace
  a +0 chain mail
(-18, 7, D:12)
  a +0 robe
(-6, 8, D:12)
  a cursed -1 hand axe
(43, 8, D:12)
  a +0 long sword
(-6, 9, D:12)
  a +0 flail
  a +0 chain mail
(-5, 10, D:12)
  a +0 whip
(11, 11, D:12)
  a stone
(22, 11, D:12)
  14 stones
(7, 12, D:12)
  a stone
  a +0 whip
(8, 12, D:12)
  a +0 short sword
(12, 12, D:12)
  a +0 leather armour
(14, 12, D:12)
  a stone
(6, 13, D:12)
  a +0 short sword
(7, 13, D:12)
  2 stones
  a +1 dagger of freezing
(11, 13, D:12)
  a +0 dagger
  a +0 robe
(6, 14, D:12)
  a +0 club
  a stone
(23, 15, D:12)
  a +4 flail
(34, 23, D:12)
  3 tomahawks
(2, 24, D:12)
  a +0 cutlass
(45, 34, D:12)
  a +0 leather armour
(24, 36, D:12)
  a +0 shortbow
  20 arrows
(25, 36, D:12)
  a +0 shortbow
  6 arrows of frost
(25, 37, D:12)
  a +1 shortbow of freezing
  a +0 shortbow
  42 arrows
(21, 40, D:12)
  an arrow
(31, 41, D:12)
  a +0 trident
(23, 42, D:12)
  an arrow of frost
(21, 43, D:12)
  an arrow
(31, 43, D:12)
  a +0 giant club
(7, 45, D:12)
  a +0 mace
  a +0 leather armour
(8, 45, D:12)
  a +0 leather armour
(-21, 48, D:12)
  7 needles of slowing

Level 13 of the Dungeon
(0, 0, D:13)
  5 arrows
(-32, 2, D:13)
  a scroll of amnesia
(0, 2, D:13)
  a +0 giant club
(11, 7, D:13)
  a +2 leather armour of cold resistance
(-38, 9, D:13)
  a sling bullet
(-45, 10, D:13)
  22 stones
(-44, 10, D:13)
  a +0 club
(-41, 10, D:13)
  a +0 club
(4, 10, D:13)
  19 stones
(-15, 11, D:13)
  17 stones
(-47, 12, D:13)
  22 stones
(-46, 12, D:13)
  a +0 club
(-45, 12, D:13)
  13 stones
(-39, 12, D:13)
  16 stones
(-14, 13, D:13)
  a +0 giant spiked club
(-43, 14, D:13)
  a +0 hunting sling
  a +0 quarterstaff
  26 sling bullets
  a +0 ring mail
(-41, 14, D:13)
  a +0 club
(-40, 14, D:13)
  23 stones
(10, 14, D:13)
  26 stones
(-47, 15, D:13)
  27 stones
(-43, 15, D:13)
  21 stones
(-42, 15, D:13)
  19 stones
(-40, 15, D:13)
  a +0 club
(-44, 16, D:13)
  a +0 club
(-42, 16, D:13)
  21 stones
(-41, 16, D:13)
  a +0 club
(-39, 16, D:13)
  24 stones
(-45, 17, D:13)
  19 stones
(-39, 18, D:13)
  18 stones
(-22, 20, D:13)
  4 bolts of flame
(-16, 21, D:13)
  18 poisoned needles
(-8, 21, D:13)
  a +0 robe
  a +0 dagger
(-6, 21, D:13)
  a +0 robe
  a cursed -3 dagger
(-3, 23, D:13)
  a wand of fire (2)
  a wand of magic darts (13)
(-3, 24, D:13)
  a +0 giant club
(7, 25, D:13)
  a +0 mace
  a +0 scale mail
  a +2 flail of protection
(7, 26, D:13)
  a +0 plate armour
  a +0 mace
(-10, 31, D:13)
  a +0 giant club

Level 14 of the Dungeon
(0, 0, D:14)
  a cursed -3 hand axe
(9, 6, D:14)
  a +0 shortbow
  18 arrows
(1, 7, D:14)
  an arrow
(6, 7, D:14)
  an arrow
(7, 7, D:14)
  2 arrows
  an arrow of flame
(8, 7, D:14)
  a +0 shortbow
  12 arrows
(9, 7, D:14)
  a cursed -1 shortbow
  21 arrows
(9, 8, D:14)
  a +0 shortbow
  20 arrows of flame
  2 arrows
(40, 8, D:14)
  3 large rocks
(1, 9, D:14)
  a +0 flail
(38, 9, D:14)
  a large rock
(16, 10, D:14)
  a +0 leather armour
(40, 10, D:14)
  a +0 giant club
(12, 12, D:14)
  a +0 war axe
(13, 12, D:14)
  a +0 dire flail
  a +0 plate armour
(39, 13, D:14)
  a large rock
(41, 13, D:14)
  a large rock
(-5, 19, D:14)
  a +0 club
  a +0 flail
(-4, 19, D:14)
  a +0 dagger
  a +0 robe
(26, 21, D:14)
  a +0 scimitar of flaming
(10, 22, D:14)
  the +12 Sword of Power
  the +0 hat of Shuuradd {Str-5 Int+5}
    It affects your strength (-5).
    It affects your intelligence (+5).
(11, 22, D:14)
  a wand of frost (8)
  a wand of flame (3)
(49, 22, D:14)
  a +0 robe
(45, 31, D:14)
  a +0 chain mail
(53, 32, D:14)
  a large rock
(55, 32, D:14)
  a large rock
(20, 33, D:14)
  15 arrows of frost

Level 15 of the Dungeon
(-13, 6, D:15)
  a +0 dagger
(-1, 6, D:15)
  2 stones
(1, 6, D:15)
  a +0 flail
  a +0 robe
(2, 6, D:15)
  a +0 dagger
  a +0 robe
(-38, 7, D:15)
  20 stones
(-25, 7, D:15)
  a +0 giant club
(3, 7, D:15)
  3 stones
(-37, 11, D:15)
  an uncursed amulet of guardian spirit
(-36, 13, D:15)
  12 sling bullets
(-31, 16, D:15)
  a scroll of noise
(-31, 20, D:15)
  a +0 shortbow of flaming
  a +1 shortbow of freezing
  37 arrows
(-38, 21, D:15)
  an arrow
(-32, 21, D:15)
  a +0 dagger
(-31, 21, D:15)
  a +0 shortbow
  11 arrows of frost
  a +0 shortbow
  13 arrows of flame
(-32, 22, D:15)
  2 arrows
  a large rock
(-31, 22, D:15)
  a +0 shortbow
  15 arrows of flame
(-32, 23, D:15)
  2 arrows of flame
(-31, 23, D:15)
  2 large rocks
(15, 23, D:15)
  a +0 cutlass
(-36, 24, D:15)
  an arrow
(-19, 25, D:15)
  a +0 dagger
  a +0 robe
(-20, 26, D:15)
  a +0 short sword
  a +0 leather armour
(-35, 27, D:15)
  an arrow
(-9, 27, D:15)
  3 stones
(-3, 27, D:15)
  a stone
(-2, 27, D:15)
  a +0 war axe
  a +2 ring mail of cold resistance
(-1, 27, D:15)
  a +0 mace
  19 stones
(-3, 28, D:15)
  a +0 great mace
  a +0 leather armour
(-2, 29, D:15)
  a +0 shield
(-19, 35, D:15)
  a +4 spear
(-15, 36, D:15)
  a +0 spear
(-16, 37, D:15)
  a +3 antimagic scimitar

the Ecumenical Temple

Level 1 of the Orcish Mines
(-7, 3, Orc:1)
  a +0 flail
  a +0 ring mail
  a +0 scimitar
  a +0 plate armour
  a +0 hand axe
(-8, 5, Orc:1)
  a +0 flail
(-7, 6, Orc:1)
  a +0 dagger
(-6, 8, Orc:1)
  a +0 trident
(-6, 9, Orc:1)
  a +0 leather armour
(-6, 10, Orc:1)
  a +0 hand axe
  a cursed -1 dagger
(-40, 18, Orc:1)
  a +1 dagger of protection
(-39, 20, Orc:1)
  a +2 trident of venom
(-41, 21, Orc:1)
  a +0 whip
(-40, 21, Orc:1)
  a +2 flail of draining
(-39, 21, Orc:1)
  a +0 leather armour
  a +0 whip
(-40, 22, Orc:1)
  a +0 robe
  a +0 dagger
(-38, 22, Orc:1)
  2 tomahawks
(-30, 23, Orc:1)
  a +0 club
(-20, 23, Orc:1)
  a cursed +0 club
(-56, 24, Orc:1)
  a +0 club
(-39, 24, Orc:1)
  a tomahawk
(-20, 24, Orc:1)
  a +0 robe
  a +2 dagger of protection
(-19, 24, Orc:1)
  a +0 war axe

Level 2 of the Orcish Mines
(0, 0, Orc:2)
  a +0 leather armour
(1, 0, Orc:2)
  a +0 flail
  a +0 club
  a +0 chain mail
(1, 1, Orc:2)
  a +0 falchion
  3 tomahawks
  a +0 leather armour
(6, 13, Orc:2)
  a +0 trident
  a +0 chain mail
(2, 14, Orc:2)
  a +0 dagger
  a +0 leather armour
(0, 15, Orc:2)
  a +0 leather armour
  a +2 hand axe of pain
  a +0 leather armour
(2, 15, Orc:2)
  a +0 whip
(3, 15, Orc:2)
  a +0 club
  a tomahawk
  a +0 long sword
  a +0 chain mail
(4, 15, Orc:2)
  a +0 short sword
  a +0 chain mail
  a +0 hand axe
  a +0 leather armour
  a +0 dagger of speed
  a +0 ring mail
  a +0 great sword
  a +0 plate armour
(5, 15, Orc:2)
  a +0 long sword
  4 poisoned javelins
  a +0 chain mail
  a +0 glaive
  a +0 plate armour
(9, 15, Orc:2)
  a +2 bastard sword of electrocution
(0, 16, Orc:2)
  a +0 club
  a +3 leather armour
(1, 16, Orc:2)
  a +0 hand axe
(2, 16, Orc:2)
  a +0 trident
  a +0 leather armour
(3, 16, Orc:2)
  2 tomahawks
(4, 16, Orc:2)
  a +0 long sword
  a +0 plate armour
(5, 16, Orc:2)
  a +0 trident
(-2, 17, Orc:2)
  a +0 dagger
  a cursed -1 robe
  a +0 hand axe
(3, 17, Orc:2)
  a +0 falchion
(2, 22, Orc:2)
  a cursed -2 falchion
(2, 23, Orc:2)
  a +0 halberd
  a +0 chain mail
(3, 23, Orc:2)
  a +1 hand axe of venom
(43, 38, Orc:2)
  a +0 dagger
  a +0 chain mail
  a +0 leather armour
  a +0 club
  a +0 club
  a +0 falchion
  a +0 leather armour
(43, 39, Orc:2)
  a +2 hand axe of chopping
  a +0 scale mail
  a +0 flail
(44, 39, Orc:2)
  a stone
(43, 40, Orc:2)
  a +0 dagger
  a +0 hunting sling
  19 stones
(44, 40, Orc:2)
  a +0 falchion
  a +0 scale mail
(45, 40, Orc:2)
  a cursed +0 falchion
(46, 40, Orc:2)
  a +0 trident
  a +0 leather armour
(34, 51, Orc:2)
  a +0 whip
  a +0 leather armour
  a +0 flail
(35, 51, Orc:2)
  a +0 whip
  a +0 scale mail
  a +0 morningstar

Level 1 of the Lair of Beasts
(-13, 1, Lair:1)
  22 sling bullets
(13, 1, Lair:1)
  a +0 chain mail
(-16, 5, Lair:1)
  21 arrows
(-13, 7, Lair:1)
  13 poisoned needles
(13, 8, Lair:1)
  19 arrows
(-37, 13, Lair:1)
  13 arrows of dispersal
(-24, 18, Lair:1)
  2 large rocks
(-39, 20, Lair:1)
  a +0 leather armour
(-6, 22, Lair:1)
  a +0 falchion
(-29, 26, Lair:1)
  16 stones
(-7, 35, Lair:1)
  23 arrows
(-38, 42, Lair:1)
  a +0 flail
(-17, 46, Lair:1)
  an uncursed staff of conjuration

Level 2 of the Lair of Beasts
(0, 0, Lair:2)
  a +0 leather armour
(-11, 3, Lair:2)
  17 bolts
(8, 4, Lair:2)
  a +0 whip
(23, 6, Lair:2)
  a +2 ring of evasion
  a wand of random effects (9)
  a wand of polymorph (18)
  a +3 antimagic dire flail
  2 potions of berserk rage
  a potion of magic
  a wand of magic darts (9)
  a wand of polymorph (3)
  a wand of enslavement (10)
  a +1 antimagic halberd
(-4, 8, Lair:2)
  a +0 long sword
(-18, 12, Lair:2)
  the +11 greatsling of Trog's Condemnation {flame, rF+}
    It turns projectiles fired from it into bolts of flame.
    
    It protects you from fire.
  a +0 morningstar of freezing
  an uncursed ring of ice
  a +2 vampiric whip
(40, 12, Lair:2)
  a +0 large shield
(-5, 13, Lair:2)
  a +0 robe
  a +2 scimitar of flaming
(9, 21, Lair:2)
  a +0 great sword
(38, 29, Lair:2)
  a +0 robe
(-14, 39, Lair:2)
  a +5 dagger of speed
  a cursed +0 robe
(22, 49, Lair:2)
  14 stones

Level 3 of the Lair of Beasts
(0, 0, Lair:3)
  a cursed ring of ice
(-6, 1, Lair:3)
  26 stones
(6, 1, Lair:3)
  a +0 executioner's axe
(15, 5, Lair:3)
  a +0 scale mail
(2, 6, Lair:3)
  22 bolts
(4, 6, Lair:3)
  a +0 helmet
(3, 9, Lair:3)
  a cursed -1 cutlass
  a +0 robe
(17, 22, Lair:3)
  a +0 quarterstaff
(26, 26, Lair:3)
  a -3 ring of intelligence
(29, 50, Lair:3)
  a crystal ball of energy
(9, 53, Lair:3)
  a cursed -2 falchion
(-9, 56, Lair:3)
  17 stones

Level 4 of the Lair of Beasts
(0, 0, Lair:4)
  11 stones
(18, 8, Lair:4)
  a wand of enslavement (9)
(-11, 9, Lair:4)
  an uncursed ring of stealth
  an uncursed ring of stealth
(-9, 16, Lair:4)
  a +4 ring of intelligence
(25, 21, Lair:4)
  21 stones
(-35, 27, Lair:4)
  a scroll of amnesia
(-7, 31, Lair:4)
  20 arrows
(9, 47, Lair:4)
  a +0 war axe

Level 5 of the Lair of Beasts
(0, 0, Lair:5)
  a +3 great mace
(-39, 13, Lair:5)
  29 stones
(-45, 21, Lair:5)
  a +0 flail
(-35, 25, Lair:5)
  a +2 antimagic dire flail
(-13, 36, Lair:5)
  29 stones
(-29, 39, Lair:5)
  a +1 antimagic mace
(-18, 42, Lair:5)
  a +0 buckler

Level 6 of the Lair of Beasts
(0, 0, Lair:6)
  4 javelins of penetration
(2, 1, Lair:6)
  18 stones
(-1, 3, Lair:6)
  a +0 plate armour
(47, 4, Lair:6)
  a +0 halberd
(-4, 8, Lair:6)
  a +2 morningstar of crushing
(22, 10, Lair:6)
  a +0 long sword
(-11, 13, Lair:6)
  a +0 scale mail
(17, 21, Lair:6)
  a +0 chain mail
(-2, 22, Lair:6)
  18 stones
(-14, 25, Lair:6)
  a +0 great sword
(-12, 34, Lair:6)
  24 stones
(34, 37, Lair:6)
  the +2 whip of Indomitability {flame, +Rage SInv}
    It emits flame when wielded, causing extra injury to most foes and up to
    double damage against particularly susceptible opponents.
    
    It enhances your eyesight.
    It lets you go berserk.
(4, 38, Lair:6)
  3 large rocks
(43, 44, Lair:6)
  a +0 plate armour
(-2, 48, Lair:6)
  19 arrows
(33, 58, Lair:6)
  a book of Burglary

Level 7 of the Lair of Beasts
(25, 3, Lair:7)
  a +0 hunting sling
(-13, 8, Lair:7)
  a book of Transfigurations
(19, 12, Lair:7)
  a +0 long sword
(7, 22, Lair:7)
  18 poisoned needles
(52, 24, Lair:7)
  12 sling bullets of frost
(11, 29, Lair:7)
  a +0 robe
(-2, 31, Lair:7)
  an uncursed staff of cold
(41, 34, Lair:7)
  a +0 trident
(25, 37, Lair:7)
  5 poisoned needles
(-9, 38, Lair:7)
  13 poisoned needles
(42, 41, Lair:7)
  a +0 hunting sling

Level 8 of the Lair of Beasts
(0, 0, Lair:8)
  11 bolts
(25, 1, Lair:8)
  a +8 antimagic quarterstaff
  a +0 falchion
(-2, 7, Lair:8)
  a +0 leather armour
(16, 8, Lair:8)
  a wand of cold (12)
(24, 16, Lair:8)
  a +0 arbalest
(53, 16, Lair:8)
  3 curare-tipped needles
(23, 21, Lair:8)
  6 poisoned needles
(4, 22, Lair:8)
  a +0 falchion
(39, 25, Lair:8)
  a +2 hand crossbow of freezing
(67, 38, Lair:8)
  12 stones
(30, 45, Lair:8)
  a +3 dire flail of protection
(32, 50, Lair:8)
  24 sling bullets
(-5, 51, Lair:8)
  a book of Burglary
(54, 53, Lair:8)
  a cursed -1 hand crossbow
(64, 56, Lair:8)
  the ring "Wiojao" {Wiz +Blink}
    [ring of wizardry]
    
    It improves your spell success rate.
    It lets you blink.
(65, 56, Lair:8)
  a +2 eveningstar of draining
(63, 57, Lair:8)
  a +0 pair of gloves

Level 1 of the Swamp
(0, 0, Swamp:1)
  a +0 blowgun
(-29, 5, Swamp:1)
  21 stones
(-21, 15, Swamp:1)
  a +0 spear
(-22, 16, Swamp:1)
  a +0 spear
(-21, 17, Swamp:1)
  a +0 spear
(-25, 24, Swamp:1)
  a +0 blowgun
(-19, 24, Swamp:1)
  a +0 robe
(-57, 33, Swamp:1)
  a +0 ring mail
(-16, 38, Swamp:1)
  a +0 dagger
  a +2 robe of positive energy
(-16, 39, Swamp:1)
  a +5 antimagic great sword
(-20, 40, Swamp:1)
  10 sling bullets of frost
(0, 41, Swamp:1)
  7 stones
(-10, 44, Swamp:1)
  a +0 scale mail

Level 2 of the Swamp
(35, 5, Swamp:2)
  26 stones
(53, 14, Swamp:2)
  5 needles of slowing
(32, 16, Swamp:2)
  a potion of degeneration
  an uncursed ring of magical power
(43, 22, Swamp:2)
  a +0 whip
(30, 27, Swamp:2)
  a +0 falchion
(38, 34, Swamp:2)
  a cursed +0 leather armour
(24, 37, Swamp:2)
  17 stones
(44, 38, Swamp:2)
  a +0 mace
(16, 41, Swamp:2)
  a +0 hunting sling
(23, 43, Swamp:2)
  3 curare-tipped needles
(18, 45, Swamp:2)
  21 sling bullets
(53, 48, Swamp:2)
  27 bolts

Level 3 of the Swamp
(0, 0, Swamp:3)
  a +4 greatsling of flaming
(-14, 1, Swamp:3)
  a +0 hunting sling
(-14, 3, Swamp:3)
  20 stones
(8, 23, Swamp:3)
  17 stones
(0, 24, Swamp:3)
  a water moccasin skeleton
(1, 24, Swamp:3)
  a chunk of swamp worm flesh (rotten by now)

