Perseus

Level 1 of the Dungeon
(0, 0, D:1)
  21 stones
(23, 0, D:1)
  a stone
(23, 1, D:1)
  a stone
(33, 1, D:1)
  a +0 dagger
(27, 3, D:1)
  a +0 whip
(42, 9, D:1)
  a +0 dagger
(-4, 11, D:1)
  a +0 dagger
(-4, 12, D:1)
  a +0 dagger
(-7, 13, D:1)
  29 arrows
(35, 14, D:1)
  22 bolts
(24, 20, D:1)
  a +0 club
(37, 22, D:1)
  a +0 dagger
(18, 34, D:1)
  a +0 club
(36, 36, D:1)
  7 needles of paralysis
(26, 42, D:1)
  a +2 dagger of venom
(7, 45, D:1)
  17 stones

Level 2 of the Dungeon
(0, 0, D:2)
  a +0 club
(-10, 11, D:2)
  a quokka corpse (skeletalised by now)
(-17, 12, D:2)
  17 arrows
(15, 16, D:2)
  12 bolts
(-19, 28, D:2)
  a +0 robe
(21, 28, D:2)
  a +0 dagger
(6, 30, D:2)
  a +0 scythe
  a +0 robe
(6, 31, D:2)
  a +0 short sword
(10, 32, D:2)
  a +0 helmet

Level 3 of the Dungeon
(0, 0, D:3)
  a +0 hammer
(-24, 1, D:3)
  23 sling bullets
(-3, 1, D:3)
  a +2 quarterstaff of chaos
  (unseen)
(-19, 7, D:3)
  a +0 dagger
  a goblin corpse
(-24, 14, D:3)
  21 stones
(-28, 21, D:3)
  a +0 dagger
  a +0 blowgun
  15 poisoned needles
  a kobold corpse
(-14, 23, D:3)
  a +0 flail
(-28, 24, D:3)
  a poisoned needle
(-14, 27, D:3)
  12 stones
(-28, 28, D:3)
  a poisoned needle
(-15, 28, D:3)
  a quokka corpse
(-28, 30, D:3)
  a giant gecko corpse (skeletalised by now)
(-26, 31, D:3)
  an adder corpse (skeletalised by now)
(-23, 31, D:3)
  an uncursed amulet of faith
  a +0 dagger
  a +0 animal skin
  a cursed -2 helmet
  the hobgoblin corpse of Robin
(-22, 31, D:3)
  a +0 club
  a hobgoblin corpse
(-23, 32, D:3)
  a +0 club
  a +0 hunting sling
  22 stones
  a +0 dagger
  a +0 club
  a +0 club
  a +0 dagger
  a goblin corpse
  a hobgoblin corpse
  a goblin corpse
(-23, 33, D:3)
  a +0 hunting sling
  20 stones
(-21, 34, D:3)
  a +0 club
(-33, 36, D:3)
  a rat corpse (skeletalised by now)
(-33, 37, D:3)
  a rat corpse (skeletalised by now)

