Eric

Level 1 of the Dungeon
(0, 0, D:1)
  a +0 dagger
(8, 2, D:1)
  a +0 short sword
(-4, 25, D:1)
  a +0 short sword
(24, 26, D:1)
  a cursed -1 short sword
(26, 28, D:1)
  a stone
(18, 30, D:1)
  a stone
(-6, 31, D:1)
  2 stones
(20, 34, D:1)
  a +0 short sword
(-6, 36, D:1)
  a cursed -1 short sword
  a stone
(-5, 36, D:1)
  a stone
(10, 37, D:1)
  a +0 club
(24, 43, D:1)
  a +0 dagger
(2, 45, D:1)
  21 stones
(13, 51, D:1)
  28 bolts
(5, 57, D:1)
  a cursed +0 club

Level 2 of the Dungeon
(0, 0, D:2)
  21 sling bullets
(5, 2, D:2)
  a +0 club
(9, 5, D:2)
  a cursed -3 club
  a +0 club
(19, 10, D:2)
  20 sling bullets
(46, 12, D:2)
  a cursed +0 ring mail
(11, 13, D:2)
  a +0 falchion
(28, 16, D:2)
  a +0 club
(18, 21, D:2)
  a +0 club
(9, 33, D:2)
  a +0 falchion
(21, 40, D:2)
  a +0 scale mail
(38, 41, D:2)
  a +0 hunting sling

Level 3 of the Dungeon
(0, 0, D:3)
  a +0 club
  a +0 leather armour
  an orc corpse (skeletalised by now)
(-5, 2, D:3)
  a rat corpse (skeletalised by now)
(-7, 6, D:3)
  a +0 whip
(-34, 9, D:3)
  a +2 flail of protection
(-8, 11, D:3)
  a +0 war axe
(-33, 12, D:3)
  a +0 dagger
  a +0 whip of venom
(-27, 14, D:3)
  a +0 hand axe
  a rat corpse (rotten by now)
  an adder corpse (rotten by now)
(-26, 14, D:3)
  a +0 dagger
(-25, 14, D:3)
  a +0 morningstar
  a +0 ring mail
  a +0 club
  an orc corpse (rotten by now)
  a hobgoblin corpse (rotten by now)
(-14, 15, D:3)
  a +2 hand axe of flaming
(-11, 17, D:3)
  24 stones
(16, 17, D:3)
  2 stones
  a +0 chain mail
  a kobold corpse (skeletalised by now)
(-37, 18, D:3)
  a +0 dagger
(10, 18, D:3)
  a stone
(-37, 19, D:3)
  a +0 falchion
(-10, 19, D:3)
  a +0 scale mail
  an orc corpse (skeletalised by now)
(-8, 29, D:3)
  26 stones
(-15, 34, D:3)
  a hobgoblin corpse (skeletalised by now)
(-2, 42, D:3)
  a +0 cutlass

Level 4 of the Dungeon
(0, 0, D:4)
  a +0 whip
  a stone
  a kobold corpse (rotten by now)
(7, 0, D:4)
  a +0 chain mail
(-20, 3, D:4)
  a royal jelly
(-20, 4, D:4)
  2 arrows (still there?)
  an arrow (still there?)
(-19, 4, D:4)
  an arrow
(-19, 5, D:4)
  an arrow
(-19, 6, D:4)
  an arrow
(-22, 7, D:4)
  an arrow
(-21, 7, D:4)
  an arrow
(-23, 8, D:4)
  an arrow
(-22, 8, D:4)
  an arrow
(-39, 11, D:4)
  an uncursed ring of protection from fire
(-19, 11, D:4)
  4 arrows
(-17, 12, D:4)
  a scroll of teleportation
(6, 12, D:4)
  a giant gecko corpse (rotten by now)
(-56, 19, D:4)
  a scroll of remove curse
(-7, 49, D:4)
  19 poisoned needles

Level 5 of the Dungeon
(0, 0, D:5)
  a scroll of teleportation
(7, 5, D:5)
  a +0 ring mail
(-16, 8, D:5)
  a quokka corpse
(-7, 9, D:5)
  a +0 club
  a hobgoblin corpse
(-14, 11, D:5)
  a worker ant corpse
(5, 14, D:5)
  22 bolts
(-1, 30, D:5)
  a stone
(14, 35, D:5)
  3 arrows
(15, 35, D:5)
  a stone
(14, 37, D:5)
  2 stones
(15, 37, D:5)
  a stone
(11, 38, D:5)
  2 arrows
(13, 38, D:5)
  an arrow
(12, 39, D:5)
  an arrow

