Sanguine

Level 1 of the Dungeon
(0, 0, D:1)
  a +0 short sword
(-28, 2, D:1)
  13 poisoned needles
(2, 2, D:1)
  a +0 mace
(-7, 4, D:1)
  17 stones
(-1, 4, D:1)
  a +0 whip
(-1, 5, D:1)
  a +0 mace
(-4, 14, D:1)
  a +0 dagger
(9, 19, D:1)
  a throwing net
(-25, 39, D:1)
  a +0 leather armour
(-22, 41, D:1)
  a +0 club
(-17, 45, D:1)
  16 stones
(-15, 45, D:1)
  a +0 leather armour

Level 2 of the Dungeon
(0, 0, D:2)
  a +0 club
(8, 21, D:2)
  a +0 dagger
(15, 30, D:2)
  4 large rocks
(19, 30, D:2)
  30 stones
(22, 37, D:2)
  a +0 club
(42, 38, D:2)
  a +0 club
(5, 42, D:2)
  2 stones
(32, 43, D:2)
  a stone
(33, 43, D:2)
  3 stones
(3, 44, D:2)
  a stone
(37, 45, D:2)
  a stone
(0, 47, D:2)
  a +0 dagger

Level 3 of the Dungeon
(0, 0, D:3)
  a +0 club
(-22, 3, D:3)
  a +0 club
(-26, 12, D:3)
  a +0 robe
(-4, 15, D:3)
  a +0 ring mail
(-38, 19, D:3)
  a +0 hunting sling
(-4, 23, D:3)
  a +0 dagger
(9, 27, D:3)
  32 arrows
(-15, 28, D:3)
  a +0 robe
(6, 28, D:3)
  a +0 short sword
(-11, 29, D:3)
  a +0 dagger
(8, 29, D:3)
  a +0 club
(10, 32, D:3)
  a +0 whip
(10, 36, D:3)
  a +0 robe

Level 4 of the Dungeon
(0, 0, D:4)
  a +4 dagger
(0, 1, D:4)
  a +0 falchion
(0, 2, D:4)
  a +0 short sword
(13, 3, D:4)
  a +0 short sword
  a +0 flail
(14, 4, D:4)
  a +0 dagger
(15, 4, D:4)
  a +0 short sword
  a +0 leather armour
(31, 13, D:4)
  a +0 long sword
(22, 15, D:4)
  16 poisoned needles
(13, 23, D:4)
  8 poisoned bolts

Level 5 of the Dungeon
(0, 0, D:5)
  9 poisoned needles
(3, 5, D:5)
  17 arrows of frost
(10, 7, D:5)
  a cursed -2 giant club
  an ogre corpse
  a worm corpse

the Ecumenical Temple

