                   .                 
                     #               
        # #     #     .              
                      #              
                   .   .             
                . . #.               
              #. .##...#             
            #  #. .  ..              
         .  #. ## .# . ..            
      #  #   #.#.  .# . #            
    #        . ##.# #....            
    ..   .## ##. .. . #              
.      ...  ..## .. .#               
   .        # .# #.## #              
        .  .#  . #5#   #             
       #. ##  #. ###                 
   .     # .. #. .#.#                
  .        #.##.#..#                 
     . #   #.. ##.##                 
 #  ..#.#..##3#..##     ###          
.  .  ##.#§.3...#.# #####.#########  
    # ##   ..#.#.# ##.# ..#......#.. 
  #.   . ... #..#.. ....#..#.#..#.#.#
     .#..#   #..##...##.#...#......# 
            #X#...#.#.###.X#.#....#  
            ..... #......##.b....#   
          ...###.....##..####..#.#   
         .#..   ## .  #.#....#..#    
          #.#    #.  #...#... #....  
           #       .# ..#..##  .#...#
                  #.#   #..     # ###
                   .   ...           
                        #            
