################################################################################
#≈≈≈≈≈≈≈≈≈≈≈≈≈≈≈≈≈≈≈≈≈≈≈≈≈≈≈≈≈≈≈≈≈≈≈≈≈≈≈≈≈≈≈≈≈≈≈≈≈≈≈≈≈≈≈≈≈≈≈≈≈≈≈≈≈≈≈≈≈≈≈≈≈≈≈≈≈≈#
#≈≈≈≈≈≈≈≈≈≈≈≈≈≈≈≈≈≈≈≈≈≈≈≈≈≈≈≈≈≈≈≈≈≈≈≈≈≈≈≈≈≈≈≈≈≈≈≈≈≈≈≈≈≈≈≈≈≈≈≈≈≈≈≈≈≈≈≈≈≈≈≈≈≈≈≈≈≈#
#≈≈≈≈≈≈≈≈≈≈≈≈≈≈≈≈≈≈≈≈≈≈≈≈≈≈≈≈≈≈≈≈≈≈≈≈≈≈≈≈≈≈≈≈≈≈≈≈≈≈≈≈≈≈≈≈≈≈≈≈≈≈≈≈≈≈≈≈≈≈≈≈≈≈≈≈≈≈#
#≈≈≈≈≈≈≈≈≈≈≈≈≈≈≈≈≈≈≈≈≈≈≈≈≈≈≈≈≈≈≈≈≈≈≈≈≈≈≈≈≈≈≈≈≈≈≈≈≈≈≈≈≈≈≈≈≈≈≈≈≈≈≈≈≈≈≈≈≈≈≈≈≈≈≈≈≈≈#
#≈≈≈≈≈≈≈≈≈≈≈≈≈≈≈≈≈≈≈≈≈≈≈≈≈≈≈≈≈≈≈≈≈≈≈≈≈≈≈≈≈≈≈≈≈≈≈≈≈≈≈≈≈≈≈≈≈≈≈≈≈≈≈≈≈≈≈≈≈≈C≈≈≈≈≈≈≈#
#≈≈≈≈≈≈≈≈≈≈≈≈≈≈≈≈≈≈≈≈≈≈≈≈≈≈≈≈≈≈≈≈≈≈≈≈≈≈≈≈≈≈≈≈≈≈≈≈≈≈≈≈≈≈≈≈≈≈≈≈≈≈≈≈≈≈≈≈≈≈≈≈≈≈≈≈≈≈#
#≈≈≈≈≈≈≈≈≈≈≈≈≈≈≈≈≈≈≈≈≈≈≈≈≈≈≈≈≈≈≈≈≈≈≈≈≈≈≈≈≈≈≈≈≈≈≈≈≈≈≈≈≈≈≈≈≈≈≈≈≈≈≈≈≈≈≈≈≈≈≈≈≈≈≈≈≈≈#
#≈≈≈≈≈≈≈≈≈≈≈≈≈≈P≈≈≈≈≈≈≈≈≈≈≈≈≈≈≈≈≈≈≈≈≈≈≈≈≈.....≈≈≈≈≈≈≈≈≈≈≈≈≈≈≈≈≈.....≈≈≈≈≈≈≈≈≈≈≈#
#≈≈≈≈≈≈≈≈≈≈≈≈≈≈≈≈≈≈≈≈≈≈≈≈≈≈≈≈≈≈≈≈≈≈≈≈≈≈...###....≈≈≈≈≈≈≈≈≈≈≈≈≈......≈≈≈≈≈≈≈≈≈≈≈#
#≈≈≈≈≈≈≈≈≈≈≈≈P≈..≈≈≈≈                                ≈≈≈≈≈≈≈≈≈≈≈≈.≈≈≈≈≈≈≈≈≈≈≈≈≈#
#≈≈≈≈≈≈≈≈≈≈≈≈≈.[..≈≈≈                                ≈≈≈≈≈≈≈.......≈≈≈≈≈≈≈≈≈≈≈≈#
#≈≈≈≈≈≈≈≈≈≈≈≈PP.#                                    ≈≈≈≈≈≈.....#..≈≈≈≈≈≈≈≈≈≈≈≈#
#≈≈≈≈≈≈≈≈≈≈PP[.P#.P                                 .≈≈≈≈≈≈....##..≈≈≈≈≈≈≈≈≈≈≈≈#
#≈≈≈≈≈≈≈≈≈≈PP≈≈≈≈P≈P..                              #..≈≈≈≈≈.#####....≈≈≈≈≈≈≈≈≈#
#≈≈≈≈≈≈≈≈≈≈≈≈≈..≈≈...                               ##.≈≈≈≈≈..####.≈≈.≈≈≈≈≈≈≈≈≈#
#≈≈≈≈≈≈≈≈≈≈≈≈P≈≈≈≈.P≈                                #.≈≈≈≈≈.≈..#..≈≈≈≈≈≈≈≈≈≈≈≈#
#≈≈≈≈≈≈≈≈≈≈≈≈≈≈≈≈≈..≈                              ###.≈≈≈≈...≈....≈≈≈≈≈≈≈≈≈≈≈≈#
#≈≈≈≈≈≈≈≈P≈P≈≈.....#                               ≈..≈≈≈≈≈..≈≈.....≈≈≈≈≈≈≈≈≈≈≈#
#≈≈≈≈≈≈≈≈P≈≈P....≈.                                ≈≈≈≈≈≈≈≈≈.≈.≈≈...≈≈≈≈≈≈≈≈≈≈≈#
#≈≈≈≈≈≈≈≈P≈.≈..≈≈≈≈                                ≈≈≈≈≈≈≈≈.≈..≈≈≈≈≈≈≈≈≈≈≈≈≈≈≈C#
#≈≈≈≈≈≈≈≈≈≈≈≈P...≈≈                                ≈≈≈≈≈≈≈≈≈...≈≈≈≈≈≈≈≈≈≈≈≈≈≈≈≈#
#≈≈≈≈≈≈≈≈≈≈≈≈...≈≈≈                               ≈≈≈≈≈≈≈≈≈...≈≈≈≈≈≈≈≈≈≈≈≈≈≈≈≈≈#
#≈≈≈≈≈≈≈≈≈≈≈≈...≈≈≈                             #.≈≈≈≈≈≈≈≈≈.#..≈≈≈≈≈≈≈≈≈≈≈≈≈≈≈≈#
#≈≈≈≈≈≈≈≈≈≈≈≈≈.≈≈≈≈                           ###..≈.≈≈≈≈≈≈.#(.≈≈≈≈≈≈≈≈≈≈≈≈≈≈≈≈#
#≈≈≈≈≈≈≈≈≈≈≈≈≈≈≈≈≈≈                          ......≈...≈≈....<≈≈≈≈≈≈≈≈≈≈≈≈≈≈≈≈≈#
#≈≈≈≈≈≈≈≈≈≈≈≈≈≈≈≈≈≈                         ≈...........≈....(≈≈≈≈≈≈≈≈≈≈≈≈≈≈≈≈≈#
#≈≈≈≈≈≈≈≈≈≈≈≈≈≈≈≈≈≈                        ≈≈..........(≈.....≈≈≈≈≈≈≈≈≈≈≈≈≈≈≈≈≈#
#≈≈≈≈≈≈≈≈≈≈≈≈≈≈≈≈≈≈                       ≈...................≈≈≈≈≈≈≈≈≈≈≈≈≈≈≈≈≈#
#≈≈≈≈≈≈≈≈≈≈≈≈≈≈≈≈≈.                      ≈≈≈.................≈≈≈≈≈≈≈≈≈≈≈≈≈≈≈≈≈≈#
#≈≈≈≈≈≈≈≈≈≈≈≈≈≈≈≈≈≈                      ≈≈≈.......!........≈≈≈≈≈≈≈≈≈≈≈≈≈≈≈≈≈≈≈#
#≈≈≈≈≈≈≈≈≈≈≈≈≈≈≈≈≈≈                      ≈≈≈.................≈≈≈≈≈≈≈≈≈≈≈≈≈≈≈≈≈≈#
#≈≈≈≈≈≈≈≈≈≈≈≈≈≈≈≈≈≈                     ≈.....C....∩.........≈≈≈≈≈≈≈≈≈≈≈≈≈C≈≈≈≈#
#≈≈≈≈≈≈≈≈≈≈≈≈≈≈≈≈≈≈                     .......|.............≈≈≈≈≈≈≈≈≈≈≈≈≈≈≈≈≈≈#
#≈≈≈≈≈≈≈≈≈≈≈≈≈≈≈≈≈≈                     .≈.#.................≈≈≈≈≈≈≈≈≈≈≈≈≈≈≈≈≈≈#
#≈≈≈≈≈≈≈≈≈≈≈≈≈≈≈≈≈≈                     ≈≈.#................≈≈≈≈≈≈≈≈≈≈≈≈≈≈≈≈≈≈≈#
#≈≈≈≈≈≈≈≈≈≈≈≈≈≈≈≈≈                      ≈≈........^.........≈≈≈≈≈≈≈≈≈≈≈≈≈≈≈≈≈≈≈#
#≈≈≈≈≈≈≈≈≈≈≈≈≈≈≈≈≈≈                    ≈≈≈..................≈≈≈≈≈≈≈≈≈≈≈≈≈≈≈≈≈≈≈#
#≈≈≈≈≈≈≈≈≈≈≈≈≈≈≈≈≈.                    ≈≈≈≈.....P.P.........≈≈≈≈≈≈≈≈≈≈≈≈≈≈≈≈≈≈≈#
#≈≈≈≈≈≈≈≈≈≈≈≈≈≈≈≈.                     ≈≈≈≈≈≈≈≈.P∩P..........≈≈≈≈≈≈≈≈≈≈≈≈≈≈≈≈≈≈#
#≈≈≈≈≈≈≈≈≈≈≈≈≈≈≈≈#                     ≈≈≈≈≈≈C≈≈..P...........≈≈≈≈≈≈≈≈≈≈≈≈≈≈≈   
#≈≈≈≈≈≈≈≈≈≈≈≈≈≈≈.#                      ≈≈≈≈≈≈≈≈≈.............≈≈≈≈≈≈≈≈≈≈≈≈≈     
#≈≈≈≈≈≈≈≈≈≈≈≈≈≈≈.#                      .≈≈≈≈≈≈≈≈≈≈...........≈≈≈≈≈≈≈≈≈≈≈≈      
#≈≈≈≈≈≈≈≈≈≈≈≈≈.≈.##                     .≈.≈≈≈≈≈≈≈≈.≈≈.........≈≈≈≈≈≈≈≈≈≈       
#≈≈≈≈≈≈≈≈≈≈≈≈≈..≈.##   ≈                 ≈.≈≈≈≈≈≈≈...≈.........≈≈≈≈≈≈≈≈≈        
#≈≈≈≈≈≈≈≈(≈≈≈≈..≈..##.≈≈≈                 ≈≈≈≈≈≈≈....≈≈.........≈≈.....         
#≈≈≈≈≈≈≈≈≈≈(....(≈≈.≈≈≈≈≈          ###  ###≈P.≈≈.............C........          
#≈≈≈≈≈≈≈≈≈≈≈≈.#..≈≈≈≈≈≈≈≈         ##≈####(##≈P........................          
#≈≈≈≈≈≈≈≈≈....##..≈≈≈≈≈≈≈≈≈.     ##≈≈P.CH†H##P≈......................           
#≈≈≈≈≈≈≈≈≈....##..≈≈≈≈≈≈≈≈≈.#..  #≈≈....CH.P# ≈.....................            
#≈≈≈≈≈≈≈≈≈........≈≈≈≈≈≈≈≈≈≈...≈##≈...≈#≈..≈#  ....................             
#≈≈≈≈≈≈(...#.≈...≈≈≈≈≈≈≈≈≈≈≈≈≈.≈#≈....#≈P...≈#   ..C.......≈...∩..              
#≈≈≈≈≈≈≈...##......≈≈≈≈≈.≈≈≈≈≈.≈#≈....≈P≈...≈#     ..............               
#≈≈≈≈≈≈...####......≈≈≈≈..≈≈≈..P#≈≈..≈≈#≈...≈#      ............                
#≈≈≈≈≈≈≈...###....#.≈≈.###.≈...≈##P≈≈≈P≈≈≈%$##        .........                 
 ≈≈≈≈≈≈≈≈.......≈.....## #.....≈≈#≈≈≈≈###≈≈≈#            ...                    
 ≈≈≈≈≈≈≈≈......≈≈≈≈≈≈.####.(...P≈##≈≈#..##P                                     
 ≈≈≈≈≈≈..≈≈≈...≈.≈≈≈≈..##.......≈≈##≈≈...#                                      
  ≈≈≈≈≈...≈≈..≈≈≈≈≈≈≈......≈.....≈≈≈##..##≈                                     
   ≈≈≈..≈≈≈≈≈.≈≈≈≈≈≈.......≈......≈P≈....P≈≈                                    
    ≈≈≈≈≈≈≈≈≈≈≈≈≈≈≈≈≈≈.....(..............$.                                    
       C≈≈   ≈≈≈≈≈≈≈≈≈≈≈.(≈≈................                                    
              ≈≈≈≈≈≈≈≈≈≈≈(≈≈≈..............                                     
               ≈≈≈≈≈≈≈≈≈≈≈≈(≈≈......>.....                                      
                ≈≈≈≈≈≈≈≈≈≈≈≈≈≈≈≈.........                                       
                 ≈≈≈≈≈≈≈≈≈≈≈≈≈≈≈≈≈≈≈≈≈≈≈                                        
                  ≈≈≈≈≈≈≈≈≈≈≈≈≈≈≈≈≈≈≈≈≈                                         
                    ≈≈≈≈≈≈≈≈≈≈≈≈≈≈≈≈≈≈                                          
                     ≈≈≈≈≈≈≈≈≈≈≈≈≈≈≈                                            
                      #############                                             
