          ..g..                                                   
          .......                                                 
      ..  #.....###                                               
    ....###........                                               
   #...............                                               
  ............... ..                                              
 ........[.....# ...#                                             
 .........#....##.....                                            
 ?........#.......#                                               
#.........#gg.....#                                               
#.....K..(.(#.....#                                               
#......#..K.#.....#                                               
 .K... #....#.....#..                                             
 ....  #....#.....#...         ...      .....                     
 ...   #....#.........      .......    #......                    
  .   ..####..........       ......    #.....                     
    ....#..............#    ##..[.      ....####                  
    ....#..............######.....      #......#                  
    ....#...##...................#####+##......#    .             
     ....... #.................................#   .#             
      ...... #...............###...............#  ..#             
      ....####.................................# ...#             
      .g..g....................................#%...#.#           
      .g....................>..................'......#           
      ..........................##......#......#.......           
      .....###....####...####...##......#......###########        
       #...#...............##...###########................       
       #.. #...............##...#         ########.###########    
           #....##.........##...#         ....................    
           #######.........##...#          ...............(....   
                 #.........##...#          ###########..######    
                  ######...##..                    ###..#####     
                       #..                         #........###.. 
                                                 ###..............
                                                .........<..###.. 
                                                ...#........#     
                                                ##.####..####     
                                                 #    #..#        
                                                      #..#        
                                                      #..#        
                                                      ....        
                                                     .....        
                                                        #         
