                                                ###                    
                                                #.################     
                                                #.....!..........#     
                                                #.##############.#     
                                                #.#        #####.#     
                                                #.##########...#.#     
                                                #..........#.#.#.#     
                                          ################.#.#.#.#     
                                           .....#        #.#.#.#.######
                                             #..##########.#.#........#
                                             #...............#..?##.###
                                             #.>##########.#......#.#  
                                       #######..#     ##...#.....<#.#  
                                       .........#     #...........#.#  
                               ####### .######..#######...........#.#  
                               #.....# .............................#  
                               #.....########...#######.#..##########  
                               #.........o..............#..#           
                               #.....########...######..#..#           
                               ###'##########...######..#..#           
                              #........og..o.o..#.......#..#           
                              #........o.#####..#.########.#           
                              #.......!..#   #..#.# #[>.##.#           
                              #.....o.?o.#   #..#.# #≈≈≈##.#           
                              #.......o..    #..#.# #...##.#           
                              #.....!...     #oo#.# #...##.##########  
                              #######o.      #..#.####'###..........#  
                                             #..#.##.8...#.########.#  
       ≈P..                                  #..#.##.._..#.......##.#  
    ≈≈≈≈P....#                               #..#.###...##.#####.##.#  
   ≈≈≈≈≈.....#                               #..#.####.##..###.#.##.#  
  ≈P≈P≈≈P....#                            #  #..#.......#......#.##.#  
 ≈≈≈≈≈≈P.....#                            #.##..#####.#.#.####.#.##.#  
 ≈≈P≈≈≈≈.....#                   ###      #.............#.####.#.##.## 
 ≈≈P≈P≈≈≈....#                   #..      ####..#####.###......#.....# 
≈≈≈≈≈≈≈≈.....# #                 #.### .  ####..#####.#############..# 
≈P≈≈≈≈≈P.....#.#               #.#.#......#..........................# 
♣≈P≈≈P≈P≈....#.#  ###          #.#.#.##...#.##..#####.##############.##
♣♣♣######.§o...#  ..#          #.#.#.#....#.#...# #...................#
        #....######.#          #.#.#.#....#.#...###.#.#######....######
        ###......#<.#          #.#.#.#..#.#.#....o.o..............#<#  
      #####.####.#..#          #.#.#.#..#.#.#...###.#.########.#..#.#  
      #......o.....)#          #.#...#..#.#.#...# #.#..oo..oo.....#.#  
      #.###.##...#..####       #.#......#.#.#...###.##########.##.#.#  
      #§# #.##...#...#.#########.#.#..[.#.#.#.......#..........##.#.#  
      #.# #................................>....#####.###..######o#.#  
      #.# #.###..#.....########....###..#(#.......................#.#  
      #.# #.# #..#.....#......#....# #..#.#.##.###..#.###..########.#  
      #.# #)# #..#.#...#......P....# #..#.#......%..#..^#..#      #.#  
      #§###.###..#.#...#..###......# #.....%#..###.##..##..#      #.#  
      #.#........#.....#..#.#......# #....#.#.## #.##..##..#      #.#  
      #.########.####..#..#.....P..###....#.#.####.##..##..#      #.#  
      #.o..............#..#....#....##....#.#.......#..##..#      #.#  
      ##########.#####.#))#._..##.........#.#########..##..####   #.#  
               #.......#..#....#P.P.#####.#............##.....#   #.#  
               #########..#....P.P........###########..##.###.#   #.#  
                       #..#.#..PP..########     #...........#.#####.###
                       #..###..%..##            #.####%##.#.#.........#
                       ##...P.P####             #.#.......#.###########
                        ####.#.#                #.......#.#...........#
                           #.#.##########################.####..#.#####
                           #.#........................................#
                           #.############################.#######.##.##
                           #..............................#     #.....#
                           #.##############################     #.#####
                           ###                                  ###    
