Dracula

Level 1 of the Dungeon
(0, 0, D:1)
  a cursed +0,-1 dagger
(4, 4, D:1)
  a +0,+0 hand axe
(9, 4, D:1)
  17 stones
(41, 4, D:1)
  19 arrows
(0, 10, D:1)
  a +0,+0 dagger of distortion
(38, 10, D:1)
  a +0,+0 whip
(31, 11, D:1)
  5 arrows
(26, 12, D:1)
  a +0,+0 dagger
(29, 19, D:1)
  a +0 ring mail
(-3, 20, D:1)
  a +0,+0 dagger
(5, 20, D:1)
  a dart
(11, 20, D:1)
  a +2,+2 whip
(35, 20, D:1)
  21 bolts
(41, 24, D:1)
  a +0,+0 club
(11, 26, D:1)
  a cursed -3,-1 whip
(13, 27, D:1)
  a +2,+2 short sword
(23, 32, D:1)
  a +0,+0 spear
(31, 33, D:1)
  a +0,+0 club
(32, 34, D:1)
  14 darts
(15, 40, D:1)
  a +0,+0 dagger

Level 2 of the Dungeon
(0, 0, D:2)
  a giant newt corpse (rotten by now)
(8, 5, D:2)
  a bat corpse (skeletalised by now)
(2, 8, D:2)
  a +0,+0 dagger
  a goblin corpse (skeletalised by now)
(1, 9, D:2)
  a rat corpse (skeletalised by now)
(20, 9, D:2)
  a +0,+4 spear
(-8, 12, D:2)
  an adder corpse (skeletalised by now)
(9, 12, D:2)
  a goblin corpse (skeletalised by now)
(-9, 14, D:2)
  a +0 ring mail
(-10, 19, D:2)
  a +0,+0 club
(-5, 19, D:2)
  12 sling bullets
(-4, 20, D:2)
  a throwing net
(-13, 21, D:2)
  a bat skeleton
(8, 21, D:2)
  a +2,+1 halberd
(11, 22, D:2)
  a +2,+0 flail of protection
(13, 23, D:2)
  a +3,+0 spear
(-13, 27, D:2)
  a bread ration
(-16, 28, D:2)
  a cursed -2,-3 flail
(-14, 29, D:2)
  24 stones
(-5, 30, D:2)
  a choko
(21, 31, D:2)
  a meat ration
(-7, 37, D:2)
  8 darts
(-10, 39, D:2)
  a lychee
(3, 41, D:2)
  a +0 ring mail
(8, 48, D:2)
  16 bolts

Level 3 of the Dungeon
(0, 0, D:3)
  a bat corpse
(22, 12, D:3)
  20 stones
(-23, 13, D:3)
  a kobold corpse (rotten by now)
(7, 13, D:3)
  a rotting jackal corpse
(4, 14, D:3)
  a rotting bat corpse
(-13, 15, D:3)
  a hobgoblin corpse (rotten by now)
(-12, 15, D:3)
  a +0,+0 dagger
(-25, 16, D:3)
  a +0 robe
  a -1,-3 dagger
(-28, 18, D:3)
  a rat corpse (rotten by now)
(18, 19, D:3)
  25 bolts
(12, 20, D:3)
  22 sling bullets
(5, 22, D:3)
  a dart
(7, 23, D:3)
  4 darts
  a kobold corpse
(17, 25, D:3)
  a +0,+0 hand axe
  a +0 ring mail
(-19, 26, D:3)
  a ball python corpse
(17, 30, D:3)
  a goblin skeleton
(1, 35, D:3)
  12 grapes
(-27, 38, D:3)
  a giant newt corpse (rotten by now)
(4, 39, D:3)
  a bat skeleton
(5, 39, D:3)
  a kobold corpse
(6, 39, D:3)
  a +1,+0 dagger
(6, 40, D:3)
  a +0 large shield

