     ...                                                
  #.......#                                             
 #.........#                                            
  .........                                             
   .......                                              
    ......                                              
     ..e.                                               
   ###.###                                    . ... .   
  ##.e...##                                 ##.8.∩. .#  
###P......###                               #..##.# .#  
#..34§......#                       .####   #..##8# .#  
#..§e.......#                      #.....###...##.# .#  
#.4.e§......#                     #...#...##.#.##.##.#  
#.)ee.......#                     #..#e.P..#.#.#..#..#  
#...C.......#                     #....P.P...#.#..#.####
#...........#                    .....(.P....#.........#
###.......###                    ....##...#..#.#######.#
  ##.....##                     .....###.#'..#.#######.#
   ###.###                     ###...#####........<....#
     #.#                      ####.......).....#########
     #.####################. .####...####..##[#######   
     #.)........(.))........ .####.........).))(^...#   
     #########..############ ..........########.....##  
             #....###    ###...........#     #.[.....#  
             #.♣♣...#   ##.####........#     #.......#  
             #....###  ##...######.....#     #....(..#  
             #...##   ##..P..##  #.....#     ##.....##  
             ###'#   ##..PPP..## ##'####    ##'.....#   
               #.#   #..PP8PP..#  #.#      ##.#######   
               #.#   ##....P..##  #.#     ##.##         
               #.#    ##..P..##   #.#    ##.##          
               #.#   ##'#...#'#####'### ##.##           
               #.#  ##.###.###.##.....###.##            
               #.# ##.## ### ##)[......#'##             
               #'###.##      ##.........##              
              ##...'##      ##...........##             
             ##.....##      #.............#             
             #.....[.########.............#             
             #.......'......+.............#             
             #.......########.............#             
             ##..<..##      #.............#             
              ##((.##       ##.<.........##             
               #####         ##.........##              
                              ##.......##               
                               ##.....##                
                                #######                 
