                                 #####        
                                ##...#        
                                #^...#####    
                                ##...^##.##   
                                #.........#   
                                ##.......##   
                                ###.......##  
                             ####.....###^.## 
                             #......###.##..##
                             #....###....#...#
                             ##..[.#.....##..#
                              ##..##....##..##
                               #.##.........# 
                               #....###......#
                               #......####...#
                               #........##..##
                              ###...##...#### 
                             ##....##.<..##   
                             #......##^...##  
                             #...#.^.####..#  
                             ###.......#..####
                               #^......##....#
                               ##...#####....#
                   .    ####   #..###..##....#
                 ##.   ##.^######..#....^..###
               ###..  ##....E.....##......^#.#
               #...§  #....E.h....##..#..#...#
               #..ER  ##..h########...####...#
                ..hh#####§§#..#..#...##..#...#
                ##h§#.§h...#.......###...#...#
               ##§§§#§EE...#.....<##...###...#
               #..§EE.#..####...###..=.#.....#
            ..........####........###.....#..#
             .#........# #^........#^.....#..#
           ##.........## #..#####..#.....#...#
       .# ##......#...#...^. #.........#.....#
      ...>#.. ....##..#....  #.(.#.....#.....#
      ##..#..##... ...# . # ##...###.....#####
      ........§.## ..##  ####.....#..###....^#
     ........†...#..... ##..#...###....#.....#
      ##...........##   #..##.....#....###...#
      #######†..##..#####s.s..#...##..##.#...#
     ##......@#.........#^....#.....^##.(#...#
     #.......##.....^...##....#.^....#.#...(.#
   ##...##.###....#..........##.####...#.....#
  ##..###.........#.......?.......#.......#..#
 ##............####...<#...##.....##...>###..#
 #..........#.....##.##....#..........###.#..#
....####....#......#.......#..##......(......#
    #.......#...#..##..........########......#
    #..#....#...#...#..#.....#.^?.....#......#
   ...##.#..#######....#...[##..#.......#....#
   ... ..<..#    #^..###...##......(....###..#
   .. .......    ##...............#..........#
      ........    #...............#..........#
       ######     ############################
