Sanguine

Level 1 of the Dungeon
(0, 0, D:1)
  a +0 short sword
(-32, 5, D:1)
  a +0 leather armour
(-3, 5, D:1)
  19 stones
(3, 6, D:1)
  a cursed -2 dagger
(-46, 10, D:1)
  a +0 club
(-35, 11, D:1)
  13 sling bullets
(-20, 13, D:1)
  13 sling bullets
(-27, 17, D:1)
  a +0 whip
(-42, 18, D:1)
  26 bolts
(-43, 25, D:1)
  a cursed -2 flail
  a +0 scale mail
(-29, 31, D:1)
  a cursed -2 hunting sling
(-29, 32, D:1)
  a +0 dagger
(-30, 34, D:1)
  a +0 dagger
(-25, 40, D:1)
  a stone
(-24, 40, D:1)
  a stone
(-21, 41, D:1)
  a stone

Level 2 of the Dungeon
(0, 0, D:2)
  a +0 spear
(-15, 6, D:2)
  22 stones
(5, 7, D:2)
  2 chunks of giant mite flesh
(22, 7, D:2)
  a +0 dagger
(-20, 13, D:2)
  18 stones
(16, 19, D:2)
  a +0 dagger
  a +0 robe
(6, 22, D:2)
  a +0 club
(6, 23, D:2)
  a cursed -3 short sword
  4 stones
(14, 26, D:2)
  a +0 whip
(10, 27, D:2)
  14 stones
(4, 28, D:2)
  a +0 whip
(7, 28, D:2)
  15 stones
(-15, 32, D:2)
  a +0 robe
(1, 36, D:2)
  a +0 club

Level 3 of the Dungeon
(0, 0, D:3)
  a tomahawk
(1, 6, D:3)
  a +0 ring mail
  3 tomahawks
  a +0 mace
(2, 6, D:3)
  a +0 club
(3, 7, D:3)
  a +0 trident

