Sanguine

Level 1 of the Dungeon
(0, 0, D:1)
  a +0 leather armour
(24, 1, D:1)
  20 poisoned needles
(33, 1, D:1)
  a potion of might
(16, 6, D:1)
  18 bolts
(26, 10, D:1)
  20 stones
(42, 12, D:1)
  a potion of might
(31, 13, D:1)
  a +0 dagger
  a +0 short sword
(41, 14, D:1)
  a scroll of remove curse
(18, 15, D:1)
  7 gold pieces
(40, 18, D:1)
  a scroll of remove curse
(36, 20, D:1)
  5 gold pieces
(-1, 22, D:1)
  18 arrows
(16, 23, D:1)
  a +0 club
(17, 24, D:1)
  a +0 dagger
(41, 32, D:1)
  13 stones
(15, 36, D:1)
  a +0 hunting sling
(-4, 40, D:1)
  a +0 club
(28, 41, D:1)
  a +0 hunting sling
(43, 43, D:1)
  a +0 hand axe
(43, 45, D:1)
  17 stones

Level 2 of the Dungeon
(0, 0, D:2)
  a +0 club
(10, 0, D:2)
  a bat corpse
(-24, 4, D:2)
  a cursed -2 club
(0, 4, D:2)
  a +0 dagger
(-2, 9, D:2)
  16 stones
(18, 11, D:2)
  a bat corpse
(-22, 14, D:2)
  a hobgoblin skeleton
(-22, 15, D:2)
  a +0 club
  a goblin skeleton
(-14, 19, D:2)
  a +0 robe
(-9, 27, D:2)
  a scroll of noise
(19, 31, D:2)
  a +1 whip of pain
(-12, 33, D:2)
  a +1 dagger of venom

