          .                 
         #.#                
         #.#                
         #.#                
    #    #.#                
 ##.#.####.####### #        
 #.....<.........#.         
 #..#.##.....###.#. #       
................... .[      
 ..^^^.#.....##..#  .#      
...^_^.#.....##..#  .#      
 ..^.^ ###.####..#  .#  #   
  ....   #.####..###.##.#   
   ##    #..............#   
         ######.##.#.#..#   
              #.##...#..####
          #####.............
          .............#####
          ####....))...#    
       ###########.)...#    
      .................#    
      ........##.#.....#    
     ...$.##..%..#.....#    
     .......5.##%#.....##   
     ..#..##4)#..#......#   
       #  #Ku##..#......### 
          #45 ...#........# 
         #55##...#.####.#.# 
         #.. ..#.#.#  #.#.# 
         ..##..#.#.#  #.#.# 
        #..    #.#.#  #.#.# 
         .#      ###  #.#.# 
                      #.#.# 
                      #.#.# 
                      ....# 
                        ### 
