Sanguine

Level 1 of the Dungeon
(0, 0, D:1)
  23 bolts
(-9, 4, D:1)
  14 stones
(-31, 6, D:1)
  a +0 dagger
(8, 7, D:1)
  a +0 hunting sling
(-38, 8, D:1)
  22 stones
(9, 10, D:1)
  26 arrows
(-51, 22, D:1)
  a +0 short sword
(-4, 22, D:1)
  a +0 club
(-35, 25, D:1)
  2 stones
(-46, 27, D:1)
  18 stones
(-8, 27, D:1)
  a +0 club
(-49, 28, D:1)
  16 stones
(-22, 32, D:1)
  a +0 vampiric dagger
(-13, 34, D:1)
  a cursed -2 short sword
  11 stones
  a +0 chain mail
(-6, 34, D:1)
  a stone
(-30, 35, D:1)
  a +2 naga barding
(-3, 35, D:1)
  a +2 dagger of holy wrath
(-21, 36, D:1)
  11 poisoned needles
(-45, 37, D:1)
  a +0 club
(-30, 47, D:1)
  a +0 dagger

Level 2 of the Dungeon
(0, 0, D:2)
  6 stones
(-19, 1, D:2)
  23 stones
(-2, 5, D:2)
  31 stones
(-41, 8, D:2)
  an uncursed ring of wizardry
(-28, 15, D:2)
  a +0 dagger of holy wrath
(-39, 20, D:2)
  a +0 club

Level 3 of the Dungeon
(10, 4, D:3)
  a +0 dagger
  a stone
(7, 6, D:3)
  a stone
(6, 7, D:3)
  a stone
(-36, 11, D:3)
  a stone
(-35, 11, D:3)
  3 stones
(-36, 12, D:3)
  a stone
(1, 13, D:3)
  a +0 dagger
(-18, 15, D:3)
  a +0 mace
(1, 15, D:3)
  2 stones
(0, 16, D:3)
  a stone
(-23, 17, D:3)
  a tomahawk
(-21, 17, D:3)
  a +0 short sword
(-23, 18, D:3)
  3 tomahawks
(8, 18, D:3)
  24 bolts
(-16, 25, D:3)
  a +0 club
(-34, 36, D:3)
  a +0 club

Level 4 of the Dungeon
(0, 0, D:4)
  23 arrows
(-6, 16, D:4)
  a +0 club
(-6, 17, D:4)
  a +0 dagger
(20, 24, D:4)
  16 stones
(2, 27, D:4)
  a +0 dagger of venom
(2, 28, D:4)
  a +0 giant club
(9, 30, D:4)
  a stone
(10, 30, D:4)
  a +2 whip of freezing
  a +0 robe
(17, 30, D:4)
  a +0 dagger
(12, 31, D:4)
  a +0 short sword
(12, 34, D:4)
  a +0 ring mail
(24, 37, D:4)
  a +0 short sword
  a +0 dagger
  a kobold corpse

