Asterion

Level 1 of the Dungeon
(7, 6, D:1)
  15 sling bullets of frost
(35, 9, D:1)
  a stone
(40, 9, D:1)
  a +0 whip
(41, 9, D:1)
  a +0 club
(34, 22, D:1)
  a +0 club
(33, 24, D:1)
  9 poisoned needles
(30, 32, D:1)
  a +0 dagger
(45, 38, D:1)
  2 tomahawks of returning
(26, 41, D:1)
  a cursed +0 cloak

Level 2 of the Dungeon
(0, 0, D:2)
  a +0 robe
(-28, 2, D:2)
  a +0 dagger
(9, 5, D:2)
  a +0 animal skin
(-42, 6, D:2)
  a stone
(-11, 9, D:2)
  a +0 robe
(-31, 12, D:2)
  22 arrows
(-45, 13, D:2)
  a +0 club
(-31, 17, D:2)
  a +0 long sword of holy wrath
(-15, 20, D:2)
  a +0 club
(-48, 27, D:2)
  2 stones
(-49, 28, D:2)
  a stone
(-44, 28, D:2)
  2 stones
(-42, 28, D:2)
  a stone
(-14, 29, D:2)
  a +0 club
(-52, 30, D:2)
  a +0 short sword
(-39, 30, D:2)
  a +0 dagger
(-19, 31, D:2)
  16 arrows of flame
(-13, 32, D:2)
  a stone
(-12, 34, D:2)
  a +0 club
(-13, 35, D:2)
  a cursed +0 whip

Level 3 of the Dungeon
(0, 0, D:3)
  a +0 club
(34, 2, D:3)
  an uncursed amulet of inaccuracy
(36, 2, D:3)
  a +0 dagger
(1, 6, D:3)
  a stone
(2, 6, D:3)
  a stone
(4, 6, D:3)
  a stone
(7, 6, D:3)
  a +0 short sword of electrocution
(30, 13, D:3)
  a +0 club
(30, 16, D:3)
  a +0 dagger
(-11, 19, D:3)
  14 stones
(10, 20, D:3)
  a +0 scimitar
(0, 22, D:3)
  a +0 whip
(0, 23, D:3)
  a +0 spear
(46, 26, D:3)
  22 poisoned needles
(30, 46, D:3)
  a +0 club

Level 4 of the Dungeon
[Shop] Qiawemm's Antique Weapon Boutique
  a +0 hunting sling (42 gold)
  a +0 hand axe (84 gold)
  a +0 spear (84 gold)
  a +0 blowgun (70 gold)
  a +0 hand axe (84 gold)
  a +0 club (28 gold)
  a +0 long sword (98 gold)
  a cursed -3 mace (84 gold)
  a +0 mace (84 gold)
  a +2 halberd of freezing (112 gold)
  a +0 flail (98 gold)
  the +1 trident of Saltpetre {pierce, Noisy rElec rPois Dex+2} (238 gold)
    It inflicts extra damage upon your enemies.
    
    It affects your dexterity (+2).
    It insulates you from electricity.
    It protects you from poison.
    It may make noises in combat.
(36, 4, D:4)
  a +0 dagger
(-12, 11, D:4)
  a +0 dagger
(37, 13, D:4)
  18 arrows
(26, 24, D:4)
  a +0 hammer
(27, 24, D:4)
  a +0 hammer
(28, 24, D:4)
  a +0 hammer
(24, 25, D:4)
  a +0 hammer
(25, 25, D:4)
  a +4 quarterstaff of chaos
  a +0 hammer
(26, 25, D:4)
  a cursed +0 hammer
(27, 25, D:4)
  a +0 hammer
(19, 26, D:4)
  a +1 hammer of crushing
(22, 26, D:4)
  a +0 hammer
(23, 26, D:4)
  a +0 hammer
(26, 26, D:4)
  a +0 hammer
(27, 26, D:4)
  a +0 hammer
(28, 26, D:4)
  a +0 hammer
(19, 27, D:4)
  a +0 hammer
(21, 27, D:4)
  a +0 hammer
(10, 28, D:4)
  a cursed -2 club
(52, 33, D:4)
  4 tomahawks
(46, 38, D:4)
  a +0 war axe
(34, 41, D:4)
  a scroll of immolation

Level 5 of the Dungeon
(0, 0, D:5)
  a +0 club
  (unseen)
(1, 0, D:5)
  a +0 club
  an orc corpse
(1, 1, D:5)
  a +1 flail of protection
  an orc corpse
(8, 2, D:5)
  a +0 animal skin
  a human skeleton
(9, 3, D:5)
  a +0 robe
(7, 5, D:5)
  12 arrows
(8, 8, D:5)
  8 poisoned javelins
  a +0 giant club
(-28, 12, D:5)
  a +0 dagger
(4, 13, D:5)
  a +0 mace of distortion
(9, 18, D:5)
  13 arrows
(10, 21, D:5)
  12 stones
(-18, 30, D:5)
  a +0 halberd
(-17, 30, D:5)
  a +0 club
(-17, 31, D:5)
  a +0 flail
(-16, 31, D:5)
  a +0 club
(-14, 31, D:5)
  a +0 flail
  a +0 chain mail
(10, 31, D:5)
  22 stones
(2, 41, D:5)
  a +0 naga barding
(10, 41, D:5)
  22 bolts

