Dracula

Level 1 of the Dungeon
(0, 0, D:1)
  a +0 short sword
(-21, 7, D:1)
  a +0 ring mail
(18, 12, D:1)
  21 arrows
(-16, 15, D:1)
  a +0 helmet
(-25, 20, D:1)
  a meat ration
(16, 20, D:1)
  a cursed -3 hand axe
(5, 44, D:1)
  a +0 chain mail
(24, 45, D:1)
  a +0 leather armour
(28, 46, D:1)
  a +0 dagger
(29, 46, D:1)
  a +0 dagger
(-31, 50, D:1)
  a +0 dagger
(18, 50, D:1)
  a royal jelly
(21, 50, D:1)
  18 bolts
(-20, 51, D:1)
  a +0 short sword

Level 2 of the Dungeon
(0, 0, D:2)
  a +0 dagger
(4, 1, D:2)
  a +0 dagger
  2 stones
(13, 3, D:2)
  a +0 club
  2 stones
(-21, 10, D:2)
  a +0 club
(5, 11, D:2)
  a stone
(15, 12, D:2)
  9 bolts
(-30, 13, D:2)
  14 bolts of frost
(7, 14, D:2)
  3 stones
(7, 15, D:2)
  a +2 dagger
(9, 15, D:2)
  a +0 short sword
(7, 16, D:2)
  a +0 dagger
(-7, 19, D:2)
  a +0 mace
(-37, 26, D:2)
  a +0 club
(-19, 33, D:2)
  3 fruits
(-12, 33, D:2)
  14 stones
(-30, 34, D:2)
  a +0 flail
  a +0 chain mail
(-20, 35, D:2)
  a bread ration
(-10, 40, D:2)
  a slice of pizza
(-3, 41, D:2)
  a +0 dagger
(11, 45, D:2)
  a bread ration

Level 3 of the Dungeon
(0, 0, D:3)
  a cursed -1 whip
(10, 10, D:3)
  a +0 chain mail
  a +0 club
  a +0 whip
(-8, 12, D:3)
  a +0 short sword
(-29, 14, D:3)
  a jackal corpse
(4, 14, D:3)
  a cursed -3 short sword
(19, 15, D:3)
  a +0 dagger
(1, 17, D:3)
  a royal jelly
(37, 19, D:3)
  21 sling bullets
(15, 20, D:3)
  a +0 whip
(14, 27, D:3)
  a cursed -3 club
(18, 33, D:3)
  a +0 cloak
(25, 34, D:3)
  2 stones
(-13, 41, D:3)
  a +0 dagger
(18, 41, D:3)
  a +0 short sword

Level 4 of the Dungeon
(0, 0, D:4)
  a cursed -2 club
(-1, 12, D:4)
  a scroll of teleportation
(19, 20, D:4)
  a cursed -3 club
(20, 21, D:4)
  a +0 short sword
  a +0 leather armour
(17, 22, D:4)
  a +0 spear
(17, 24, D:4)
  a +0 hunting sling
(-3, 25, D:4)
  a +0 mace
(-10, 26, D:4)
  a poisoned needle
(13, 27, D:4)
  a +0 hunting sling
(40, 29, D:4)
  a +0 dagger
(24, 30, D:4)
  a +0 spear
(-1, 33, D:4)
  a +0 hand axe
  (unseen)
(13, 35, D:4)
  a bread ration
(16, 35, D:4)
  a +3 spear
(48, 35, D:4)
  a meat ration
(2, 37, D:4)
  a +0 flail
  a +0 ring mail

the Ecumenical Temple
(-2, 16, Temple)
  a +0 robe
  a +0 dagger
(1, 16, Temple)
  a +0 war axe
(-1, 18, Temple)
  a +0 robe
  a +0 flail

