                                          ###        ###  
                                      #####.#        #.#  
                           ##       ###.....##########.#  
                           #.      ....................#  
                           #.##########.###.##########.#  
                           #.......#..#.#...[........#.#  
                           #..........#.#..........#.#.#  
                  #.##.#.# #...###.#.##.#.#.####...# #.#  
                 ...#.<#.# #...#<#.#..............## #.#  
                 #..#..#.# #...#.#.#..#.#..<.....    #.#  
               ###..#..#.# #...#.#.#..#.#...##########.#  
               ..........###...#.#.#..#................#  
                ..........................>.#.###.....##  
            ######.......##......#..........#.# #.....#   
           ?....?...#....##...###############.# #.....#   
           >..........##.##.................#.# #.....#   
           ....................############.#.# #.....#   
            #########.##.##.#..#          #.#.# #.....#   
                 #.....#.##.#..#          #.#.# #.....#   
                 #.##%.#)##.#..#          #.#.# #.....#   
                 #  #..#.##.#..#    ...####.#.###.....#   
             ..........#.##.#..#   ...................#   
              .........#.##.#..#    ..................### 
     Z        .........#.##.#..#    .....................#
              .......#.#.##.#..#    .....................#
               .............#        .......#.##.........#
 ########     #.#...##...#..#         ####....##.........#
#........      ..........#..#            #....##......... 
#.##....###### #....###.##..#            #....########### 
#.........O..# #....# #.##..#             ....#           
####....####.# #....# #.##..#              . .            
   #....#  #.# #....# #..#..#                             
   #....#  #[###....####.#..#                             
   #....#  #..o.............#                             
   #....########.h..####....#                             
   #........................#                             
   #####............#####...#                             
       #............#   #...#                             
       #............#   #...#                             
       #.....$......#   #...#                             
 #######............#   #...#                             
 #........o.........#   #.[>#                             
 #.........#########    #.#.#                             
 #.........#  ###########.#.#######                       
 #.........#  #......#............#                       
 #.........#  #.####.#.##.#.#####.#                       
 #......)..#  #.#.##.#.#).#.#   #.#                       
 #.....o)..#  #.#....#....#.#   #.#                       
 #.....O...#  #.#.#########.#   #.#                       
 #.....o...#  #.............#   #.#                       
 #.........#  ###.###########   #.#                       
 #.........#    #.#             #.#                       
 ###########    #.#             #.#                       
                #.#             #.#                       
                #.###############.#                       
                #..†).............#                       
                ###################                       
