                                     #####
                                     #...#
                                     #.###
                                     #.#  
                                     #.#  
                                     #.#  
                                     #.#  
                                     #.## 
                                     #..# 
                                     ##.# 
                                      #.# 
                   ########           #.# 
                ####........          #.# 
                ♣............         #.# 
              ≈≈♣≈............        #.# 
             P≈≈♣♣............        #.# 
             ≈P≈≈♣...§K.§.....        #.# 
             P≈PP...§§§§§.....##.#    #.# 
            ≈P♣≈....§§§K§.....##.#    #.# 
            ♣≈≈.....§###########.#    #.# 
            ♣≈♣......#         #.#    #.# 
            .........#####     #.#    #.# 
            .............####  #.#    #.# 
            #.#####......'..#  #.#    #.# 
            #.######.....##.####.######.##
            #............#...............#
            ############.#..####.#########
                       #.####  #.#        
                       #.#     #.#        
                       #.#######.#        
      ..#.##############.........#        
     ......................#######        
      ..#..##.#####.######.#              
    ... #..##.###≈#.#≈## #.#              
   .....#..##.##≈P...P≈###.#              
     ...#..##.#≈P8P.P8P≈##.#              
      #.#..##.##≈P...P≈# #.#              
  #.###.......##≈..<.♣≈# #.#              
  #........#..#≈.8..♣8♣  #.#              
  #.##.....#..##≈P≈.≈♣≈# #.#              
     #...>.#..###≈#.#≈## #.#              
     +...#.#..# ###.######.#              
 #####.....#..#   #......#                
.......#.###..#####......#                
######............'......#                
#........###..#####......#                
#.###......#..#   #......#                
    ########..#  ##......#                
    ..........#  #.......#                
     ########.#  #.#######                
            #.#  #.#                      
            #.#  #.#                      
            #.# ##.#                      
            #.# #..#                      
            #.###.##                      
            #.##..#                       
            #.##.##                       
            #.#..#                        
            #.#.##                        
            #.#.#                         
            #.#.#                         
            #...#                         
            #####                         
