Asterion

Level 1 of the Dungeon
(0, 0, D:1)
  8 javelins
(-35, 2, D:1)
  8 bolts
(-50, 14, D:1)
  a +0 club
(-44, 16, D:1)
  21 stones
(-33, 27, D:1)
  28 bolts
(-43, 30, D:1)
  a +0 club
(-47, 31, D:1)
  2 tomahawks
(-40, 34, D:1)
  19 stones
(-19, 44, D:1)
  19 stones
(4, 48, D:1)
  a +0 spear
(-39, 52, D:1)
  a +0 club

Level 2 of the Dungeon
(0, 0, D:2)
  4 gold pieces
(1, 1, D:2)
  4 gold pieces
(8, 1, D:2)
  a +0 club
(2, 2, D:2)
  6 gold pieces
(0, 7, D:2)
  a +0 club
(-24, 8, D:2)
  a stone
(-28, 9, D:2)
  14 poisoned needles
(-26, 9, D:2)
  a +0 dagger
(5, 11, D:2)
  23 silver sling bullets
(-3, 16, D:2)
  a +0 robe
(-6, 17, D:2)
  a +0 hand axe
(4, 17, D:2)
  a +0 dagger
(5, 17, D:2)
  a +0 club
(5, 18, D:2)
  a +0 dagger
(-24, 19, D:2)
  a +0 robe
(-9, 19, D:2)
  a +0 club
(-4, 20, D:2)
  13 poisoned needles
(18, 22, D:2)
  28 arrows
(-25, 31, D:2)
  a +0 short sword
(-14, 31, D:2)
  a +0 dagger
(-15, 32, D:2)
  a +0 dagger
(19, 40, D:2)
  a +0 club

Level 3 of the Dungeon
(0, 0, D:3)
  a +0 animal skin
(-7, 12, D:3)
  a +0 robe
(-36, 20, D:3)
  a +0 spear
(-35, 20, D:3)
  a +0 short sword of flaming
(-35, 21, D:3)
  a +0 club
  a cursed -3 club
  a +0 flail
  2 throwing nets
(-23, 21, D:3)
  a +0 falchion
(-35, 22, D:3)
  a +0 leather armour
(-35, 23, D:3)
  a stone
(-35, 25, D:3)
  a stone
(-35, 26, D:3)
  a stone
(-29, 27, D:3)
  7 poisoned needles
(-35, 28, D:3)
  2 stones
(-50, 34, D:3)
  8 tomahawks
(-25, 34, D:3)
  a +0 whip
  a +0 ring mail
  a +0 club
  a +0 leather armour
(-32, 35, D:3)
  a +0 dagger
(-24, 35, D:3)
  a +0 trident
(-1, 46, D:3)
  a +0 club

Level 4 of the Dungeon
(24, 22, D:4)
  a +0 dagger
(14, 27, D:4)
  a +0 great mace
  (unseen)
(25, 28, D:4)
  a +0 club
(24, 29, D:4)
  a +0 hand axe
  (unseen)

