             ♣♣♣♣♣♣♣♣♣♣♣♣♣♣♣♣♣♣♣♣♣♣♣♣♣♣♣     ******           
            ♣♣≈≈♣♣≈♣≈.≈.♣§.§≈.≈≈♣♣.≈.≈.♣♣    *,≈≈≈*  ****     
            ♣.≈.≈≈≈≈≈≈≈..≈≈≈RR≈.≈.<.≈≈≈.♣    *,≈≈,* **,,*     
           ♣♣♣.<≈.≈≈≈D....≈≈..≈♣...P.≈≈.♣** **,,,,***≈≈,**    
           ♣≈R..♣≈≈.%≈...≈§≈.v≈♣♣♣..♣≈≈≈.≈♣**,,*,≈,**≈≈≈≈*    
        ♣♣♣♣.≈≈R♣♣..≈≈≈≈≈#≈≈≈..♣♣♣.♣♣♣≈≈♣♣♣≈,≈≈≈≈≈≈,,,≈≈,*    
       ♣♣≈♣≈.≈≈§♣♣..≈♣♣.###≈..≈.§.≈♣ *♣♣♣ **,,≈*≈≈≈≈≈≈≈≈≈**** 
     ♣♣♣..♣♣≈.≈.♣≈≈#♣♣*♣♣ ###.§≈.≈≈♣*   ***≈≈≈,***≈≈≈≈≈,≈≈,≈* 
    ♣♣..≈§♣♣.≈?≈§≈##********♣♣≈.<≈≈≈♣   *≈*≈,≈≈***≈≈≈≈≈≈**,,**
    ♣≈....≈≈...§.♣#**,,≈,,,**##≈≈≈.≈♣   **≈≈*,,,*,≈≈≈≈≈,*,≈≈≈*
    ♣♣≈§≈≈♣♣♣≈.≈##*≈≈,≈≈,≈,,,*#♣.≈≈≈♣   ***,,***≈≈≈≈≈≈≈,**≈≈≈*
 ****♣.≈.≈.♣≈..##*,,≈,,≈≈≈≈≈,,*#.≈..♣****≈≈≈≈**≈,≈≈,≈,********
**,..≈≈≈≈≈...§≈##,,,,,,≈..≈,,,,....≈≈,,,*,≈≈≈,≈,*≈****≈*****  
*,≈≈≈§≈≈≈.....≈≈#*,,,,≈.§..,,,,#♣≈≈.≈w≈≈,,≈≈≈≈***** *≈≈,,,,***
*≈≈§≈≈≈≈≈≈≈§.≈≈/##*,,,,§..,,,***..≈≈≈≈≈≈,*,≈≈≈,**   *≈≈≈,≈≈≈≈*
***≈≈≈≈≈≈≈...≈≈.≈##*,,.≈≈,*****,≈,,≈≈≈≈≈≈,***,≈,*  **,≈≈≈≈≈≈,*
  **≈.≈≈≈≈)≈....≈≈♣#*#.###****,,,,,≈*,*≈≈≈≈***≈≈*  *≈≈≈≈≈≈≈≈≈*
   **♣♣♣♣♣.≈≈≈.≈...♣#....#**≈≈≈≈≈,,,≈≈,,,≈≈,*****  *,≈≈≈≈≈≈≈**
         ♣♣§≈≈≈≈T.R@..♣♣!≈.≈≈≈≈≈≈≈,,,,≈,*****      *≈≈≈≈≈≈≈** 
          ♣♣.≈≈≈.R..≈§(≈..≈≈≈,≈≈≈≈.,,,,≈,*         **≈≈**≈,*  
           ♣♣≈..≈♣♣≈≈≈.?.≈.≈,..)v≈≈≈.≈≈,**          ********  
           ♣♣≈≈≈.♣♣♣♣§≈≈≈...,,vF≈≈≈.≈..**                     
          ♣♣.≈≈.≈♣  *♣♣R..≈.,≈♣≈§≈≈≈...♣                      
          ♣.≈≈♣♣♣♣    *≈.≈≈,,,♣≈≈≈≈≈...♣                      
        ♣♣♣.≈.♣.≈♣♣   **.≈≈≈≈**≈≈≈≈≈k.♣♣                      
        ♣.≈.♣♣♣≈≈≈♣♣♣  *≈≈≈≈,**♣P≈≈k≈≈≈♣                      
       ♣♣≈≈≈♣ ♣≈≈≈.≈♣  *≈≈≈≈** ♣§≈≈≈≈.≈♣♣♣                    
     ♣♣♣≈..♣♣ ♣♣≈≈≈.♣♣ *,≈≈≈*♣♣♣♣.i≈≈≈≈≈≈♣                    
    ♣♣≈.≈≈§.♣ ♣≈≈≈≈≈§♣ *****♣♣≈≈≈)♣♣♣≈≈≈≈♣                    
    ♣≈.≈≈≈≈.♣♣♣≈≈≈≈..♣♣♣♣   ♣≈≈≈≈♣♣ *≈≈≈.**                   
    ♣≈≈.≈≈.≈♣≈≈≈≈≈≈≈≈♣≈≈♣♣♣♣♣.≈≈.♣  *,,≈,,*                   
    ♣♣♣≈...≈≈≈≈≈≈≈≈≈≈≈♣.♣≈.≈..≈♣♣♣  *,≈≈≈≈*                   
      ♣.≈≈.♣≈≈≈≈≈≈≈§≈≈..≈≈≈≈≈≈.≈♣   **≈*,≈*                   
      ♣≈≈≈♣♣.≈≈≈≈≈≈≈≈≈..≈≈≈.≈≈≈≈♣♣♣♣♣******                   
      ♣♣...≈≈≈≈≈≈§≈≈≈≈≈.≈≈≈≈≈≈≈≈.≈≈≈♣ *♣♣♣♣                   
       ♣♣.≈≈≈≈≈≈≈≈≈≈≈.≈..<≈≈≈≈≈≈≈≈≈≈♣♣♣≈.≈♣                   
      ♣♣≈.≈≈≈≈≈≈..≈≈.≈≈≈.≈.≈≈≈^≈≈≈§..≈≈§≈.♣                   
      ♣...≈≈≈≈≈≈.♣♣≈≈≈≈≈≈≈♣.≈≈♣♣≈≈..≈≈≈≈≈.♣                   
     ♣♣≈≈≈≈≈≈≈≈≈...≈≈≈≈≈≈♣♣♣.♣♣♣≈≈§......♣♣                   
     ♣≈≈≈≈≈≈≈÷≈≈♣≈.≈≈≈≈≈≈.♣♣♣♣ ♣≈≈..♣♣♣♣♣♣                    
     ♣♣♣.≈≈≈♣♣♣♣≈≈≈≈..≈≈.≈♣    ♣..♣♣♣                         
 ♣♣♣ ♣♣≈.≈≈≈♣  ♣♣.≈≈♣♣♣♣♣♣♣ ♣♣♣♣)..♣                          
 ♣.♣♣♣≈≈♣.≈♣♣   ♣♣♣♣♣      ♣♣..(..♣♣♣                         
♣♣≈.♣§≈.♣♣♣♣               ♣..≈..≈≈§♣♣♣♣♣♣                    
♣≈≈≈≈≈..♣                  ♣♣♣.♣.≈≈≈.§≈≈≈♣                    
♣♣.§≈♣♣♣♣                    ♣.≈≈≈≈.≈≈≈§.♣♣♣♣                 
 ♣♣♣♣♣                      ♣♣≈≈≈..♣♣≈.≈≈§≈.♣                 
                            ♣≈≈≈.≈♣♣♣♣♣♣≈≈≈≈♣                 
                            ♣♣♣♣♣♣♣    ♣♣≈♣♣♣                 
                                        ♣♣♣                   
