                   #..                   
                #.##...                  
               .......##                 
                .......                  
                 ......        .P.       
             ..   ....    PP  P.P.       
             #..   ..####.P.   ...       
            ##..####......P.P.PPP.PPPPP  
            #.............P.P[..P.....P# 
            #........####.P.PPPPP.PPPPP##
           .#...#....##.....P...........#
          ...........##...P.P.PPP.P.PPP.#
          ...#........<...P.P...P.P...P.#
         .(....##...###...PPPPPPPPP.PPP.#
            ###.....# #........#.##.###.#
              #.#...# ##..####...#..###.#
              #.#..## #............###..#
             ##....#  #.#.########.# #.##
          #  #÷#.#.####.#........#.# #.# 
          #...#.........########.#.# #.# 
          #..##.##.###).#        #.###.# 
          #.#...#..# #..#.########..##.# 
      .........#..## #..#........#..##.# 
       #.##.......## #..########.#..#..# 
          #....≈P..###..#..W.....#..#.## 
          ##.§≈≈≈...##..#.########....#  
           #§§§§≈≈P.##...............##  
         ###§§≈§§...#..###..###.##.(.#   
          ..§§§§§≈..#..# #.###..##..##   
          #.§§P§§...#..# #.###.##...#    
          #..§§§......####.##..##..##    
          #..#####....# #..##.###..#     
         ##..<.....#..# #.##..###..#     
         #..###.##.#..###.##.###...#     
         #..# #.#..#..##..##.# #..##     
        ##.## #.#.##..##.###.# #.(#      
        #..#  #...##..##.##..# #..#      
        #..#  #..###..#..##.####.##      
       ##.##  #..##..##.##..# #..#       
       #..#   #..##..#..##.## #..#       
     ###..#####.###....###.#  #.##       
.#####.....[....###.######.####.#        
.........#####..................#        
.######..####..####.##########.##        
..............................)#         
 ###############################         
