Dracula

Level 1 of the Dungeon
(0, 0, D:1)
  a +0 robe
(36, 1, D:1)
  a +0 whip
(31, 4, D:1)
  10 stones
(-8, 9, D:1)
  a +0 leather armour
(24, 10, D:1)
  a +0 dagger
(26, 10, D:1)
  a +0 dagger
(27, 11, D:1)
  a +0 robe
(29, 12, D:1)
  a +0 club
(38, 12, D:1)
  a +0 dagger
(5, 14, D:1)
  15 stones
(23, 14, D:1)
  17 poisoned arrows
(8, 18, D:1)
  a stone
(6, 19, D:1)
  a stone
(4, 20, D:1)
  a stone
(5, 21, D:1)
  a stone
(2, 24, D:1)
  a +0 dagger
(51, 26, D:1)
  a +0 club
(0, 40, D:1)
  a beef jerky
(8, 50, D:1)
  a +0 dagger
(6, 52, D:1)
  a cursed +0 short sword
  3 stones
(46, 53, D:1)
  20 arrows

Level 2 of the Dungeon
(0, 0, D:2)
  a +0 whip
(2, 0, D:2)
  a stone
(3, 1, D:2)
  a stone
  a +0 spear
(-25, 5, D:2)
  a +0 leather armour
(2, 6, D:2)
  a +0 club
(10, 7, D:2)
  a +0 quarterstaff
(-25, 11, D:2)
  a +0 whip
(19, 14, D:2)
  a meat ration
(-24, 17, D:2)
  20 stones
(-8, 17, D:2)
  a +0 hand axe
(23, 17, D:2)
  a +0 hunting sling
(-3, 18, D:2)
  a +0 club
(-1, 18, D:2)
  a +0 leather armour
(-3, 26, D:2)
  a +0 hunting sling
(29, 31, D:2)
  a stone
(28, 32, D:2)
  a stone
(35, 32, D:2)
  a +0 mace
(27, 34, D:2)
  a +0 hunting sling
  20 stones
(-6, 38, D:2)
  a +0 dagger
(29, 43, D:2)
  a bread ration
(13, 48, D:2)
  a +0 club
(0, 51, D:2)
  a +0 short sword

Level 3 of the Dungeon
(0, 0, D:3)
  15 bolts
(-23, 3, D:3)
  a +0 dagger
(-5, 3, D:3)
  a +0 hand axe
(37, 5, D:3)
  a +0 club
(5, 6, D:3)
  3 fruits
(26, 6, D:3)
  a +0 club
(-1, 9, D:3)
  a +0 whip
(26, 13, D:3)
  a +0 arbalest
(25, 15, D:3)
  a +0 club
(7, 18, D:3)
  16 stones
(29, 21, D:3)
  a +0 club
(32, 21, D:3)
  10 poisoned arrows
(32, 23, D:3)
  10 sling bullets
(-19, 25, D:3)
  5 steel javelins
(-14, 26, D:3)
  a +0 robe
(24, 28, D:3)
  a +0 blowgun

Level 4 of the Dungeon
(0, 0, D:4)
  7 tomahawks
(-17, 2, D:4)
  14 bolts
(-13, 3, D:4)
  a +0 club
(-24, 4, D:4)
  a +0 club
(-14, 5, D:4)
  a meat ration
(-28, 6, D:4)
  18 arrows
(-27, 8, D:4)
  14 silver sling bullets
(-10, 14, D:4)
  a +0 spear
(-51, 17, D:4)
  3 stones
(-51, 22, D:4)
  a stone
(-30, 25, D:4)
  a bread ration
(-28, 25, D:4)
  a potion of poison
(-38, 26, D:4)
  a +0 dagger
(-36, 26, D:4)
  a +0 robe
(-49, 28, D:4)
  a +1 antimagic short sword
(-47, 28, D:4)
  a +2 antimagic whip
(-22, 31, D:4)
  a +0 short sword
(-21, 31, D:4)
  a +0 scale mail
  a +0 short sword
  a +0 whip
  a +0 whip
  a cursed +0 leather armour
  a +0 hand axe
(-35, 38, D:4)
  a slice of pizza
(-16, 38, D:4)
  a +0 leather armour
  a +0 war axe
(10, 39, D:4)
  a +0 club
  4 stones
(-51, 40, D:4)
  a +0 whip
(-50, 41, D:4)
  a +0 halberd
(-40, 44, D:4)
  a +0 dagger
(-9, 44, D:4)
  a +0 trident
(-42, 45, D:4)
  a +0 robe
(14, 45, D:4)
  a +0 hunting sling
  18 stones
(-53, 47, D:4)
  a +0 short sword
  a +0 blowgun
(-17, 50, D:4)
  9 stones
(-14, 50, D:4)
  a cursed -3 hand axe
  5 javelins
(-14, 51, D:4)
  2 javelins
  a +0 robe
  a +0 dagger
  a +0 scale mail of poison resistance
  a +0 whip
  a +0 robe
  a +0 dagger
(-34, 54, D:4)
  a cursed +0 scale mail
(-14, 54, D:4)
  a javelin
  21 stones

Level 5 of the Dungeon
(0, 0, D:5)
  a +0 dagger
(-19, 1, D:5)
  a cursed +0 dagger
(9, 3, D:5)
  a +0 giant club
(-7, 8, D:5)
  a +0 club
(-62, 12, D:5)
  a +0 robe
  a cursed +0 dagger
(-62, 14, D:5)
  a +0 dagger
  a +0 leather armour
(-18, 16, D:5)
  a royal jelly
(-31, 24, D:5)
  a bread ration
(-48, 29, D:5)
  a meat ration
(7, 30, D:5)
  a +0 whip
  5 stones
(-39, 34, D:5)
  a +0 mace
  a +0 morningstar
  a +0 club
  a +0 falchion
(-19, 38, D:5)
  27 arrows
(6, 38, D:5)
  a +2 flail of protection
  a +0 chain mail
(-51, 55, D:5)
  a cursed -3 dagger

Level 6 of the Dungeon
(0, 0, D:6)
  25 stones
(3, 6, D:6)
  2 scrolls of random uselessness
(44, 9, D:6)
  a +0 robe
  a cursed -2 dagger
(45, 10, D:6)
  a +0 shortbow
  19 arrows
(41, 11, D:6)
  a +0 leather armour
  a +0 falchion
(45, 12, D:6)
  a +0 hand axe
(39, 13, D:6)
  a +0 chain mail
  a +0 battleaxe
(-7, 15, D:6)
  3 javelins
(18, 23, D:6)
  a +0 spear
(26, 24, D:6)
  a bread ration
(3, 29, D:6)
  a +0 club
(20, 33, D:6)
  3 tomahawks
(34, 34, D:6)
  a +3 quarterstaff of chaos
  a +0 cloak
(34, 35, D:6)
  a cursed -2 hammer
(41, 41, D:6)
  a meat ration
(54, 48, D:6)
  a +0 shortbow of evasion
  24 arrows
(50, 50, D:6)
  17 sling bullets
(23, 58, D:6)
  2 stones

Level 7 of the Dungeon
(0, 0, D:7)
  a +0 dagger
(36, 4, D:7)
  a +2 mace of protection
(39, 6, D:7)
  a +0 short sword
  5 tomahawks
  a +0 long sword
  a +0 chain mail
(-28, 8, D:7)
  a +0 chain mail
(-22, 12, D:7)
  2 potions of poison
(-22, 18, D:7)
  a +0 robe
  a +0 trident
(-9, 18, D:7)
  an arrow
(15, 21, D:7)
  a +0 robe
  a +0 scythe
(36, 21, D:7)
  a +0 pair of boots
(22, 24, D:7)
  a bread ration
(17, 26, D:7)
  a +0 scale mail
(-23, 27, D:7)
  a +1 hand axe of pain
  a cursed -3 hand axe
  a +0 leather armour
  a +0 club
  a +0 ring mail
  a +0 club
(-16, 28, D:7)
  a +0 club
(-6, 31, D:7)
  a +0 robe
  a +0 dagger
  a +0 robe
  a +0 dagger
(-6, 32, D:7)
  a +0 club
(-6, 33, D:7)
  a +0 club
  a +0 club
(-19, 34, D:7)
  a +0 chain mail
  a +0 hand axe
(-2, 37, D:7)
  a +0 club
(-31, 38, D:7)
  a +0 whip
(2, 38, D:7)
  4 tomahawks
  a +0 club
(-17, 39, D:7)
  a +0 club
(7, 44, D:7)
  25 stones
(20, 45, D:7)
  a +0 mace
  14 stones
  a +0 leather armour
(3, 46, D:7)
  2 bread rations
(3, 47, D:7)
  2 bread rations
(5, 47, D:7)
  a +0 dagger
  a +0 robe
(35, 47, D:7)
  a +0 plate armour
(-8, 49, D:7)
  a +0 whip of electrocution
  a +0 robe
(10, 52, D:7)
  a +0 animal skin
  a +0 animal skin
(1, 54, D:7)
  a +0 animal skin
(5, 56, D:7)
  a +0 animal skin

Level 8 of the Dungeon
(0, 0, D:8)
  14 arrows
  a +0 shortbow
(2, 0, D:8)
  an arrow
(3, 1, D:8)
  an arrow
(38, 3, D:8)
  21 stones
(21, 6, D:8)
  an arrow
(26, 6, D:8)
  2 arrows
(29, 6, D:8)
  5 arrows
  a +0 shortbow
(23, 7, D:8)
  2 arrows
(27, 13, D:8)
  3 stones
(28, 17, D:8)
  a stone
(45, 19, D:8)
  a +0 flail
(26, 20, D:8)
  a bread ration
(35, 21, D:8)
  a +0 dagger
(58, 21, D:8)
  a +0 long sword
(17, 27, D:8)
  a +0 dagger
  a +0 robe
(39, 27, D:8)
  a +0 dagger
(47, 27, D:8)
  a +2 hat
(42, 34, D:8)
  a +0 cloak
(58, 48, D:8)
  a +0 giant club
  a +0 robe
(25, 49, D:8)
  a bread ration

Level 9 of the Dungeon
(0, 0, D:9)
  a +3 shortbow of velocity
  8 arrows
  a +0 quarterstaff
  a +0 hunting sling
  32 sling bullets
  a +0 leather armour
(-1, 4, D:9)
  a cursed -2 cutlass
(16, 12, D:9)
  a potion of poison
(-13, 20, D:9)
  5 tomahawks
(-38, 21, D:9)
  a +0 chain mail
(-25, 24, D:9)
  a +0 pair of boots
(-12, 25, D:9)
  a meat ration
(-34, 32, D:9)
  a +0 whip
(-31, 32, D:9)
  a +0 flail
(18, 37, D:9)
  a +0 shortbow
  20 arrows

Level 10 of the Dungeon
(0, 0, D:10)
  a +0 short sword
(-6, 1, D:10)
  a +0 dagger (still there?)
  a cursed -1 whip (still there?)
(-1, 1, D:10)
  a cursed +0 leather armour
(-4, 2, D:10)
  29 arrows
  a +0 shortbow
(-13, 3, D:10)
  a +0 dagger
  a +0 robe
(-42, 4, D:10)
  a +0 leather armour
(-14, 5, D:10)
  a +3 ring mail
(-30, 9, D:10)
  a +0 dagger
  a cursed -2 robe
(-52, 12, D:10)
  a +0 animal skin
  a +1 spear
(-27, 12, D:10)
  a +0 dagger
  a +0 robe
  a +1 short sword of venom
(-42, 21, D:10)
  a +0 dagger
(-18, 21, D:10)
  a scroll of random uselessness
(-44, 36, D:10)
  a +0 chain mail
(-43, 38, D:10)
  a +0 club
  a +0 club
(-38, 38, D:10)
  a poisoned needle
(-18, 40, D:10)
  a +1 dagger of electrocution
  3 stones
(-17, 42, D:10)
  a stone
(-39, 44, D:10)
  a +0 club
(-52, 46, D:10)
  a scroll of immolation
(-66, 50, D:10)
  32 stones
(-17, 51, D:10)
  a +0 mace
(-23, 59, D:10)
  a wand of flame (9)
  a +0 flail

Level 11 of the Dungeon
(0, 0, D:11)
  a +0 shortbow
  18 arrows
(1, 0, D:11)
  a +0 cutlass
(34, 1, D:11)
  20 arrows
(39, 7, D:11)
  25 stones
(15, 15, D:11)
  a +0 shortbow
(-1, 16, D:11)
  a +1 mace of holy wrath
(1, 18, D:11)
  28 arrows
(32, 21, D:11)
  21 stones
(45, 23, D:11)
  a cursed -3 flail
(45, 25, D:11)
  a +0 quarterstaff
(3, 28, D:11)
  a +0 dagger
  a +0 robe
  a +0 short sword
  a +0 mace
(2, 29, D:11)
  a +0 dagger
(4, 29, D:11)
  a +0 whip
(43, 30, D:11)
  2 poisoned arrows
(44, 31, D:11)
  a poisoned arrow
(50, 31, D:11)
  a scroll of random uselessness
(45, 32, D:11)
  a stone
  a poisoned arrow
(46, 32, D:11)
  2 stones
(47, 32, D:11)
  a stone
  a poisoned arrow
(3, 33, D:11)
  a +0 whip
(38, 33, D:11)
  5 exploding sling bullets
(44, 33, D:11)
  a poisoned arrow
(0, 35, D:11)
  a +0 blowgun
  a +0 whip
(44, 35, D:11)
  a +0 chain mail
(46, 36, D:11)
  a poisoned arrow
(45, 37, D:11)
  a poisoned arrow
(44, 38, D:11)
  a poisoned arrow
(45, 39, D:11)
  a stone
(44, 40, D:11)
  a poisoned arrow
(32, 42, D:11)
  a +0 long sword
(42, 42, D:11)
  a poisoned arrow
(13, 43, D:11)
  a +2 dagger of chaos
  a +0 robe
(41, 43, D:11)
  4 poisoned arrows
(3, 44, D:11)
  26 arrows
(22, 45, D:11)
  a +2 longbow of flaming
  a +1 centaur barding
(39, 45, D:11)
  a poisoned arrow
(39, 46, D:11)
  2 poisoned arrows
(2, 49, D:11)
  a +0 dagger
  a cursed +0 robe

Level 12 of the Dungeon
(0, 0, D:12)
  a wand of random effects (7)
(7, 0, D:12)
  22 stones
(11, 1, D:12)
  8 tomahawks of returning
(25, 1, D:12)
  a +0 club
(29, 3, D:12)
  17 bolts of flame
(8, 5, D:12)
  an uncursed ring of fire
(-9, 15, D:12)
  a +0 dagger
(-16, 16, D:12)
  29 arrows
(-12, 23, D:12)
  21 stones
(-14, 24, D:12)
  a steam dragon hide
(18, 24, D:12)
  18 stones
(12, 25, D:12)
  a +0 flail
(3, 30, D:12)
  12 stones
(3, 33, D:12)
  a cursed +3 mace
  a +0 robe
  a +2 short sword of draining
  a +0 robe
(3, 34, D:12)
  a +0 great sword
  a +0 robe
  a +3 halberd
  a +0 robe
(4, 34, D:12)
  a cursed +1 halberd of protection
  a +0 robe
(24, 36, D:12)
  a bread ration
(2, 40, D:12)
  a +0 shortbow
(13, 40, D:12)
  a +0 ring mail
(14, 40, D:12)
  21 stones
(-12, 46, D:12)
  a +0 giant club
(3, 47, D:12)
  a +0 pair of boots

Level 13 of the Dungeon
(0, 0, D:13)
  an arrow
(1, 0, D:13)
  3 arrows
(1, 1, D:13)
  an arrow of flame
(2, 1, D:13)
  a +0 shortbow
  an arrow of dispersal
(3, 1, D:13)
  a bolt
(0, 2, D:13)
  a +0 shortbow
  12 arrows of flame
  a +0 shortbow
  15 arrows
(1, 2, D:13)
  an arrow
(-8, 3, D:13)
  a +0 large shield
(0, 3, D:13)
  a bolt
  a +0 shortbow
  12 arrows
(0, 4, D:13)
  4 arrows
(4, 4, D:13)
  a bolt
(0, 5, D:13)
  a +1 shortbow of flaming
  22 arrows
(0, 6, D:13)
  2 arrows
(0, 7, D:13)
  2 arrows
(0, 8, D:13)
  an arrow
(1, 8, D:13)
  an arrow
(-16, 17, D:13)
  a +0 club
(-10, 17, D:13)
  a scroll of immolation
(2, 17, D:13)
  an arrow
(3, 17, D:13)
  an arrow
(2, 18, D:13)
  an arrow
(0, 20, D:13)
  an arrow
(-2, 21, D:13)
  2 arrows
(-2, 24, D:13)
  17 stones

the Ecumenical Temple

Level 1 of the Orcish Mines
(12, 2, Orc:1)
  a +0 flail
  a +0 scale mail
  a +0 mace
  a +0 short sword
  a +0 leather armour
(8, 3, Orc:1)
  a +0 club
  a +0 leather armour
(10, 3, Orc:1)
  a +0 trident

Level 2 of the Orcish Mines
[Shop] Olusera's Assorted Antiques
  a scroll of enchant armour (172 gold)
  a +0 falchion (69 gold)
  a +1 antimagic glaive (149 gold)
  an uncursed ring of poison resistance (460 gold)
  a cursed -3 club (23 gold)
  a +0 flail (80 gold)
  a potion of restore abilities (69 gold)
  a +0 scale mail (92 gold)
(-3, 4, Orc:2)
  a +0 dagger
  a +0 leather armour
(-26, 6, Orc:2)
  a +0 dagger
  a +0 robe
(-8, 6, Orc:2)
  a +0 dagger of venom
  a +3 flail
  a +0 leather armour
(9, 6, Orc:2)
  a +0 club
  a +0 ring mail
(13, 6, Orc:2)
  a +0 dagger
(-9, 7, Orc:2)
  a +0 flail
(-8, 7, Orc:2)
  a +0 short sword
(-26, 8, Orc:2)
  a +0 long sword
  a +0 chain mail
(-24, 8, Orc:2)
  a +0 mace
(-8, 8, Orc:2)
  a +0 hand axe
(-29, 9, Orc:2)
  a +0 morningstar
  a +0 leather armour
(2, 9, Orc:2)
  a cursed +0 short sword
(-33, 10, Orc:2)
  a +0 falchion
  a +0 leather armour
(-27, 10, Orc:2)
  a stone
(-26, 10, Orc:2)
  a large rock
(-25, 10, Orc:2)
  a stone
(-24, 10, Orc:2)
  2 stones
(-23, 10, Orc:2)
  a stone
(-27, 11, Orc:2)
  a stone
(-26, 11, Orc:2)
  a large rock
(-25, 11, Orc:2)
  a large rock
  a stone
(-24, 11, Orc:2)
  a stone
(-23, 11, Orc:2)
  a stone
(-26, 12, Orc:2)
  a stone
(-25, 12, Orc:2)
  2 stones
(-24, 12, Orc:2)
  a stone
(-26, 13, Orc:2)
  a large rock
(-24, 13, Orc:2)
  a +0 club
  a stone
(-5, 19, Orc:2)
  a +0 dagger
(-7, 20, Orc:2)
  a +0 hand axe
  a +0 ring mail
(-6, 20, Orc:2)
  a +0 dagger
  a cursed +0 ring mail
(-7, 21, Orc:2)
  a +0 dagger
  a +0 robe
(-23, 27, Orc:2)
  a +0 club
  4 tomahawks
(10, 28, Orc:2)
  a +0 giant club
(3, 33, Orc:2)
  a +0 dagger
(6, 34, Orc:2)
  a +0 dagger
(16, 36, Orc:2)
  a +0 flail

Level 3 of the Orcish Mines
(0, 0, Orc:3)
  a +2 short sword of venom
(0, 2, Orc:3)
  a +0 short sword
(10, 2, Orc:3)
  a +0 short sword
(0, 3, Orc:3)
  a +2 mace of protection
  a +0 chain mail
  a +0 giant club
(13, 7, Orc:3)
  a +0 hand axe
(12, 9, Orc:3)
  a +0 flail
(14, 9, Orc:3)
  a +0 ring mail
(17, 19, Orc:3)
  a +0 flail
  a +0 chain mail
  a +0 falchion
  a +0 short sword
  a +0 leather armour
(18, 20, Orc:3)
  a +0 hand axe
  a +0 leather armour
(18, 23, Orc:3)
  a +2 hand axe of flaming
  a +0 leather armour
(21, 23, Orc:3)
  a +0 war axe
  a +0 chain mail
(18, 24, Orc:3)
  a +0 hand axe
(20, 24, Orc:3)
  a +0 dagger
  a cursed +0 robe
(6, 27, Orc:3)
  a -1 robe
  a +0 dagger
(7, 27, Orc:3)
  a +0 club
(5, 28, Orc:3)
  a +0 dagger
  a +0 robe
(6, 28, Orc:3)
  a +0 mace
(24, 28, Orc:3)
  a +0 flail
(25, 28, Orc:3)
  a +1 flail of holy wrath
  a +0 leather armour
(5, 29, Orc:3)
  a +0 leather armour
(-6, 31, Orc:3)
  a +0 club
  a +0 leather armour
(-6, 32, Orc:3)
  a +0 short sword
(-2, 32, Orc:3)
  a +0 chain mail
(16, 33, Orc:3)
  a troll hide
(-5, 34, Orc:3)
  a +0 whip of venom

Level 4 of the Orcish Mines
[Shop] Riax's Antique Armour Emporium
  a +0 pair of boots (121 gold)
  the cursed -4 ring mail of Distant Shores {Str+4 Dex+3} (243 gold)
    It affects your strength (+4).
    It affects your dexterity (+3).
    It has a curse placed upon it.
  a +0 pair of boots (121 gold)
  a +0 leather armour (54 gold)
  a +0 plate armour (621 gold)
  a +4 chain mail of fire resistance (121 gold)
  a +0 ring mail (108 gold)
  a +3 leather armour of cold resistance (54 gold)
  a +2 robe of cold resistance (18 gold)
  a +0 scale mail (108 gold)
  a +0 shield (121 gold)
[Shop] Ivaot's Magic Scroll Shop
  a scroll of remove curse (42 gold)
  a scroll of magic mapping (49 gold)
  a scroll of fog (28 gold)
  a scroll of identify (28 gold)
  a scroll of identify (28 gold)
  a scroll of silence (105 gold)
  a scroll of enchant weapon (105 gold)
  a scroll of immolation (49 gold)
  a scroll of teleportation (42 gold)
  a scroll of magic mapping (49 gold)
  a scroll of identify (28 gold)
[Shop] Plys' Magic Scroll Shoppe
  a scroll of brand weapon (260 gold)
  a scroll of torment (97 gold)
  a scroll of identify (26 gold)
  3 scrolls of teleportation (117 gold)
  a scroll of noise (13 gold)
  a scroll of enchant armour (97 gold)
  a scroll of enchant armour (97 gold)
  a scroll of identify (26 gold)
[Shop] Ugoukkan's Antique Weapon Boutique
  a +0 club (30 gold)
  a +0 hand axe (90 gold)
  a +0 morningstar (120 gold)
  a +4 whip of flaming (75 gold)
  a +1 flail of protection (105 gold)
  a +0 club (30 gold)
  a +0 quarterstaff (120 gold)
  a +0 quarterstaff (120 gold)
  a +0 short sword (90 gold)
  a +0 morningstar (120 gold)
  a +0 hand axe of flaming (90 gold)
[Shop] Thraret's Antique Armour Shop
  a +4 scale mail (100 gold)
  a +0 leather armour (50 gold)
  a +0 robe (17 gold)
  a +1 troll leather armour (375 gold)
  a cursed +0 large shield (112 gold)
  a +0 leather armour (50 gold)
  a +0 buckler (112 gold)
  a +0 plate armour (575 gold)
  a cursed -2 plate armour (575 gold)
(0, 0, Orc:4)
  a +2 dagger of venom
  a +0 robe
  a +0 dagger
(1, 0, Orc:4)
  a +2 dagger of electrocution
  a +0 leather armour
(2, 0, Orc:4)
  a +0 dagger
  a +0 robe
(19, 0, Orc:4)
  a +0 battleaxe
  a +0 plate armour
(23, 0, Orc:4)
  a +0 hand axe
(0, 2, Orc:4)
  a +0 flail
  a +0 ring mail
(1, 2, Orc:4)
  a +0 mace
  a +0 club
(2, 2, Orc:4)
  a +1 falchion of holy wrath
(1, 3, Orc:4)
  a +0 halberd
  a +0 chain mail
(-21, 5, Orc:4)
  a +0 mace
  a +0 leather armour
(-20, 5, Orc:4)
  a +0 club
(-20, 6, Orc:4)
  a +0 dagger
  a +0 dagger
  a +0 robe
  a +0 flail
  a cursed +0 leather armour
  a +0 hand axe
(-19, 6, Orc:4)
  a +0 dagger
  a +0 robe
(-21, 7, Orc:4)
  a +0 falchion
(-20, 7, Orc:4)
  a +0 falchion
(-23, 9, Orc:4)
  a +0 short sword
  a +0 chain mail
(16, 14, Orc:4)
  a +0 war axe
(-12, 15, Orc:4)
  a +1 dagger of speed
  a +0 robe
  a +0 flail
(-11, 15, Orc:4)
  a +0 dagger
  a +0 robe
(16, 15, Orc:4)
  a +0 falchion of electrocution
  a +3 chain mail
(-12, 16, Orc:4)
  a +0 trident
(16, 16, Orc:4)
  a +0 short sword
  a +0 plate armour
(17, 16, Orc:4)
  a +0 leather armour
(23, 16, Orc:4)
  a +0 dagger
  a +0 robe
(27, 16, Orc:4)
  a +0 hand axe
  a +0 chain mail
(-12, 17, Orc:4)
  a +0 club
(-10, 17, Orc:4)
  a +0 hand axe of freezing
(4, 17, Orc:4)
  a +0 dagger
  a +0 robe
(24, 17, Orc:4)
  a +1 mace of protection
  a +0 leather armour
(26, 17, Orc:4)
  a +0 falchion
  a +0 leather armour
(5, 18, Orc:4)
  a +0 whip
  4 tomahawks
(6, 18, Orc:4)
  a cursed -1 club
  a +0 ring mail
(10, 19, Orc:4)
  a +0 club
(-9, 20, Orc:4)
  a +0 club
(-8, 20, Orc:4)
  2 tomahawks
(-7, 20, Orc:4)
  a +0 halberd
  a +0 plate armour
(4, 21, Orc:4)
  a +1 dagger of holy wrath
  a +1 vampiric dagger
  a cursed +0 robe
(-5, 22, Orc:4)
  2 tomahawks
(2, 23, Orc:4)
  a +0 dagger
  a +0 club
  a +0 short sword
  a +0 ring mail
(-19, 27, Orc:4)
  a +0 hand axe
(-18, 27, Orc:4)
  a +0 whip
  a +0 scale mail
(5, 27, Orc:4)
  a +0 dagger
  a +0 robe
  a +0 great sword
  a +0 plate armour
(-19, 28, Orc:4)
  a +0 morningstar
  a +0 plate armour
(-19, 29, Orc:4)
  a cursed +0 dagger
(-17, 29, Orc:4)
  a cursed +0 dagger
  a +0 robe
(31, 32, Orc:4)
  a +0 morningstar
  7 tomahawks
  a +0 plate armour
(4, 33, Orc:4)
  a +0 battleaxe
  a +0 plate armour
  a +0 short sword
(2, 34, Orc:4)
  a tomahawk
(3, 34, Orc:4)
  a +0 dagger of venom
  a +0 robe
(5, 34, Orc:4)
  a +0 club
  a +0 great sword
  a +0 chain mail
  a +0 long sword
  a +0 plate armour
  a +0 halberd
  a +0 chain mail
(7, 34, Orc:4)
  a +0 dagger of freezing
  a +1 dagger of pain
  a +0 robe
(30, 34, Orc:4)
  a +0 leather armour
(-16, 35, Orc:4)
  a +0 dagger
  a +0 robe
  a +0 club
  a +0 short sword
  a +0 club
(-9, 35, Orc:4)
  a +0 flail
  7 tomahawks
  a +0 plate armour
(2, 35, Orc:4)
  a cursed +0 club
(8, 35, Orc:4)
  a +0 robe
(-16, 36, Orc:4)
  a +0 hand axe
  a +0 plate armour
(6, 37, Orc:4)
  a +0 club
  a +0 ring mail
(7, 37, Orc:4)
  a +0 short sword
(14, 37, Orc:4)
  a +0 whip
(8, 38, Orc:4)
  a +0 dagger
  4 poisoned tomahawks
(6, 39, Orc:4)
  a +0 whip
  a +0 leather armour
(7, 39, Orc:4)
  a +0 club
(8, 39, Orc:4)
  a +0 dagger
  a +0 robe of cold resistance
  a +0 mace
  a +0 ring mail
(-7, 43, Orc:4)
  a +0 short sword
(-6, 43, Orc:4)
  a cursed -1 club
(-5, 43, Orc:4)
  a +0 hand axe
  a +0 ring mail
(6, 43, Orc:4)
  a +0 short sword
  a +0 ring mail
  a +2 dagger of draining
(-7, 44, Orc:4)
  a +0 dagger
  a +0 leather armour
  a +0 mace
  a +0 ring mail
(-5, 44, Orc:4)
  a +1 dagger of venom
  a +0 robe
(5, 44, Orc:4)
  a +1 antimagic morningstar
  a +0 leather armour
(28, 44, Orc:4)
  a +0 war axe
  a +0 chain mail
(30, 44, Orc:4)
  a +0 dagger
(-3, 46, Orc:4)
  a +4 trident of freezing
  a +0 leather armour
(-6, 47, Orc:4)
  a +0 club
(23, 47, Orc:4)
  a +0 dagger
  a +0 robe
(-4, 48, Orc:4)
  a +0 club
(-1, 48, Orc:4)
  a +0 whip
  a cursed +0 ring mail
(1, 48, Orc:4)
  a +1 mace of protection
  a +0 chain mail
(26, 48, Orc:4)
  a +0 hand axe
(26, 49, Orc:4)
  a +0 mace
  a +0 ring mail
(25, 50, Orc:4)
  a +0 club
  4 tomahawks
  a +0 chain mail
(26, 50, Orc:4)
  a +0 leather armour
  a +0 falchion
(24, 51, Orc:4)
  a +0 robe
(25, 51, Orc:4)
  a +0 dagger
  a +0 falchion
  a +0 hand axe
  a +0 ring mail
(26, 51, Orc:4)
  a +0 dagger
(1, 52, Orc:4)
  a +0 dagger
  a +0 robe
(27, 52, Orc:4)
  a +2 halberd of venom
  a +0 chain mail
(-3, 54, Orc:4)
  a +0 hand axe

Level 1 of the Elven Halls
(0, 0, Elf:1)
  a +0 long sword
(-19, 1, Elf:1)
  a +0 short sword
(-27, 3, Elf:1)
  a +0 cutlass
(20, 12, Elf:1)
  a scroll of noise
(12, 13, Elf:1)
  a cursed -3 battleaxe
(-15, 14, Elf:1)
  a +0 short sword
(-14, 14, Elf:1)
  a +0 short sword
(-12, 15, Elf:1)
  a +0 dagger
(-13, 17, Elf:1)
  a +0 scimitar
  a +0 leather armour
(-13, 18, Elf:1)
  a +0 long sword
(-41, 23, Elf:1)
  18 arrows
(-38, 24, Elf:1)
  22 bolts
(-34, 24, Elf:1)
  a +0 scimitar
  a +0 ring mail
(-17, 24, Elf:1)
  a +0 short sword
  a +0 leather armour
(-35, 25, Elf:1)
  a +0 cutlass
  a +0 leather armour
(-33, 25, Elf:1)
  a +0 long sword
(-17, 25, Elf:1)
  a +0 short sword
  a +0 shortbow
  14 arrows of frost
(-14, 25, Elf:1)
  a +0 scimitar
(-34, 26, Elf:1)
  a +0 longbow
  10 arrows
(-15, 26, Elf:1)
  a +0 short sword
  a +0 leather armour
(-14, 28, Elf:1)
  a +0 scimitar
(-16, 29, Elf:1)
  a +0 dagger
  a +0 chain mail
(-13, 34, Elf:1)
  a +0 long sword
  a +0 leather armour
(-19, 36, Elf:1)
  13 stones
(-16, 36, Elf:1)
  14 bolts of penetration
(12, 36, Elf:1)
  a +0 short sword
  a +0 shortbow
  24 arrows
  a +0 scale mail
(-17, 39, Elf:1)
  a +0 long sword
(21, 39, Elf:1)
  a +0 scale mail
(-13, 40, Elf:1)
  a +0 scimitar
  a +2 scale mail of poison resistance
(-16, 41, Elf:1)
  a cursed -1 shortbow
  20 arrows of frost
(-15, 41, Elf:1)
  a +3 long sword of freezing
  a +0 leather armour
(-15, 42, Elf:1)
  a +0 scimitar
  a +0 shortbow
  13 arrows of dispersal
(10, 42, Elf:1)
  a cursed -1 longbow
  a +0 short sword
  16 arrows
(10, 45, Elf:1)
  2 arrows
  a +0 scimitar
  a +0 short sword
  a +0 ring mail
(10, 46, Elf:1)
  a +0 short sword
  a +0 scale mail
  an arrow
(-12, 51, Elf:1)
  2 tomahawks

Level 2 of the Elven Halls
(0, 0, Elf:2)
  a +0 scale mail
(6, 8, Elf:2)
  a +0 long sword
  an elf skeleton
(20, 12, Elf:2)
  6 gold pieces
(15, 13, Elf:2)
  a +0 long sword
  (unseen)
(8, 14, Elf:2)
  a +0 glaive
  a +0 chain mail
  a +0 hand axe
  a +0 flail
  an orc corpse
(16, 14, Elf:2)
  a cursed -3 flail
(17, 14, Elf:2)
  a scroll of fear
(24, 14, Elf:2)
  a +0 dagger
  (unseen)
(8, 15, Elf:2)
  a +0 hand axe (still there?)
  a +0 falchion (still there?)
(22, 15, Elf:2)
  a +0 glaive
  a +0 chain mail
  an orc corpse
(1, 16, Elf:2)
  24 stones
(18, 19, Elf:2)
  a +0 dagger
  (unseen)

Level 1 of the Lair of Beasts
(0, 0, Lair:1)
  a +0 flail
(25, 2, Lair:1)
  a bread ration
(-9, 14, Lair:1)
  2 large rocks
(43, 24, Lair:1)
  a book of Spatial Translocations
(-10, 37, Lair:1)
  a meat ration
(-10, 43, Lair:1)
  a +0 cutlass
(19, 44, Lair:1)
  a +0 hunting sling
(15, 46, Lair:1)
  17 stones
(42, 47, Lair:1)
  a +0 great sword
(38, 48, Lair:1)
  a +0 robe

Level 2 of the Lair of Beasts
(0, 0, Lair:2)
  33 bolts
(-53, 4, Lair:2)
  a wand of digging (11)
  a wand of digging (9)
  a +1 cutlass of venom
  a +3 dagger of speed
  a +3 leather armour of fire resistance
  a potion of brilliance
  a -1 lightning rod (14/14)
  a book of the Sky
  a scroll of amnesia
  a book of the Earth
  an uncursed amulet of stasis
  a book of Spatial Translocations
(-19, 12, Lair:2)
  a +0 ring mail
(-10, 20, Lair:2)
  a meat ration
(-3, 27, Lair:2)
  a cursed -2 great mace
(-15, 47, Lair:2)
  33 stones
(-20, 55, Lair:2)
  a +0 ring mail

Level 3 of the Lair of Beasts
(0, 0, Lair:3)
  a +0 ring mail
(-43, 14, Lair:3)
  a beef jerky
(-27, 21, Lair:3)
  a fan of gales
(-14, 22, Lair:3)
  a bread ration
(0, 41, Lair:3)
  a +0 halberd
  4 throwing nets
  a +0 ring mail
(-55, 47, Lair:3)
  a +0 ring mail
(-34, 49, Lair:3)
  a +1 arbalest of flaming
(-21, 53, Lair:3)
  a meat ration

Level 4 of the Lair of Beasts
(0, 0, Lair:4)
  13 arrows
(-18, 9, Lair:4)
  21 stones
(-3, 12, Lair:4)
  a beef jerky
(6, 18, Lair:4)
  a +0 club
(-30, 20, Lair:4)
  a +0 scale mail
(27, 24, Lair:4)
  a +0 cutlass
(-5, 26, Lair:4)
  a +0 long sword
(-25, 33, Lair:4)
  a scroll of immolation
(-3, 44, Lair:4)
  13 stones

Level 5 of the Lair of Beasts
(0, 0, Lair:5)
  a scroll of immolation
(-41, 1, Lair:5)
  a +0 cloak
(-1, 3, Lair:5)
  a bread ration
(-46, 7, Lair:5)
  an uncursed ring of see invisible
(-2, 7, Lair:5)
  a +0 cloak
(-20, 8, Lair:5)
  the +2 chain mail of Focus {Dex+1 Int+4}
    It affects your intelligence (+4).
    It affects your dexterity (+1).
(-38, 10, Lair:5)
  a cursed -3 scimitar
(-49, 12, Lair:5)
  15 stones
(-18, 17, Lair:5)
  a slice of pizza
(2, 23, Lair:5)
  a +0 ring mail
(-17, 24, Lair:5)
  19 sling bullets
(-22, 26, Lair:5)
  16 stones
(-25, 29, Lair:5)
  a scroll of random uselessness
(-41, 34, Lair:5)
  a +0 plate armour
(-7, 53, Lair:5)
  20 arrows of frost

Level 6 of the Lair of Beasts
(0, 0, Lair:6)
  a +2 pair of boots
(14, 1, Lair:6)
  a +0 shortbow
(-22, 7, Lair:6)
  a slice of pizza
(-22, 9, Lair:6)
  20 stones
(1, 15, Lair:6)
  a scroll of random uselessness
(2, 15, Lair:6)
  a +0 flail
(-26, 21, Lair:6)
  19 stones
(-51, 26, Lair:6)
  3 fruits
(-24, 27, Lair:6)
  4 fruits
(-52, 32, Lair:6)
  a potion of lignification
(-24, 33, Lair:6)
  a fruit
(-8, 34, Lair:6)
  23 sling bullets
(-21, 39, Lair:6)
  a +0 centaur barding
(-39, 43, Lair:6)
  a meat ration
(3, 45, Lair:6)
  19 stones

Level 7 of the Lair of Beasts
(0, 0, Lair:7)
  a potion of poison
(22, 4, Lair:7)
  16 arrows
  a +0 shortbow
(11, 5, Lair:7)
  a +2 shortbow of flaming
(18, 7, Lair:7)
  28 stones
(22, 7, Lair:7)
  a +0 robe
  a cursed -2 quarterstaff
(32, 8, Lair:7)
  a scroll of noise
(25, 9, Lair:7)
  an arrow
(23, 10, Lair:7)
  2 arrows
(23, 13, Lair:7)
  an arrow
(24, 14, Lair:7)
  an arrow
(-18, 15, Lair:7)
  a +0 cutlass
(25, 15, Lair:7)
  a +2 centaur barding of stealth
  15 arrows
  a +0 shortbow
(27, 15, Lair:7)
  3 arrows
(16, 16, Lair:7)
  a +0 shortbow of evasion
(9, 19, Lair:7)
  a wand of fireball (4)
(10, 21, Lair:7)
  14 stones
(-19, 23, Lair:7)
  a +3 scimitar
(12, 23, Lair:7)
  16 steel sling bullets
(-11, 24, Lair:7)
  a slice of pizza
(27, 31, Lair:7)
  21 stones
(16, 34, Lair:7)
  a +1 spear of piercing
(16, 45, Lair:7)
  23 stones
(7, 46, Lair:7)
  a +0 leather armour

Level 8 of the Lair of Beasts
(-18, 4, Lair:8)
  a +0 flail
(-13, 4, Lair:8)
  23 stones
(-12, 10, Lair:8)
  a +0 demon whip
(-4, 12, Lair:8)
  6 javelins
(-33, 15, Lair:8)
  a scroll of teleportation
(-31, 24, Lair:8)
  25 arrows
(-30, 29, Lair:8)
  19 poisoned arrows
(-24, 40, Lair:8)
  a scroll of fear
(-49, 42, Lair:8)
  a +0 cutlass
  a +0 robe
(-50, 43, Lair:8)
  a cursed -2 short sword
(-22, 45, Lair:8)
  28 bolts
(-26, 47, Lair:8)
  25 stones
(-16, 47, Lair:8)
  a +0 flail
(-54, 51, Lair:8)
  6 exploding sling bullets
  (unseen)

Level 1 of the Pits of Slime

