Sanguine

Level 1 of the Dungeon
(0, 0, D:1)
  a +0 club
(-43, 1, D:1)
  a +0 dagger
(-24, 1, D:1)
  a +0 club
(-46, 4, D:1)
  a +0 dagger
(-24, 5, D:1)
  31 stones
(-18, 5, D:1)
  a +0 club
(7, 6, D:1)
  a +0 club
(-32, 7, D:1)
  a +0 ring mail
(-4, 9, D:1)
  a cursed -2 club
(-46, 13, D:1)
  a +0 club
(-40, 15, D:1)
  a cursed -2 club
(-5, 19, D:1)
  a stone
(6, 25, D:1)
  a stone
(7, 26, D:1)
  a stone
(-19, 37, D:1)
  a +0 leather armour
(4, 45, D:1)
  a cursed -1 club
(-17, 54, D:1)
  a +0 halberd
(-15, 54, D:1)
  a +0 whip

Level 2 of the Dungeon
(0, 0, D:2)
  a +0 club
(20, 0, D:2)
  14 sling bullets
(-11, 4, D:2)
  17 arrows
(17, 4, D:2)
  a +0 short sword
(-6, 7, D:2)
  a +0 shield
(35, 12, D:2)
  a +0 whip
(34, 13, D:2)
  a +0 short sword
(13, 16, D:2)
  20 stones
(-8, 17, D:2)
  a +0 dagger
(-11, 32, D:2)
  19 stones
(-11, 36, D:2)
  15 stones

Level 3 of the Dungeon
(0, 0, D:3)
  a +0 club
  a +0 whip
(-2, 4, D:3)
  10 bolts
(21, 4, D:3)
  a +0 short sword
(-9, 6, D:3)
  a +0 dagger
  a stone
(-9, 7, D:3)
  a +0 short sword
(-9, 8, D:3)
  a stone
(-6, 16, D:3)
  21 stones
(24, 18, D:3)
  a +0 hunting sling
(13, 23, D:3)
  a +0 club
(-7, 27, D:3)
  a +0 robe
(30, 29, D:3)
  a +0 club
(19, 31, D:3)
  a +0 dagger
(-9, 37, D:3)
  a +0 club
(4, 37, D:3)
  a +2 antimagic short sword
(6, 39, D:3)
  a +0 robe
(18, 40, D:3)
  a +0 dagger
(17, 46, D:3)
  a +0 falchion
  a +0 ring mail

Level 4 of the Dungeon
[Shop] Mimadejoi's Antique Armour Shoppe
  a cursed +0 plate armour (483 gold)
  a +6 plate armour of ponderousness (483 gold)
  a +0 leather armour (42 gold)
  a +0 robe (14 gold)
  a +0 scale mail (84 gold)
  a +0 leather armour (42 gold)
  a +0 robe (14 gold)
  a +3 leather armour of fire resistance (42 gold)
  the cursed -8 scale mail of the King of the Hill {Str+5 Int+3} (189 gold)
    It affects your strength (+5).
    It affects your intelligence (+3).
    It has a curse placed upon it.
  a +2 plate armour of magic resistance (483 gold)
(0, 0, D:4)
  a +0 club
(4, 2, D:4)
  a +0 ring mail
(14, 8, D:4)
  a +0 ring mail

