        ###                                               
        #.#                      ##                       
 ###    #.#  #####      ###      .#                       
##.######.####.Y.##     #.#     #.                        
#.#...##..##..###.##   ##.###   .#                        
#####......Y...###.#####..l.####.#                        
   #...###......##..##...###....##                        
  #..### ####....##....### ###...#                        
 #.##       #######...##    #..#....#                     
 ##               #####     #..# .....                    
                            #..#  ....#                   
                            #..#   ...##                  
                            #..#   ....l.                 
                       ######.l##  .......                
                      ........s.## .......                
                       #######...##.......                
                             ##...#....#                  
                              ##.....##                   
                  ##.        ##.......#                   
                  #..       ##...#....#                   
                  #..      ##.s.##......#                 
                 ##.##    ##...##.Y......##               
                  ...######..s###.?.#.......              
                ###...........##...##........             
                #.....######...#...##......#              
                #......#   ##..s..##.......#              
               ##......##   ##.....#....Y..###            
               #...#....##   #..#s..Y....[.....           
               #...###...#   #..#..............           
               #....###..## ##.................           
              #.#.%.###...###...........####..            
              #####..##....)#....>......##                
                  ##.##..................#                
                   #%.#...#.......###....#                
                   ##...###......## ##....#               
                    #.#####......##  #.....               
                   #..#  #..##....#  #.(..                
                   ####  #.#####..#  .....                
                        #..  #....##....>..               
                        ##. #.^#..s......#                
                         ## #.##...........               
                            #.#....####...                
                            . #.....     .                
                           .  #.<....                     
                              ....##.   ...               
                             ....## #.....#               
                              ..#   ... ..##  ##.         
                                  ##..  #..###...         
                           ..    ##..#  #...#..#          
                           #..   #...   #.....#           
                           #...###..#  ##....#            
                          ##........####.....#            
                          .......(..Wb..K....##           
                          ....####...#....##..#       .#  
                                 #..###..####.#      .... 
                                 #..# #..#  #W##    #..K. 
                                #...# #..#  #..#####.K.#  
                               .....###..#  ##..((.....#  
                               ###.......#  ##.........##.
                                 #...#...## #...((........
                                 ##..###...##(.(.........#
                                   .    #.....(....###..# 
                                        ###..#######   .# 
                                        ##....#           
                                        #.###.#           
                                        ###  #..          
                                              ...         
                                              ####        
