                          .                  
                       #.#.                  
                       ....                  
                       #...                  
        #.#             ...                  
        #..              ..                  
        #.#     ##       #.## ###            
        #..     .#       #..# #..            
        #.#     .#  #     #.###.#            
        #.#     .######   #..##.#            
 ########.#     ......#   ##.##.#            
........#.######......#    #..#.#            
    #.#.........#   #.#    ##.#.#            
    #.###.#####.#   #.#     #.#.#            
    #.##...####.#####.#######.#.#            
    #..........................^###          
    ##.#...######.####...........[#          
     #..###.##  #.#  #########.##.#          
     #..####.## #.#          #.##.#          
    #.#..# ##.# #.#          #.##.#          
    #.##.####.###.#####      #.##.#          
    #.##.##...........#      #..#.#          
  ..#.........###.###.#########.#.#          
  #.....#.#.#.# #.# #........##...#          
  #.##..._..#.# #.# ########.###..#          
..#.##.##.#.#.###.####     #.# #..#####      
.>...................#     #.# #......#      
......$.oo..#######..#######.###.####.###.#.#
.########S#o.#  #.#.........................#
        #§##.#  #P#..######..###.####.###.#.#
        #o# .####.#..######.## #.#  #.#      
        #.# .#.P.b#..##.....####.####.#      
        #.##.######...#.##............#      
        #.##..........#.###.###...#####      
        #.##.#.#.###..#.# #.# #.#.#          
        #.##.#.#.###..#.# #.# #.#.#  ####    
        #.........###.#.###.###.#.# ...bP    
        ###  #..................#.#######.   
             ###<...........#####.......#.   
           #....#####.#######   #########P   
         ?......   ....#           ......    
         #######  ..##...           #####    
                 ###  ##..                   
                        ##                   
