Asterion

Level 1 of the Dungeon
(-15, 4, D:1)
  20 stones
(-16, 5, D:1)
  a +0 leather armour
(-59, 7, D:1)
  a +0 mace
(-62, 8, D:1)
  5 curare-tipped needles
(-37, 8, D:1)
  a +2 dagger of venom
(-6, 9, D:1)
  a +0 club
(-45, 13, D:1)
  a +0 club
(-44, 18, D:1)
  a +0 robe
(-41, 18, D:1)
  a +0 hunting sling
(-9, 18, D:1)
  a +0 dagger
(-54, 20, D:1)
  23 stones
(-12, 22, D:1)
  a +0 dagger
(-42, 29, D:1)
  a +0 dagger
(-55, 39, D:1)
  a +0 dagger

Level 2 of the Dungeon
(0, 0, D:2)
  29 stones
(9, 6, D:2)
  a +0 club
(8, 7, D:2)
  a +0 dagger
(26, 7, D:2)
  a +0 club
(10, 8, D:2)
  a +0 dagger
(-3, 10, D:2)
  a +0 robe
(-1, 12, D:2)
  a +0 club
(-4, 15, D:2)
  a +0 club
(-14, 16, D:2)
  18 bolts
(-5, 16, D:2)
  23 bolts
(26, 21, D:2)
  17 stones
(-17, 27, D:2)
  22 stones
(8, 29, D:2)
  a +0 flail
(11, 29, D:2)
  a stone
(4, 33, D:2)
  11 bolts
(5, 34, D:2)
  a stone
(6, 36, D:2)
  17 sling bullets
(-6, 42, D:2)
  a +2 quarterstaff of chaos
(-17, 44, D:2)
  a +0 scythe
  a +0 robe
(1, 45, D:2)
  a +0 hammer
(8, 45, D:2)
  a +0 animal skin
  a +0 club

Level 3 of the Dungeon
(0, 0, D:3)
  a +0 dagger
(4, 9, D:3)
  a +0 ring mail
(15, 14, D:3)
  a +0 club
(-3, 17, D:3)
  a +0 quarterstaff
(28, 33, D:3)
  a +0 mace
(29, 34, D:3)
  a +0 club
(15, 36, D:3)
  a +0 club
(19, 38, D:3)
  19 poisoned needles
(-25, 41, D:3)
  a +0 short sword
(17, 41, D:3)
  24 stones
(9, 48, D:3)
  a +0 short sword

Level 4 of the Dungeon
(0, 0, D:4)
  a +0 chain mail
(-56, 8, D:4)
  a +0 mace
(-41, 9, D:4)
  a +0 hand axe
(-11, 10, D:4)
  a +0 giant spiked club
(-55, 14, D:4)
  a +0 club
(-8, 17, D:4)
  a +0 club
(-49, 24, D:4)
  a +0 dagger
  a +0 hunting sling
  24 stones
(-16, 24, D:4)
  3 stones
(-49, 28, D:4)
  2 stones
(-48, 29, D:4)
  a stone
(-17, 30, D:4)
  a stone
(-5, 31, D:4)
  25 arrows
(-53, 36, D:4)
  a +0 whip
(-13, 36, D:4)
  a +0 mace
(-51, 38, D:4)
  a stone
(-47, 44, D:4)
  a +0 leather armour

Level 5 of the Dungeon
(0, 0, D:5)
  a +0 shortbow
  16 arrows
  a +0 robe
(10, 0, D:5)
  12 arrows
(1, 1, D:5)
  21 stones
(8, 2, D:5)
  an uncursed ring of stealth
(4, 3, D:5)
  19 stones
(11, 8, D:5)
  a +0 dagger
(13, 8, D:5)
  a +0 dagger
(-13, 9, D:5)
  a +0 ring mail
(-17, 12, D:5)
  a cursed -1 dagger
(11, 14, D:5)
  14 sling bullets
(19, 17, D:5)
  a +0 robe
(25, 19, D:5)
  a cursed -2 giant club
(26, 19, D:5)
  a cursed -2 shortbow
  25 arrows
(7, 20, D:5)
  18 stones
(29, 20, D:5)
  a +0 mace
(-9, 26, D:5)
  a scroll of noise
(32, 27, D:5)
  a +1 centaur barding of fire resistance

Level 6 of the Dungeon
(0, 0, D:6)
  15 bolts of penetration
(13, 5, D:6)
  a +0 club
  a +0 shortbow
  an arrow of frost
(14, 5, D:6)
  a +0 short sword
(36, 6, D:6)
  a +0 dagger
(13, 9, D:6)
  an arrow of frost
(13, 11, D:6)
  an arrow of frost
(26, 11, D:6)
  a +0 flail
  a +0 club
(28, 11, D:6)
  a cursed -3 spear
(13, 12, D:6)
  2 arrows of frost
(11, 13, D:6)
  a +0 leather armour
  a +0 dagger
  a +0 robe
(13, 13, D:6)
  an arrow of frost
(33, 13, D:6)
  24 stones
(33, 15, D:6)
  20 stones
(15, 20, D:6)
  a +2 dagger of speed
(-14, 34, D:6)
  a +0 club
(18, 34, D:6)
  8 sling bullets
(1, 40, D:6)
  13 arrows
(5, 50, D:6)
  a +0 quarterstaff

Level 7 of the Dungeon
(0, 0, D:7)
  a cursed +1 spear
  a +0 robe
(-1, 1, D:7)
  a +3 falchion
  a +0 robe
(37, 7, D:7)
  a +0 whip
(38, 8, D:7)
  a +0 whip
(27, 10, D:7)
  a +0 mace
(15, 12, D:7)
  a cursed +1 mace
  a +0 robe
(43, 19, D:7)
  a cursed +0 ring mail
(37, 31, D:7)
  22 arrows
(54, 35, D:7)
  20 stones
(12, 39, D:7)
  a +0 ring mail
(28, 51, D:7)
  a +0 pair of gloves

Level 8 of the Dungeon
(-8, 4, D:8)
  a +0 whip
(5, 8, D:8)
  a +0 club
(26, 8, D:8)
  a +0 whip
(27, 8, D:8)
  3 stones
(-32, 9, D:8)
  a +0 broad axe
(27, 9, D:8)
  a stone
(28, 9, D:8)
  a +0 dagger
(28, 10, D:8)
  2 stones
(29, 13, D:8)
  a stone
(-30, 14, D:8)
  a +0 whip
(-3, 14, D:8)
  a -2 ring of dexterity
(24, 16, D:8)
  a +0 war axe
(-7, 21, D:8)
  a +0 flail
(-14, 27, D:8)
  a +0 spear
(21, 27, D:8)
  a +4 dagger of chaos
  a +2 robe of fire resistance
(-24, 41, D:8)
  a +0 falchion
  a +0 chain mail
(-23, 43, D:8)
  26 arrows

Level 9 of the Dungeon
(0, 0, D:9)
  a +0 dagger
  a +0 ring mail
(11, 0, D:9)
  a stone
(13, 1, D:9)
  4 stones
(13, 2, D:9)
  a +0 club
(40, 10, D:9)
  a +0 short sword
(5, 29, D:9)
  a +0 leather armour
(-9, 30, D:9)
  a +0 shortbow
  8 poisoned arrows
(29, 31, D:9)
  17 stones
(15, 33, D:9)
  a +0 club
  a +0 leather armour
(15, 34, D:9)
  a +0 dagger
  a +0 robe
  a +0 leather armour
(15, 35, D:9)
  a tomahawk
(21, 35, D:9)
  a +0 giant club
(-7, 37, D:9)
  a +0 short sword
(-10, 39, D:9)
  a +0 whip
  2 tomahawks
  a +0 ring mail
(15, 39, D:9)
  a tomahawk
(-10, 40, D:9)
  a +0 hand axe
(15, 40, D:9)
  a tomahawk
(51, 40, D:9)
  a +0 blowgun
(-9, 41, D:9)
  a +0 dagger
  a +0 robe
(-8, 41, D:9)
  a tomahawk
(50, 42, D:9)
  a +0 robe
(23, 43, D:9)
  3 arrows
(24, 43, D:9)
  an arrow
(21, 46, D:9)
  an arrow
(20, 47, D:9)
  2 arrows
(51, 48, D:9)
  a +0 robe
(19, 49, D:9)
  a +0 shortbow
  12 arrows
(27, 55, D:9)
  a cursed -1 club

Level 10 of the Dungeon
[Shop] Cuhio's Jewellery Emporium
  an uncursed ring of sustain abilities (227 gold)
  an uncursed ring of protection from magic (325 gold)
  a cursed ring of teleportation (188 gold)
  an uncursed amulet of stasis (227 gold)
  the ring "Galirhiq" {Ice Str+4 Dex+3 Int+1} (634 gold)
    [ring of ice]
    
    It enhances your ice magic, and weakens your fire magic.
    It affects your strength (+4).
    It affects your intelligence (+1).
    It affects your dexterity (+3).
    It makes you vulnerable to fire.
    It protects you from cold.
  an uncursed ring of regeneration (390 gold)
  the ring "Ifruehin" {rF+ Str+3 Dex+3} (579 gold)
    [ring of protection from fire]
    
    It affects your strength (+3).
    It affects your dexterity (+3).
    It protects you from fire.
  an uncursed ring of protection from fire (325 gold)
[Shop] Grenaj's Jewellery Boutique
  an uncursed ring of stealth (227 gold)
  an uncursed amulet of resist mutation (520 gold)
  the amulet of the Morning {Clar Dex-1 Int-3} (260 gold)
    [amulet of clarity]
    
    It provides mental clarity.
    It affects your intelligence (-3).
    It affects your dexterity (-1).
  an uncursed ring of sustain abilities (227 gold)
  an uncursed amulet of warding (195 gold)
  an uncursed ring of ice (325 gold)
  an uncursed amulet of the gourmand (390 gold)
  the ring of Mirth {Fire +Inv rPois rN+ SInv} (670 gold)
    [ring of fire]
    
    It enhances your fire magic, and weakens your ice magic.
    It protects you from fire.
    It makes you vulnerable to cold.
    It protects you from poison.
    It protects you from negative energy.
    It enhances your eyesight.
    It lets you turn invisible.
  an uncursed amulet of guardian spirit (390 gold)
  an uncursed amulet of clarity (260 gold)
  an uncursed amulet of resist corrosion (260 gold)
  a +5 ring of intelligence (535 gold)
  an uncursed ring of fire (325 gold)
  an uncursed ring of poison resistance (260 gold)
[Shop] Caukh's Food Shop
  a bread ration (50 gold)
  5 fruits (75 gold)
  a bread ration (50 gold)
  a meat ration (50 gold)
  a royal jelly (20 gold)
  a slice of pizza (15 gold)
  2 fruits (30 gold)
  a meat ration (50 gold)
  a bread ration (50 gold)
  a beef jerky (15 gold)
  a bread ration (50 gold)
[Shop] Yfaafis' Armour Shop
  the +3 salamander hide armour {+Rage rF++} (585 gold)
    It greatly protects you from fire.
    It lets you go berserk.
  a +0 leather armour (26 gold)
  a +0 plate armour (299 gold)
  the +2 pair of gloves "Sydd" {rElec rPois rC++ Slay+4} (871 gold)
    It affects your accuracy and damage with ranged weapons and melee attacks
    (+4).
    It greatly protects you from cold.
    It insulates you from electricity.
    It protects you from poison.
  a +0 crystal plate armour (1040 gold)
  the cursed -2 shield of Morality {rF+ Slay+4} (289 gold)
    It affects your accuracy and damage with ranged weapons and melee attacks
    (+4).
    It protects you from fire.
    It has a curse placed upon it.
  a +0 pair of boots (58 gold)
  a +2 chain mail of cold resistance (279 gold)
  a +0 ring mail (52 gold)
  a +0 leather armour (26 gold)
(0, 0, D:10)
  a +0 giant club
  a +0 dire flail
(-15, 3, D:10)
  18 stones
(23, 5, D:10)
  a +0 giant club
(-9, 11, D:10)
  2 curare-tipped needles
(37, 12, D:10)
  9 stones
(-7, 13, D:10)
  2 curare-tipped needles
(8, 17, D:10)
  a +0 pair of boots
(-4, 20, D:10)
  a +0 mace
(1, 20, D:10)
  a cursed -3 hand axe
(-4, 21, D:10)
  a +0 scale mail
(9, 24, D:10)
  a +2 leather armour of fire resistance
(32, 25, D:10)
  19 bolts
(5, 26, D:10)
  a +0 giant spiked club
(3, 34, D:10)
  a curare-tipped needle
(-1, 37, D:10)
  a curare-tipped needle
(0, 37, D:10)
  a curare-tipped needle
(5, 38, D:10)
  a curare-tipped needle
(-17, 39, D:10)
  a +0 demon trident of venom
(-13, 40, D:10)
  a +0 giant club
(-1, 40, D:10)
  a +0 hand axe
  a +0 robe
(-11, 41, D:10)
  a +0 ring mail
(5, 41, D:10)
  a +0 blowgun
  a +0 dagger of distortion
(5, 44, D:10)
  19 arrows of frost

Level 11 of the Dungeon
(0, 0, D:11)
  an ugly thing skeleton
(21, 0, D:11)
  18 arrows
(16, 1, D:11)
  21 bolts
(-11, 2, D:11)
  a throwing net
(16, 4, D:11)
  a large rock
(17, 6, D:11)
  a large rock
(19, 9, D:11)
  3 large rocks
(24, 13, D:11)
  32 stones
(19, 19, D:11)
  a +0 giant club
(21, 20, D:11)
  a +0 short sword
  (unseen)
(-13, 34, D:11)
  a +0 hand axe
  a +0 robe
(-14, 35, D:11)
  a +1 battleaxe of freezing
  2 tomahawks
  a cursed +0 chain mail
(-12, 36, D:11)
  a tomahawk
(-11, 36, D:11)
  a cursed -2 long sword
  a +0 robe
(-10, 36, D:11)
  a cursed +0 flail
  a +0 robe
(-11, 37, D:11)
  4 tomahawks
(-9, 41, D:11)
  a +0 hand axe
  a +0 chain mail
  a +0 flail
  a +0 falchion
  a +0 ring mail
  a +0 mace
  a +0 dagger
  a cursed +0 mace
  a +0 ring mail
  a +0 falchion
  a +0 ring mail
  a +0 flail
(-8, 41, D:11)
  3 tomahawks
(-7, 41, D:11)
  a +0 leather armour
  a +0 trident
(-9, 42, D:11)
  a +0 leather armour
  a +0 giant club
  a +0 falchion
  a cursed +0 scale mail
  a +0 battleaxe
  a +0 plate armour
(-8, 42, D:11)
  a +0 hand axe
  a +0 dagger
  a +0 mace
  a +0 chain mail
(-7, 42, D:11)
  a +0 leather armour
(-8, 43, D:11)
  a +0 glaive
  a +0 chain mail

