Asterion

Level 1 of the Dungeon
(0, 0, D:1)
  a +0 animal skin
(-31, 3, D:1)
  17 arrows
(-12, 7, D:1)
  a +0 club
(0, 8, D:1)
  a +0 whip
(2, 8, D:1)
  a +0 club
(-29, 9, D:1)
  23 sling bullets
(-29, 18, D:1)
  a +0 scale mail
(-27, 26, D:1)
  a +0 short sword
(14, 26, D:1)
  27 arrows
(-10, 27, D:1)
  a +0 club
(-10, 29, D:1)
  a +0 dagger
(-29, 30, D:1)
  a stone
(-28, 30, D:1)
  a stone
(-29, 31, D:1)
  a stone
(16, 33, D:1)
  a +0 mace

Level 2 of the Dungeon
(0, 0, D:2)
  a +0 dagger
(32, 7, D:2)
  a +1 dagger of distortion
(32, 10, D:2)
  a stone
(31, 12, D:2)
  a stone
(32, 12, D:2)
  2 stones
(18, 17, D:2)
  a +3 quarterstaff of chaos
(-20, 18, D:2)
  11 sling bullets
(21, 18, D:2)
  a +0 hammer
(-18, 21, D:2)
  15 stones
(4, 25, D:2)
  9 stones
(9, 31, D:2)
  a +0 flail
(11, 31, D:2)
  a +0 whip
  a +0 whip
(11, 32, D:2)
  a +0 whip
(-6, 33, D:2)
  a stone
(11, 33, D:2)
  a +0 whip
(-9, 38, D:2)
  a stone
(-9, 39, D:2)
  an uncursed amulet of inaccuracy
  a cursed -3 club
(-7, 39, D:2)
  a cursed -3 mace
(-10, 40, D:2)
  a +0 dagger
  2 stones
(10, 42, D:2)
  18 stones

Level 3 of the Dungeon
(0, 0, D:3)
  a +0 short sword
(6, 1, D:3)
  a +0 ring mail
  an orc corpse (rotten by now)
(-44, 2, D:3)
  a +0 club
(3, 2, D:3)
  a +0 whip
(-4, 9, D:3)
  a +0 scale mail
  a +0 hand axe
(-32, 14, D:3)
  a +0 club
(-45, 24, D:3)
  a +0 club
(-38, 24, D:3)
  21 stones
(2, 26, D:3)
  a +0 club
(-37, 27, D:3)
  a +0 club
(-37, 28, D:3)
  a +0 dagger
(-10, 28, D:3)
  a +0 robe
(-20, 30, D:3)
  a +0 short sword
(-22, 32, D:3)
  a +0 short sword
(-30, 37, D:3)
  a +0 hand axe
(-60, 40, D:3)
  a +0 robe

Level 4 of the Dungeon
(0, 0, D:4)
  a +0 robe
(12, 2, D:4)
  a +0 mace
  a +0 ring mail
(13, 2, D:4)
  a +0 dagger
  a +0 robe
(13, 3, D:4)
  a +0 mace
  2 silver tomahawks
  a ball python corpse
  an orc corpse
(13, 4, D:4)
  a +0 club
(13, 5, D:4)
  a silver tomahawk
(15, 13, D:4)
  19 poisoned needles
(12, 20, D:4)
  a +0 dagger
(-10, 27, D:4)
  an uncursed staff of wizardry

