Iskenderun

Level 1 of the Dungeon
(0, 0, D:1)
  a +0 dagger
  3 stones
(39, 2, D:1)
  a +0 dagger
(10, 4, D:1)
  13 stones
(14, 4, D:1)
  a +0 dagger
(53, 14, D:1)
  a +0 dagger
  2 stones
  a kobold corpse (skeletalised by now)
(10, 15, D:1)
  9 poisoned needles
(50, 22, D:1)
  a +1 whip of flaming
(52, 22, D:1)
  a stone
(33, 23, D:1)
  a +0 whip
(42, 23, D:1)
  a rat corpse (skeletalised by now)
(49, 25, D:1)
  a jackal corpse (skeletalised by now)
(21, 29, D:1)
  26 bolts
(-1, 33, D:1)
  a +0 ring mail
(-1, 36, D:1)
  a +0 short sword
(7, 36, D:1)
  a stone
(-1, 37, D:1)
  2 stones
  a kobold corpse (skeletalised by now)
(34, 37, D:1)
  14 bolts
(37, 37, D:1)
  a bat corpse (skeletalised by now)
(-1, 38, D:1)
  a cursed +0 chain mail
(10, 47, D:1)
  a +0 club

Level 2 of the Dungeon
(0, 0, D:2)
  a cursed +0 leather armour
(7, 6, D:2)
  a +0 club
  4 stones
(-1, 8, D:2)
  a +0 club
(16, 9, D:2)
  a +0 robe
(11, 10, D:2)
  a +0 robe
(-19, 11, D:2)
  a rat corpse
(-7, 15, D:2)
  16 arrows
(15, 15, D:2)
  9 arrows of frost
(27, 19, D:2)
  a +0 hunting sling
(18, 20, D:2)
  a giant gecko corpse
(22, 24, D:2)
  a rat corpse
(-4, 28, D:2)
  a hobgoblin corpse
(7, 31, D:2)
  a +0 club
  a hobgoblin corpse (rotten by now)
(-21, 35, D:2)
  an adder corpse
(-24, 37, D:2)
  a +0 leather armour

